 nfsw

 Preferred load address is 00400000

 Start         Length     Name                   Class
 0001:00401000 000cb600h .text                   CODE
 0002:004cd000 0001b200h .data                   DATA
 0003:004e9000 0004f400h .bss                    BSS


Detailed map of segments

 0001:00000000 000cb600 C=CODE     S=BEGTEXT  G=(none)   M=nfsw   ACBP=A9
 0002:00000000 0001b200 C=DATA     S=DGROUP   G=DGROUP   M=nfsw   ACBP=A9
 0003:00000000 0004f400 C=BSS      S=.bss     G=DGROUP   M=nfsw   ACBP=A9


  Address        Publics by Name

// GLOBAL: 0001:00000003 ___begtext 00401003 (code) (module index = 309)
// GLOBAL: 0001:000000e0 AI_GetBestLane_ 004010e0 (code) (module index = 0)
// GLOBAL: 0001:00000131 AI_GetMaxTrafficOnTrack_ 00401131 (code) (module index = 0)
// GLOBAL: 0001:0000016e AI_GetLifeTimerValue_ 0040116e (code) (module index = 0)
// GLOBAL: 0001:000001ab AI_GetOneWay_ 004011ab (code) (module index = 0)
// GLOBAL: 0001:0000020b AI_GetDriveSide_ 0040120b (code) (module index = 0)
// GLOBAL: 0001:00000248 AI_ProcessBarrierCollision_ 00401248 (code) (module index = 0)
// GLOBAL: 0001:000002af AI_ProcessCollision_ 004012af (code) (module index = 0)
// GLOBAL: 0001:000003e8 AI_PickNewLane_ 004013e8 (code) (module index = 0)
// GLOBAL: 0001:00000582 AI_CalcLaneSlack_ 00401582 (code) (module index = 0)
// GLOBAL: 0001:0000061b AI_IsItTimeToStopYet_ 0040161b (code) (module index = 0)
// GLOBAL: 0001:00000669 AI_ParallelDistance_ 00401669 (code) (module index = 0)
// GLOBAL: 0001:000006fc AI_SliceDistance_ 004016fc (code) (module index = 0)
// GLOBAL: 0001:00000772 AI_IsDriveableLane_ 00401772 (code) (module index = 0)
// GLOBAL: 0001:000007ee AI_GetProfileMask_ 004017ee (code) (module index = 0)
// GLOBAL: 0001:0000084d AI_IsDriveableLane_UsingMask_ 0040184d (code) (module index = 0)
// GLOBAL: 0001:00000887 AI_LaneIndex_ 00401887 (code) (module index = 0)
// GLOBAL: 0001:0000096f AI_PutCarOnShoulder_ 0040196f (code) (module index = 0)
// GLOBAL: 0001:00000a6e AI_IsNonStandardCarFile_ 00401a6e (code) (module index = 0)
// GLOBAL: 0001:00000abc AI_FigureOutPersonalityGameType_ 00401abc (code) (module index = 0)
// GLOBAL: 0001:00000b25 AI_LoadGlueFactor_ 00401b25 (code) (module index = 0)
// GLOBAL: 0001:00000d31 AI_LoadPhysicsConfig_ 00401d31 (code) (module index = 0)
// GLOBAL: 0001:00000ebd AI_LoadAIConfig_ 00401ebd (code) (module index = 0)
// GLOBAL: 0001:00000f7b AI_LoadConfigs_ 00401f7b (code) (module index = 0)
// GLOBAL: 0001:00000fde AI_RestartAICar_ 00401fde (code) (module index = 0)
// GLOBAL: 0001:00001169 AI_InitAICar_ 00402169 (code) (module index = 0)
// GLOBAL: 0001:0000141b AI_CleanUp1_ 0040241b (code) (module index = 0)
// GLOBAL: 0001:00001430 AI_CleanUp2_ 00402430 (code) (module index = 0)
// GLOBAL: 0001:00001454 AI_StartUp1_ 00402454 (code) (module index = 0)
// GLOBAL: 0001:000014fd AI_Reset1_ 004024fd (code) (module index = 0)
// GLOBAL: 0001:0000151c AI_StartUp2_ 0040251c (code) (module index = 0)
// GLOBAL: 0001:00001545 AI_Reset2_ 00402545 (code) (module index = 0)
// GLOBAL: 0001:0000174b AI_CleanUpCollidedCar_ 0040274b (code) (module index = 0)
// GLOBAL: 0001:000017be CleanUpAllDeadCars_ 004027be (code) (module index = 0)
// GLOBAL: 0001:000018ec AI_ReInit_SetSpeeds_ 004028ec (code) (module index = 0)
// GLOBAL: 0001:000019b2 AI_ReInit_PickSliceAndDirection_ 004029b2 (code) (module index = 0)
// GLOBAL: 0001:00001c84 AI_ReInitWith_ 00402c84 (code) (module index = 0)
// GLOBAL: 0001:00001c9e AI_MoveCarToPurgatory_ 00402c9e (code) (module index = 0)
// GLOBAL: 0001:00001da5 AI_ReInit_ 00402da5 (code) (module index = 0)
// GLOBAL: 0001:00002090 AI_IsCoordInThisLiveArea_ 00403090 (code) (module index = 0)
// GLOBAL: 0001:00002154 AI_IsTrafficCarInAnyLiveArea_ 00403154 (code) (module index = 0)
// GLOBAL: 0001:000021c2 AI_IsCoordInThisVisibleArea_ 004031c2 (code) (module index = 0)
// GLOBAL: 0001:00002286 AI_IsTrafficCarInAnyVisibleArea_ 00403286 (code) (module index = 0)
// GLOBAL: 0001:000022f4 AI_EvaluateLife_ 004032f4 (code) (module index = 0)
// GLOBAL: 0001:0000267b AI_CalcBestLineMerits_ 0040367b (code) (module index = 0)
// GLOBAL: 0001:000027aa AI_CalcMeritsBasedOnSpeed_ 004037aa (code) (module index = 0)
// GLOBAL: 0001:00002aba AI_IsMellowZone_ 00403aba (code) (module index = 0)
// GLOBAL: 0001:00002b99 AI_KeepCarsInLane_ 00403b99 (code) (module index = 0)
// GLOBAL: 0001:00002bb3 AI_PushFinishedCarsToSide_ 00403bb3 (code) (module index = 0)
// GLOBAL: 0001:00002c82 AI_OpponentBlockPlayer_ 00403c82 (code) (module index = 0)
// GLOBAL: 0001:00002e0b AI_HonkWhenTailgaiting_ 00403e0b (code) (module index = 0)
// GLOBAL: 0001:00002f31 AI_OpponentUpCloseCode_ 00403f31 (code) (module index = 0)
// GLOBAL: 0001:00002fd3 AI_OpponentSpecialCase_ 00403fd3 (code) (module index = 0)
// GLOBAL: 0001:00002ff5 AI_CheckForCarsInWay_ 00403ff5 (code) (module index = 0)
// GLOBAL: 0001:00003134 AI_CheckForSmackables_ 00404134 (code) (module index = 0)
// GLOBAL: 0001:000032da AI_CheckForClearLanes_ 004042da (code) (module index = 0)
// GLOBAL: 0001:00003587 AI_CalculateLaneSpeeds_ 00404587 (code) (module index = 0)
// GLOBAL: 0001:00003ce2 AI_SetupOncomingLaneDemerits_ 00404ce2 (code) (module index = 0)
// GLOBAL: 0001:00003daa AI_HandleChangeInNumLanes_ 00404daa (code) (module index = 0)
// GLOBAL: 0001:000040cd AI_HandleShouldersAndOffRoad_ 004050cd (code) (module index = 0)
// GLOBAL: 0001:00004609 AI_HandleHonkingAndDiving_ 00405609 (code) (module index = 0)
// GLOBAL: 0001:000046d7 AI_WhichHumanIsLeading_ 004056d7 (code) (module index = 0)
// GLOBAL: 0001:0000475d AI_CalculateLaneInfo_ 0040575d (code) (module index = 0)
// GLOBAL: 0001:0000487e AI_InitAndCalcBaseMerits_ 0040587e (code) (module index = 0)
// GLOBAL: 0001:0000497d AI_ChooseBestLane_ 0040597d (code) (module index = 0)
// GLOBAL: 0001:00004a24 AI_CalculateAdjustedDesiredSpeed_ 00405a24 (code) (module index = 0)
// GLOBAL: 0001:00004d50 AI_CalculateDesiredPosition_ 00405d50 (code) (module index = 0)
// GLOBAL: 0001:00005203 AI_ProcessObservationsAndChooseLane_ 00406203 (code) (module index = 0)
// GLOBAL: 0001:000052c2 AI_CheckForBarriers_ 004062c2 (code) (module index = 0)
// GLOBAL: 0001:000056ba AI_CalculateRoadYaw_ 004066ba (code) (module index = 0)
// GLOBAL: 0001:00005769 AI_Main_OverallSetup_ 00406769 (code) (module index = 0)
// GLOBAL: 0001:00005783 AI_Main_CalcCarInfo_ 00406783 (code) (module index = 0)
// GLOBAL: 0001:000057f7 AI_Main_ 004067f7 (code) (module index = 0)
// GLOBAL: 0001:00005a0e AI_CalculateOncomingCarSpeed_ 00406a0e (code) (module index = 0)
// GLOBAL: 0001:00005abf AI_CalcTrafficSafeSpeed_ 00406abf (code) (module index = 0)
// GLOBAL: 0001:00005b46 AI_CalcPsychoDesiredSpeed_ 00406b46 (code) (module index = 0)
// GLOBAL: 0001:00005ce3 AI_CalcDesiredSpeed_ 00406ce3 (code) (module index = 0)
// GLOBAL: 0001:00005fef AI_GetHandlingFactor_ 00406fef (code) (module index = 0)
// GLOBAL: 0001:000060c6 AI_GetAccGlueFactor_ 004070c6 (code) (module index = 0)
// GLOBAL: 0001:0000626a AI_IntroduceGlue_ 0040726a (code) (module index = 0)
// GLOBAL: 0001:0000639b AI_GetGlueFactor_ 0040739b (code) (module index = 0)
// GLOBAL: 0001:000064fe AI_GetSpeedFactor_ 004074fe (code) (module index = 0)
// GLOBAL: 0001:0000663d AI_LimitTopSpeed_ 0040763d (code) (module index = 0)
// GLOBAL: 0001:000066fc AI_CalcTrafficSafeSpeedAdjust_ 004076fc (code) (module index = 0)
// GLOBAL: 0001:0000675e AI_GetTrackFactor_ 0040775e (code) (module index = 0)
// GLOBAL: 0001:000067dc AI_CalcAggressiveTopSpeed_ 004077dc (code) (module index = 0)
// GLOBAL: 0001:00006aef AIPhysic_CleanUp_ 00407aef (code) (module index = 1)
// GLOBAL: 0001:00006b04 AIPhysic_StartUp_ 00407b04 (code) (module index = 1)
// GLOBAL: 0001:00006b19 AIPhysic_Reset_ 00407b19 (code) (module index = 1)
// GLOBAL: 0001:00006b2e AIPhysic_ResetCar_ 00407b2e (code) (module index = 1)
// GLOBAL: 0001:00006b48 AIPhysic_ConfineTrafficCarToRoad_ 00407b48 (code) (module index = 1)
// GLOBAL: 0001:00006d63 AIPhysic_CalculateLaneChangeSpeed_ 00407d63 (code) (module index = 1)
// GLOBAL: 0001:00006e31 AIPhysic_GearTopSpeed_ 00407e31 (code) (module index = 1)
// GLOBAL: 0001:00006e61 AIPhysic_GearBottomSpeed_ 00407e61 (code) (module index = 1)
// GLOBAL: 0001:00006ea0 AIPhysic_HandleShifting_ 00407ea0 (code) (module index = 1)
// GLOBAL: 0001:00007097 AIPhysic_CalcDeceleration_ 00408097 (code) (module index = 1)
// GLOBAL: 0001:00007106 AIPhysic_CalcAcceleration_ 00408106 (code) (module index = 1)
// GLOBAL: 0001:000073a6 AIPhysic_SimplePhysics_LongVel_ 004083a6 (code) (module index = 1)
// GLOBAL: 0001:000075ad AIPhysic_SimplePhysics_LatVel_ 004085ad (code) (module index = 1)
// GLOBAL: 0001:000075f2 AIPhysic_SimplePhysics_ 004085f2 (code) (module index = 1)
// GLOBAL: 0001:000077dd AIPhysic_SetupReleaseFromPurgatory_ 004087dd (code) (module index = 1)
// GLOBAL: 0001:0000790b AIPhysic_PurgatoryPhysics_ 0040890b (code) (module index = 1)
// GLOBAL: 0001:00007a1e AIPhysic_CalcFutureLateralVel_ 00408a1e (code) (module index = 1)
// GLOBAL: 0001:00007b83 AIPhysic_GetPsychoDesiredVector_ 00408b83 (code) (module index = 1)
// GLOBAL: 0001:00007cbf AIPhysic_GetDesiredVector_ 00408cbf (code) (module index = 1)
// GLOBAL: 0001:00007ef4 AIPhysic_CalcRoadBend_ 00408ef4 (code) (module index = 1)
// GLOBAL: 0001:00007fd2 AIPhysic_Preperation_ 00408fd2 (code) (module index = 1)
// GLOBAL: 0001:000083b9 AIPhysic_FinishUp_ 004093b9 (code) (module index = 1)
// GLOBAL: 0001:00008875 AIPhysic_OutOfControl_ 00409875 (code) (module index = 1)
// GLOBAL: 0001:00008917 AIPhysic_InControlPhysics_ 00409917 (code) (module index = 1)
// GLOBAL: 0001:00008fdb AIPhysic_OutOfControlPhysics_ 00409fdb (code) (module index = 1)
// GLOBAL: 0001:00009850 AIPhysic_ChangeDirection_ 0040a850 (code) (module index = 1)
// GLOBAL: 0001:0000996a AIPhysic_HandleDirection_ 0040a96a (code) (module index = 1)
// GLOBAL: 0001:00009a72 AIPhysic_HitWallCheck_ 0040aa72 (code) (module index = 1)
// GLOBAL: 0001:00009bb0 AIPhysic_CoolPhysics_ 0040abb0 (code) (module index = 1)
// GLOBAL: 0001:00009cfc AIPhysic_CalculateTargetLatPos_ 0040acfc (code) (module index = 1)
// GLOBAL: 0001:00009e20 AIPhysic_AIPhysics_ 0040ae20 (code) (module index = 1)
// GLOBAL: 0001:0000a0a9 AISpeeds_SetupSpeeds_ 0040b0a9 (code) (module index = 2)
// GLOBAL: 0001:0000a221 AISpeeds_ScaleSpeeds_ 0040b221 (code) (module index = 2)
// GLOBAL: 0001:0000a2a7 AISpeeds_StartUp_ 0040b2a7 (code) (module index = 2)
// GLOBAL: 0001:0000a2e9 AISpeeds_CleanUp_ 0040b2e9 (code) (module index = 2)
// GLOBAL: 0001:0000a308 AISpeeds_SaveSpeeds_ 0040b308 (code) (module index = 2)
// GLOBAL: 0001:0000a33e AISpeeds_SaveLines_ 0040b33e (code) (module index = 2)
// GLOBAL: 0001:0000a374 AISpeeds_ScaleAcceleration_ 0040b374 (code) (module index = 2)
// GLOBAL: 0001:0000a423 Anim_Restart_ 0040b423 (code) (module index = 4)
// GLOBAL: 0001:0000a47d Anim_Init_ 0040b47d (code) (module index = 4)
// GLOBAL: 0001:0000a543 Anim_DeInit_ 0040b543 (code) (module index = 4)
// GLOBAL: 0001:0000a596 GetFreeAnimIndex_ 0040b596 (code) (module index = 4)
// GLOBAL: 0001:0000a5ef Anim_InitAnimNum_ 0040b5ef (code) (module index = 4)
// GLOBAL: 0001:0000a6a1 Anim_SetAnimAttrib_ 0040b6a1 (code) (module index = 4)
// GLOBAL: 0001:0000a6e5 Anim_FreeHandle_ 0040b6e5 (code) (module index = 4)
// GLOBAL: 0001:0000a749 Anim_GetRotPos_ 0040b749 (code) (module index = 4)
// GLOBAL: 0001:0000a878 Anim_GetAnimFrameInfo_ 0040b878 (code) (module index = 4)
// GLOBAL: 0001:0000a92b Anim_GetLastRotPos_ 0040b92b (code) (module index = 4)
// GLOBAL: 0001:0000a98a Anim_GetLastAnimPosRot_ 0040b98a (code) (module index = 4)
// GLOBAL: 0001:0000aa49 Anim_GetTimedAnimPosRot_ 0040ba49 (code) (module index = 4)
// GLOBAL: 0001:0000ab62 Anim_GetNextAnimPosRot_ 0040bb62 (code) (module index = 4)
// GLOBAL: 0001:0000ac6d Anim_GetStatus_ 0040bc6d (code) (module index = 4)
// GLOBAL: 0001:0000ad37 AudioCmn_GetTrackRecordLapTime_ 0040bd37 (code) (module index = 5)
// GLOBAL: 0001:0000ad5f AudioCmn_Init_ 0040bd5f (code) (module index = 5)
// GLOBAL: 0001:0000ae56 AudioCmn_DeInit_ 0040be56 (code) (module index = 5)
// GLOBAL: 0001:0000aef8 AudioCmn_CheckState_ 0040bef8 (code) (module index = 5)
// GLOBAL: 0001:0000b771 AudioCmn_LoadFESamples_ 0040c771 (code) (module index = 5)
// GLOBAL: 0001:0000b7ad AudioCmn_LoadGameSamples_ 0040c7ad (code) (module index = 5)
// GLOBAL: 0001:0000bd6e AudioCmn_InitChannelArray_ 0040cd6e (code) (module index = 5)
// GLOBAL: 0001:0000bdbe AudioCmn_InitLoopedCarSounds_ 0040cdbe (code) (module index = 5)
// GLOBAL: 0001:0000bfad scaleFrequency_ 0040cfad (code) (module index = 5)
// GLOBAL: 0001:0000c082 ChooseImpactSample_ 0040d082 (code) (module index = 5)
// GLOBAL: 0001:0000c42b ChooseLoopedSample_ 0040d42b (code) (module index = 5)
// GLOBAL: 0001:0000c4e5 AudioCmn_SFX_ 0040d4e5 (code) (module index = 5)
// GLOBAL: 0001:0000c7d6 freeVoiceChannel_ 0040d7d6 (code) (module index = 5)
// GLOBAL: 0001:0000c851 AudioCmn_PlayTrackSFX_ 0040d851 (code) (module index = 5)
// GLOBAL: 0001:0000c8d7 AudioCmn_PlaySFX_ 0040d8d7 (code) (module index = 5)
// GLOBAL: 0001:0000cbb4 AudioCmn_SoundCar_ 0040dbb4 (code) (module index = 5)
// GLOBAL: 0001:0000e811 AudioCmn_TrafficSFX_ 0040f811 (code) (module index = 5)
// GLOBAL: 0001:0000e9df AudioCmn_TrafficSkidSFX_ 0040f9df (code) (module index = 5)
// GLOBAL: 0001:0000ea84 AudioCmn_PlayerHornOn_ 0040fa84 (code) (module index = 5)
// GLOBAL: 0001:0000eb51 AudioCmn_PlayerHornOff_ 0040fb51 (code) (module index = 5)
// GLOBAL: 0001:0000eb9b AudioCmn_PlayFESFX_ 0040fb9b (code) (module index = 5)
// GLOBAL: 0001:0000ebec AudioCmn_PlayWrongWaySFX_ 0040fbec (code) (module index = 5)
// GLOBAL: 0001:0000ec3f AudioCmn_PlaySound_ 0040fc3f (code) (module index = 5)
// GLOBAL: 0001:0000ed53 AudioCmn_PanToAzimuth_ 0040fd53 (code) (module index = 5)
// GLOBAL: 0001:0000edb7 AudioCmn_Pause_ 0040fdb7 (code) (module index = 5)
// GLOBAL: 0001:0000edd3 AudioCmn_UnPause_ 0040fdd3 (code) (module index = 5)
// GLOBAL: 0001:0000ee0b AudioCmn_FEUnPause_ 0040fe0b (code) (module index = 5)
// GLOBAL: 0001:0000ee4b AudioCmn_UnPauseAndQuit_ 0040fe4b (code) (module index = 5)
// GLOBAL: 0001:0000eea5 AudioCmn_UnPauseAndRestart_ 0040fea5 (code) (module index = 5)
// GLOBAL: 0001:0000ef04 AudioCmn_InitReverb_ 0040ff04 (code) (module index = 5)
// GLOBAL: 0001:0000ef3a AudioCmn_ReverbOn_ 0040ff3a (code) (module index = 5)
// GLOBAL: 0001:0000ef5b AudioCmn_ReverbOff_ 0040ff5b (code) (module index = 5)
// GLOBAL: 0001:0000ef79 AudioCmn_ToggleMusicOnOff_ 0040ff79 (code) (module index = 5)
// GLOBAL: 0001:0000efd5 AudioCmn_ToggleSFXOnOff_ 0040ffd5 (code) (module index = 5)
// GLOBAL: 0001:0000f021 AudioClc_SoundCars_ 00410021 (code) (module index = 6)
// GLOBAL: 0001:0000f152 AudioClc_InitSource_ 00410152 (code) (module index = 6)
// GLOBAL: 0001:0000f1bb AudioClc_StartUp_ 004101bb (code) (module index = 6)
// GLOBAL: 0001:0000f2bc AudioClc_ClearSource_ 004102bc (code) (module index = 6)
// GLOBAL: 0001:0000f36a AudioClc_HonkHorn_ 0041036a (code) (module index = 6)
// GLOBAL: 0001:0000f3ff AudioClc_SoundPlayersCar_ 004103ff (code) (module index = 6)
// GLOBAL: 0001:0000f835 AudioClc_SoundOpponentHorn_ 00410835 (code) (module index = 6)
// GLOBAL: 0001:0000f937 AudioClc_SoundCloseCar_ 00410937 (code) (module index = 6)
// GLOBAL: 0001:0000fd1d AudioClc_GetClosestCars_ 00410d1d (code) (module index = 6)
// GLOBAL: 0001:000100a1 AudioClc_CalcDopplerShiftRatio_ 004110a1 (code) (module index = 6)
// GLOBAL: 0001:00010281 AudioClc_CalcPanningVector_ 00411281 (code) (module index = 6)
// GLOBAL: 0001:000104d4 Mem_Init_ 004114d4 (code) (module index = 7)
// GLOBAL: 0001:000105e1 Mem_DeInit_ 004115e1 (code) (module index = 7)
// GLOBAL: 0001:00010604 Mem_Alloc_ 00411604 (code) (module index = 7)
// GLOBAL: 0001:0001070c UnlinkBlock_ 0041170c (code) (module index = 7)
// GLOBAL: 0001:00010756 InsertBlockBefore_ 00411756 (code) (module index = 7)
// GLOBAL: 0001:000107b0 InsertBlockAfter_ 004117b0 (code) (module index = 7)
// GLOBAL: 0001:0001080a InsertBlockSorted_ 0041180a (code) (module index = 7)
// GLOBAL: 0001:00010867 Mem_Free_ 00411867 (code) (module index = 7)
// GLOBAL: 0001:00010904 Mem_FindBlock_ 00411904 (code) (module index = 7)
// GLOBAL: 0001:0001095a DumpList_ 0041195a (code) (module index = 7)
// GLOBAL: 0001:00010992 DumpAllBlocks_ 00411992 (code) (module index = 7)
// GLOBAL: 0001:00010a00 DumpFreeList_ 00411a00 (code) (module index = 7)
// GLOBAL: 0001:00010a1f DumpUsedList_ 00411a1f (code) (module index = 7)
// GLOBAL: 0001:00010a3e Mem_MergeBlocks_ 00411a3e (code) (module index = 7)
// GLOBAL: 0001:00010ae7 Mem_MergeBlocksX_ 00411ae7 (code) (module index = 7)
// GLOBAL: 0001:00010b14 Mem_TrackFreeMem_ 00411b14 (code) (module index = 7)
// GLOBAL: 0001:00010b7f Mem_CheckListIntegrity_ 00411b7f (code) (module index = 7)
// GLOBAL: 0001:00010c3a Mem_CompactBlock_ 00411c3a (code) (module index = 7)
// GLOBAL: 0001:00010db0 Mem_CompactMem_ 00411db0 (code) (module index = 7)
// GLOBAL: 0001:00010de4 Mem_CompactMemPartial_ 00411de4 (code) (module index = 7)
// GLOBAL: 0001:00010e12 VertexServer_GetBlockOfVertices_ 00411e12 (code) (module index = 8)
// GLOBAL: 0001:00010e4c GetRezIndex_ 00411e4c (code) (module index = 8)
// GLOBAL: 0001:00010ed0 BWorld_SetTrackNumber_ 00411ed0 (code) (module index = 8)
// GLOBAL: 0001:00010ef2 BWorld_MakeTrackPathName_ 00411ef2 (code) (module index = 8)
// GLOBAL: 0001:00010f3a BWorld_MakeTrackDataPathName_ 00411f3a (code) (module index = 8)
// GLOBAL: 0001:00010f82 xzsquaredist32_ 00411f82 (code) (module index = 8)
// GLOBAL: 0001:00010fef inset_ 00411fef (code) (module index = 8)
// GLOBAL: 0001:0001103a Brad_getitmcoll_ 0041203a (code) (module index = 8)
// GLOBAL: 0001:0001106c BWorld_Restart_ 0041206c (code) (module index = 8)
// GLOBAL: 0001:00011149 BWorld_Init_ 00412149 (code) (module index = 8)
// GLOBAL: 0001:00011454 BWorld_DeInit_ 00412454 (code) (module index = 8)
// GLOBAL: 0001:000114b8 ForceLoadChunk_ 004124b8 (code) (module index = 8)
// GLOBAL: 0001:0001150b QueueChunk_ 0041250b (code) (module index = 8)
// GLOBAL: 0001:000115b6 GetFreeSlot_ 004125b6 (code) (module index = 8)
// GLOBAL: 0001:00011779 LoadChunkFromBuffer_ 00412779 (code) (module index = 8)
// GLOBAL: 0001:00011c4d LoadChunkAudio_ 00412c4d (code) (module index = 8)
// GLOBAL: 0001:00011c8b QueueWantedChunks_ 00412c8b (code) (module index = 8)
// GLOBAL: 0001:00011cea UnLoadUnWantedChunks_ 00412cea (code) (module index = 8)
// GLOBAL: 0001:00011d8d ClearAllChunksStatus_ 00412d8d (code) (module index = 8)
// GLOBAL: 0001:00011dcf UpdateContext_ 00412dcf (code) (module index = 8)
// GLOBAL: 0001:00011e85 BuildChunkCenterLineFacets_ 00412e85 (code) (module index = 8)
// GLOBAL: 0001:00012550 QuadLoop_ 00413550 (code) (module index = 8)
// GLOBAL: 0001:000127ec BWorld_StartLoop_ 004137ec (code) (module index = 8)
// GLOBAL: 0001:00012824 BWorld_BuildFacetList_ 00413824 (code) (module index = 8)
// GLOBAL: 0001:000128df BWorld_InsertFacet_ 004138df (code) (module index = 8)
// GLOBAL: 0001:0001296f BWorld_SoundTrack_ 0041396f (code) (module index = 8)
// GLOBAL: 0001:00012a7e BuildFacets_ 00413a7e (code) (module index = 8)
// GLOBAL: 0001:00013294 BuildObjectFacets_ 00414294 (code) (module index = 8)
// GLOBAL: 0001:00013791 LoadChunkVisibilities_ 00414791 (code) (module index = 8)
// GLOBAL: 0001:00013887 DoChunkAudio_ 00414887 (code) (module index = 8)
// GLOBAL: 0001:000139f4 BWAllocMem_ 004149f4 (code) (module index = 8)
// GLOBAL: 0001:00013a59 BWFreeMem_ 00414a59 (code) (module index = 8)
// GLOBAL: 0001:00013a7b BWFreeEACMem_ 00414a7b (code) (module index = 8)
// GLOBAL: 0001:00013aa1 AllocArtResource_ 00414aa1 (code) (module index = 8)
// GLOBAL: 0001:00013af1 InitArtResources_ 00414af1 (code) (module index = 8)
// GLOBAL: 0001:00013b15 DeInitArtResources_ 00414b15 (code) (module index = 8)
// GLOBAL: 0001:00013b34 LoadShapesAndMakePmx_ 00414b34 (code) (module index = 8)
// GLOBAL: 0001:00013c3f BWorld_ModuleRegister_ 00414c3f (code) (module index = 8)
// GLOBAL: 0001:00013cad LoadInitialTextures_ 00414cad (code) (module index = 8)
// GLOBAL: 0001:00013d4f LinkMaterials_ 00414d4f (code) (module index = 8)
// GLOBAL: 0001:00013dbc AssociateMaterialPmx_ 00414dbc (code) (module index = 8)
// GLOBAL: 0001:00013ff7 BWorld_DeInitContexts_ 00414ff7 (code) (module index = 8)
// GLOBAL: 0001:00014011 BWorld_InitContexts_ 00415011 (code) (module index = 8)
// GLOBAL: 0001:00014066 SetContext_ 00415066 (code) (module index = 8)
// GLOBAL: 0001:000140c7 BWorld_OpenContext_ 004150c7 (code) (module index = 8)
// GLOBAL: 0001:00014399 CheckContextMaxChunks_ 00415399 (code) (module index = 8)
// GLOBAL: 0001:00014456 BWorld_InitPersistentData_ 00415456 (code) (module index = 8)
// GLOBAL: 0001:000145ad BWorld_DeInitPersistentData_ 004155ad (code) (module index = 8)
// GLOBAL: 0001:000145d5 BWorld_InitHitObject_ 004155d5 (code) (module index = 8)
// GLOBAL: 0001:0001462f BWorld_CheckHitObject_ 0041562f (code) (module index = 8)
// GLOBAL: 0001:0001481e CalcObjYawAngle_ 0041581e (code) (module index = 8)
// GLOBAL: 0001:00014881 BuildObjCollisionMatrix_ 00415881 (code) (module index = 8)
// GLOBAL: 0001:00014922 BuildLastObjCollisionMatrix_ 00415922 (code) (module index = 8)
// GLOBAL: 0001:00014999 BWorld_SetInitialViewDistance_ 00415999 (code) (module index = 8)
// GLOBAL: 0001:000149bb BWorld_GetInitialViewDistance_ 004159bb (code) (module index = 8)
// GLOBAL: 0001:000149dd BWorld_SetViewDistance_ 004159dd (code) (module index = 8)
// GLOBAL: 0001:00014aec BWorld_SetNextViewDistance_ 00415aec (code) (module index = 8)
// GLOBAL: 0001:00014b27 WorldToViewTransformProjectVertices16_ 00415b27 (code) (module index = 8)
// GLOBAL: 0001:00014b9b ObjectToViewTransformProjectVertices16_ 00415b9b (code) (module index = 8)
// GLOBAL: 0001:00014c23 _bradtouchmempages 00415c23 (code) (module index = 8)
// GLOBAL: 0001:00014cd3 TouchMem_ 00415cd3 (code) (module index = 8)
// GLOBAL: 0001:00014d25 TouchMemMultiple_ 00415d25 (code) (module index = 8)
// GLOBAL: 0001:00014d4f TouchMemBlock_ 00415d4f (code) (module index = 8)
// GLOBAL: 0001:00014d8d TouchMemTicks_ 00415d8d (code) (module index = 8)
// GLOBAL: 0001:00014dd5 TouchImportantData_ 00415dd5 (code) (module index = 8)
// GLOBAL: 0001:00014e39 TouchTrackArt_ 00415e39 (code) (module index = 8)
// GLOBAL: 0001:00014e58 Nfs2_Alloc_ 00415e58 (code) (module index = 8)
// GLOBAL: 0001:00014e80 Nfs2_Free_ 00415e80 (code) (module index = 8)
// GLOBAL: 0001:00014ea8 Nfs2_loadfileadr_ 00415ea8 (code) (module index = 8)
// GLOBAL: 0001:00014f1c Nfs2_loadfileadrz_ 00415f1c (code) (module index = 8)
// GLOBAL: 0001:00014f99 Nfs2_loadpackedshapeadrz_ 00415f99 (code) (module index = 8)
// GLOBAL: 0001:00015014 Nfs2_loadshapeadrz_ 00416014 (code) (module index = 8)
// GLOBAL: 0001:0001503f closeXZDistSquared_ 0041603f (code) (module index = 9)
// GLOBAL: 0001:000150a6 BWorldSm_Init_ 004160a6 (code) (module index = 9)
// GLOBAL: 0001:000150fa BWorldSm_DeInit_ 004160fa (code) (module index = 9)
// GLOBAL: 0001:0001510f FindAbsClosestSliceCrude_ 0041610f (code) (module index = 9)
// GLOBAL: 0001:0001518c BWorldSm_FindClosestSlice_ 0041618c (code) (module index = 9)
// GLOBAL: 0001:00015266 RawFindClosestSlice_ 00416266 (code) (module index = 9)
// GLOBAL: 0001:0001548f SetSimSlice_ 0041648f (code) (module index = 9)
// GLOBAL: 0001:00015519 GetStmQuad_ 00416519 (code) (module index = 9)
// GLOBAL: 0001:00015569 GetStmQuadPts_ 00416569 (code) (module index = 9)
// GLOBAL: 0001:000157b6 GetFirstStmQuadPts_ 004167b6 (code) (module index = 9)
// GLOBAL: 0001:000158c2 GetNextStmQuadPts_ 004168c2 (code) (module index = 9)
// GLOBAL: 0001:00015978 GetNextLeftStmQuadPts_ 00416978 (code) (module index = 9)
// GLOBAL: 0001:00015a32 PTDIR16XXX_ 00416a32 (code) (module index = 9)
// GLOBAL: 0001:00015ae4 EnsureChunkLoaded_ 00416ae4 (code) (module index = 9)
// GLOBAL: 0001:00015b78 ScreamIfChunkNotLoaded_ 00416b78 (code) (module index = 9)
// GLOBAL: 0001:00015beb FindClosestQuad_ 00416beb (code) (module index = 9)
// GLOBAL: 0001:00015e58 BWorldSm_FindClosestQuadRez_ 00416e58 (code) (module index = 9)
// GLOBAL: 0001:00015f13 BWorldSm_SetSlice_ 00416f13 (code) (module index = 9)
// GLOBAL: 0001:00015f85 RawFindClosestQuad_ 00416f85 (code) (module index = 9)
// GLOBAL: 0001:00016aaf BWorldSm_NumSimObjects_ 00417aaf (code) (module index = 9)
// GLOBAL: 0001:00016b35 BWorldSm_GetSimObjectData_ 00417b35 (code) (module index = 9)
// GLOBAL: 0001:00016c2d BWorldSm_SetTVCameraParms_ 00417c2d (code) (module index = 9)
// GLOBAL: 0001:00016c58 BWorldSm_GetClosestTVCameraPoint_ 00417c58 (code) (module index = 9)
// GLOBAL: 0001:00016c89 BWorldSm_GetClosestTVCameraPointSide_ 00417c89 (code) (module index = 9)
// GLOBAL: 0001:000170e3 BWorldSm_SurfaceType_ 004180e3 (code) (module index = 9)
// GLOBAL: 0001:0001714b BWorldSm_IsTunnelInRearView_ 0041814b (code) (module index = 9)
// GLOBAL: 0001:00017255 BWorldSm_CarMusicState_ 00418255 (code) (module index = 9)
// GLOBAL: 0001:0001754d Camera_InitDebugCamera_ 0041854d (code) (module index = 10)
// GLOBAL: 0001:00017562 Camera_Debug_ 00418562 (code) (module index = 10)
// GLOBAL: 0001:00017577 Camera_SetMainCamera_ 00418577 (code) (module index = 10)
// GLOBAL: 0001:000175af Camera_SetHorizonCamera_ 004185af (code) (module index = 10)
// GLOBAL: 0001:0001762e Camera_RestoreCamera_ 0041862e (code) (module index = 10)
// GLOBAL: 0001:0001768b Camera_SetCamera_ 0041868b (code) (module index = 10)
// GLOBAL: 0001:000176dc Camera_RestartTrackRender_ 004186dc (code) (module index = 10)
// GLOBAL: 0001:000176f1 Camera_LookBack_ 004186f1 (code) (module index = 10)
// GLOBAL: 0001:0001779c Camera_UpdateCollisionCam_ 0041879c (code) (module index = 10)
// GLOBAL: 0001:00017a17 Camera_UpdateInCar_ 00418a17 (code) (module index = 10)
// GLOBAL: 0001:00017b9e Camera_UpdateBumperCam_ 00418b9e (code) (module index = 10)
// GLOBAL: 0001:00017d25 Camera_UpdateRoofCam_ 00418d25 (code) (module index = 10)
// GLOBAL: 0001:000180d3 Camera_UpdateHeliCam2_ 004190d3 (code) (module index = 10)
// GLOBAL: 0001:000185a0 Camera_UpdateCircleCam_ 004195a0 (code) (module index = 10)
// GLOBAL: 0001:000188a8 Camera_IslandProfile_ 004198a8 (code) (module index = 10)
// GLOBAL: 0001:00018920 Camera_UpdateTVCam_ 00419920 (code) (module index = 10)
// GLOBAL: 0001:00018bc7 Camera_UpdateAnimCam_ 00419bc7 (code) (module index = 10)
// GLOBAL: 0001:00018da1 Camera_UpdateFinishCam_ 00419da1 (code) (module index = 10)
// GLOBAL: 0001:0001910a Camera_UpdateSideCam_ 0041a10a (code) (module index = 10)
// GLOBAL: 0001:00019352 Camera_UpdateBlimpCam_ 0041a352 (code) (module index = 10)
// GLOBAL: 0001:00019435 Camera_SetSplineCam_ 0041a435 (code) (module index = 10)
// GLOBAL: 0001:000195ff Camera_UpdateSplineCam_ 0041a5ff (code) (module index = 10)
// GLOBAL: 0001:0001a098 Camera_UpdateCliffCam_ 0041b098 (code) (module index = 10)
// GLOBAL: 0001:0001a2da Camera_Update_ 0041b2da (code) (module index = 10)
// GLOBAL: 0001:0001a4b3 Camera_Init_ 0041b4b3 (code) (module index = 10)
// GLOBAL: 0001:0001a841 Camera_PitchAndRoll_ 0041b841 (code) (module index = 10)
// GLOBAL: 0001:0001a920 Camera_CheckWallCollisions_ 0041b920 (code) (module index = 10)
// GLOBAL: 0001:0001b1b1 Camera_SetAboveGround_ 0041c1b1 (code) (module index = 10)
// GLOBAL: 0001:0001b39c Camera_AquireTarget_ 0041c39c (code) (module index = 10)
// GLOBAL: 0001:0001b80f Camera_GetViewInfo_ 0041c80f (code) (module index = 10)
// GLOBAL: 0001:0001b973 Camera_GetAudioViewInfo_ 0041c973 (code) (module index = 10)
// GLOBAL: 0001:0001babf Camera_GetMode_ 0041cabf (code) (module index = 10)
// GLOBAL: 0001:0001bb4a Camera_SetMode_ 0041cb4a (code) (module index = 10)
// GLOBAL: 0001:0001bc1b Camera_NextMode_ 0041cc1b (code) (module index = 10)
// GLOBAL: 0001:0001be28 Camera_GetAnchorObj_ 0041ce28 (code) (module index = 10)
// GLOBAL: 0001:0001be62 Camera_GetTargetObj_ 0041ce62 (code) (module index = 10)
// GLOBAL: 0001:0001be9c Camera_SetAnchorObj_ 0041ce9c (code) (module index = 10)
// GLOBAL: 0001:0001bed4 Camera_SetTargetObj_ 0041ced4 (code) (module index = 10)
// GLOBAL: 0001:0001bf0c Camera_SetTwist_ 0041cf0c (code) (module index = 10)
// GLOBAL: 0001:0001bf50 Cars_NullRoutine_ 0041cf50 (code) (module index = 11)
// GLOBAL: 0001:0001bf6a Cars_SineBounce_ 0041cf6a (code) (module index = 11)
// GLOBAL: 0001:0001bfaa Cars_ReturnStats_ 0041cfaa (code) (module index = 11)
// GLOBAL: 0001:0001bfe4 Cars_DoGravityEffectsOnAcc_ 0041cfe4 (code) (module index = 11)
// GLOBAL: 0001:0001c119 Cars_GetDashData_ 0041d119 (code) (module index = 11)
// GLOBAL: 0001:0001c21d Cars_CheckForHills_ 0041d21d (code) (module index = 11)
// GLOBAL: 0001:0001c87b Cars_QDUpdateVelGlue_ 0041d87b (code) (module index = 11)
// GLOBAL: 0001:0001c94b Cars_QDUpdateRot64HzGlue_ 0041d94b (code) (module index = 11)
// GLOBAL: 0001:0001ca43 Cars_InitDashData_ 0041da43 (code) (module index = 11)
// GLOBAL: 0001:0001ca87 Cars_SetAudioCalls_ 0041da87 (code) (module index = 11)
// GLOBAL: 0001:0001cb33 Cars_ResetCarCounters_ 0041db33 (code) (module index = 11)
// GLOBAL: 0001:0001cb98 Cars_InitStats_ 0041db98 (code) (module index = 11)
// GLOBAL: 0001:0001cc4f Cars_InitializeCarTablesFlagsAndCounters_ 0041dc4f (code) (module index = 11)
// GLOBAL: 0001:0001ce8f Cars_ResetVariablesAfterACollision_ 0041de8f (code) (module index = 11)
// GLOBAL: 0001:0001cf9d Cars_ResetCollidedCars_ 0041df9d (code) (module index = 11)
// GLOBAL: 0001:0001d771 Cars_DoSparkSFX_ 0041e771 (code) (module index = 11)
// GLOBAL: 0001:0001d8e3 Cars_InitiateCollisionBodyRock_ 0041e8e3 (code) (module index = 11)
// GLOBAL: 0001:0001d9b8 Cars_SetCarUpForLowRezSim_ 0041e9b8 (code) (module index = 11)
// GLOBAL: 0001:0001da06 Cars_SetCarUpForHiRezSim_ 0041ea06 (code) (module index = 11)
// GLOBAL: 0001:0001da3a Cars_DoExtraCarCollisionProcessing_ 0041ea3a (code) (module index = 11)
// GLOBAL: 0001:0001e34c Cars_AddCarSfx_ 0041f34c (code) (module index = 11)
// GLOBAL: 0001:0001e67b Car_TireSkiddingStuff_ 0041f67b (code) (module index = 11)
// GLOBAL: 0001:0001ee64 Cars_FindTotalSlice_ 0041fe64 (code) (module index = 11)
// GLOBAL: 0001:0001eeb9 Car_DoSkiddingStuff_ 0041feb9 (code) (module index = 11)
// GLOBAL: 0001:0001f01d Cars_CalcRoadBumpyness_ 0042001d (code) (module index = 11)
// GLOBAL: 0001:0001f1c2 Cars_FirstFlightPitchRollMod_ 004201c2 (code) (module index = 11)
// GLOBAL: 0001:0001f502 Cars_SteepHillGravityEffect_ 00420502 (code) (module index = 11)
// GLOBAL: 0001:0001f590 Car_DoPostCollisionStuff_ 00420590 (code) (module index = 11)
// GLOBAL: 0001:0001f8cc Cars_CalculateStartingGridOffset_ 004208cc (code) (module index = 11)
// GLOBAL: 0001:0001faac Cars_IniCarObjects_ 00420aac (code) (module index = 11)
// GLOBAL: 0001:0001ff74 Cars_InitCar_ 00420f74 (code) (module index = 11)
// GLOBAL: 0001:000203c5 Cars_DeInitCar_ 004213c5 (code) (module index = 11)
// GLOBAL: 0001:00020412 Cars_Restart_ 00421412 (code) (module index = 11)
// GLOBAL: 0001:000204b9 Cars_LoadSimArcadeTuning_ 004214b9 (code) (module index = 11)
// GLOBAL: 0001:0002070f Cars_ModuleRegister_ 0042170f (code) (module index = 11)
// GLOBAL: 0001:000209ba Cars_Initialize_ 004219ba (code) (module index = 11)
// GLOBAL: 0001:000209fc Cars_StartUp_ 004219fc (code) (module index = 11)
// GLOBAL: 0001:00020c61 Cars_CleanUp_ 00421c61 (code) (module index = 11)
// GLOBAL: 0001:00020eb0 Cars_FindCurrentLap_ 00421eb0 (code) (module index = 11)
// GLOBAL: 0001:00020f51 Cars_CalculateRoadSpan_ 00421f51 (code) (module index = 11)
// GLOBAL: 0001:0002112d Cars_CalculateRoadPosition_ 0042212d (code) (module index = 11)
// GLOBAL: 0001:00021155 Cars_CalcVelDownRoad_ 00422155 (code) (module index = 11)
// GLOBAL: 0001:000211d5 Cars_ManageBureaucracy_ 004221d5 (code) (module index = 11)
// GLOBAL: 0001:000212b7 Cars_SortCars_ 004222b7 (code) (module index = 11)
// GLOBAL: 0001:00021461 Channel_StartChannel_ 00422461 (code) (module index = 12)
// GLOBAL: 0001:00021476 Channel_StopChannel_ 00422476 (code) (module index = 12)
// GLOBAL: 0001:0002148b Channel_SetUserTo_ 0042248b (code) (module index = 12)
// GLOBAL: 0001:000214a5 Channel_BindChannelToDevice_ 004224a5 (code) (module index = 12)
// GLOBAL: 0001:000214c1 Channel_UnbindChannelToDevice_ 004224c1 (code) (module index = 12)
// GLOBAL: 0001:000214dd Channel_UnbindChannel_ 004224dd (code) (module index = 12)
// GLOBAL: 0001:000214f8 Channel_BinaryOut_ 004224f8 (code) (module index = 12)
// GLOBAL: 0001:00021515 Channel_Manager_ 00422515 (code) (module index = 12)
// GLOBAL: 0001:00021531 Virtual_StartVirtual_ 00422531 (code) (module index = 12)
// GLOBAL: 0001:00021546 Virtual_StopVirtual_ 00422546 (code) (module index = 12)
// GLOBAL: 0001:0002155b Virtual_CreateScrollingSubDevice_ 0042255b (code) (module index = 12)
// GLOBAL: 0001:00021584 Virtual_CreateWindowSubDevice_ 00422584 (code) (module index = 12)
// GLOBAL: 0001:000215ad Virtual_CreateBinarySubDevice_ 004225ad (code) (module index = 12)
// GLOBAL: 0001:000215d6 Virtual_Output_ 004225d6 (code) (module index = 12)
// GLOBAL: 0001:000215f1 SyncMark_ 004225f1 (code) (module index = 12)
// GLOBAL: 0001:00021606 SyncRecord_ 00422606 (code) (module index = 12)
// GLOBAL: 0001:0002161b _Clock_InputThread 0042261b (code) (module index = 13)
// GLOBAL: 0001:0002164b Clock_MasterInterruptHandler_ 0042264b (code) (module index = 13)
// GLOBAL: 0001:000216a3 Clock_SystemStartUp_ 004226a3 (code) (module index = 13)
// GLOBAL: 0001:0002170b Clock_SystemCleanUp_ 0042270b (code) (module index = 13)
// GLOBAL: 0001:00021741 CHECK_CENTER_VERTEX_WITH_DIRS_ 00422741 (code) (module index = 14)
// GLOBAL: 0001:00021ac5 CHECK_CENTER_VERTEX_WITH_DIRS_OTHER_ 00422ac5 (code) (module index = 14)
// GLOBAL: 0001:00021e57 CHECK_VERTEX_WITH_DIRS_ 00422e57 (code) (module index = 14)
// GLOBAL: 0001:0002212c CHECK_VERTEX_WITH_DIRS_OTHER_ 0042312c (code) (module index = 14)
// GLOBAL: 0001:00022401 Collide_DoObjectFixedObjectCollision_ 00423401 (code) (module index = 14)
// GLOBAL: 0001:00022dda Collide_LimitAngularVel_ 00423dda (code) (module index = 14)
// GLOBAL: 0001:00022f3e Collide_TestWithPlane_ 00423f3e (code) (module index = 14)
// GLOBAL: 0001:00023765 Collide_DoObjectObjectCollision_ 00424765 (code) (module index = 14)
// GLOBAL: 0001:000240e6 Collide_DoActualObjectCollisionCheck_ 004250e6 (code) (module index = 14)
// GLOBAL: 0001:00024eeb Collide_TestObjectVertices_ 00425eeb (code) (module index = 14)
// GLOBAL: 0001:00025ea5 Collide_TelePoleLaunchCar_ 00426ea5 (code) (module index = 14)
// GLOBAL: 0001:000262f9 Collide_CheckForCollisionBetween_ 004272f9 (code) (module index = 14)
// GLOBAL: 0001:000264a1 Collide_ClearCollisionRegistry_ 004274a1 (code) (module index = 14)
// GLOBAL: 0001:000264c0 Collide_CheckAccuratePointRadiusCollision_ 004274c0 (code) (module index = 14)
// GLOBAL: 0001:0002673b Collide_CheckMeForCollisions_ 0042773b (code) (module index = 14)
// GLOBAL: 0001:00026d2b Color_InitColor_ 00427d2b (code) (module index = 15)
// GLOBAL: 0001:00026d62 Color_IsColorAlreadyLoaded_ 00427d62 (code) (module index = 15)
// GLOBAL: 0001:00026d8d Color_GetColor_ 00427d8d (code) (module index = 15)
// GLOBAL: 0001:00026df0 Color_ReadCarDeltaVTFile_ 00427df0 (code) (module index = 15)
// GLOBAL: 0001:00026e88 Color_CleanUpDeltaVTFile_ 00427e88 (code) (module index = 15)
// GLOBAL: 0001:00026eab Color_GetCarVT_ 00427eab (code) (module index = 15)
// GLOBAL: 0001:00026f18 Color_PseudoColor_ 00427f18 (code) (module index = 15)
// GLOBAL: 0001:00027184 Color_RGBColorChangePal_ 00428184 (code) (module index = 15)
// GLOBAL: 0001:00027277 Color_Rgb2Hsv_ 00428277 (code) (module index = 15)
// GLOBAL: 0001:0002753e Color_Hsv2Rgb_ 0042853e (code) (module index = 15)
// GLOBAL: 0001:00027818 Col_OpenColFile_ 00428818 (code) (module index = 16)
// GLOBAL: 0001:00027913 Col_CloseColFile_ 00428913 (code) (module index = 16)
// GLOBAL: 0001:00027976 Col_GetFileSize_ 00428976 (code) (module index = 16)
// GLOBAL: 0001:000279ce Col_ReadFile_ 004289ce (code) (module index = 16)
// GLOBAL: 0001:00027a50 Col_GetNumCollections_ 00428a50 (code) (module index = 16)
// GLOBAL: 0001:00027aa8 Col_GetCollection_ 00428aa8 (code) (module index = 16)
// GLOBAL: 0001:00027b18 Control_AI_ 00428b18 (code) (module index = 17)
// GLOBAL: 0001:00027b42 Control_Human_ 00428b42 (code) (module index = 17)
// GLOBAL: 0001:00027c6a DashHUD_LoadWords_ 00428c6a (code) (module index = 18)
// GLOBAL: 0001:00027ce5 DashHUD_Word_ 00428ce5 (code) (module index = 18)
// GLOBAL: 0001:00027d2a DashHUD_UnloadWords_ 00428d2a (code) (module index = 18)
// GLOBAL: 0001:00027d60 DashHUD_InitHUD_ 00428d60 (code) (module index = 18)
// GLOBAL: 0001:00027eb7 DashHUD_InitDash_ 00428eb7 (code) (module index = 18)
// GLOBAL: 0001:00027edf DashHUD_Reset_ 00428edf (code) (module index = 18)
// GLOBAL: 0001:00027efe DashHUD_KillHUD_ 00428efe (code) (module index = 18)
// GLOBAL: 0001:00027f1d DashHUD_KillDash_ 00428f1d (code) (module index = 18)
// GLOBAL: 0001:00027f40 DashHUD_ToggleDebug_ 00428f40 (code) (module index = 18)
// GLOBAL: 0001:00027f78 DashHUD_ToggleHud_ 00428f78 (code) (module index = 18)
// GLOBAL: 0001:00027ff9 DashHUD_ToggleMirror_ 00428ff9 (code) (module index = 18)
// GLOBAL: 0001:0002804a DashHUD_SetMessage_ 0042904a (code) (module index = 18)
// GLOBAL: 0001:0002808e DashHUD_CheckWrongWay_ 0042908e (code) (module index = 18)
// GLOBAL: 0001:0002810c DashHUD_HUDCalc_ 0042910c (code) (module index = 18)
// GLOBAL: 0001:0002842e DashHUD_BuildTimeString_ 0042942e (code) (module index = 18)
// GLOBAL: 0001:0002850d DashHUD_BuildNumbers_ 0042950d (code) (module index = 18)
// GLOBAL: 0001:00028ba2 DashHUD_DashCalc_ 00429ba2 (code) (module index = 18)
// GLOBAL: 0001:00028c4d BuildMap_ 00429c4d (code) (module index = 18)
// GLOBAL: 0001:00028d2d DashHUD_Build2DLayer_ 00429d2d (code) (module index = 18)
// GLOBAL: 0001:00028ea2 Debugren_TestFacet_ 00429ea2 (code) (module index = 19)
// GLOBAL: 0001:00028f76 FastRandom_CleanUp_ 00429f76 (code) (module index = 20)
// GLOBAL: 0001:00028f8b FastRandom_StartUp_ 00429f8b (code) (module index = 20)
// GLOBAL: 0001:0002915e MPause_Logic_ 0042a15e (code) (module index = 21)
// GLOBAL: 0001:0002959b MPause_Render_ 0042a59b (code) (module index = 21)
// GLOBAL: 0001:000295b5 MPause_InitMPause_ 0042a5b5 (code) (module index = 21)
// GLOBAL: 0001:000296f7 MPause_KillMPause_ 0042a6f7 (code) (module index = 21)
// GLOBAL: 0001:0002971a GameSetup_StartUp_ 0042a71a (code) (module index = 23)
// GLOBAL: 0001:000299b4 GameSetup_CleanUp_ 0042a9b4 (code) (module index = 23)
// GLOBAL: 0001:000299e1 Horizon_TransformVertex_ 0042a9e1 (code) (module index = 24)
// GLOBAL: 0001:00029a5f Horizon_TransformHorizon_ 0042aa5f (code) (module index = 24)
// GLOBAL: 0001:00029ac1 Horizon_ProjectVertex_ 0042aac1 (code) (module index = 24)
// GLOBAL: 0001:00029b64 Horizon_QuadInView_ 0042ab64 (code) (module index = 24)
// GLOBAL: 0001:00029ca8 Horizon_InitHorizon_ 0042aca8 (code) (module index = 24)
// GLOBAL: 0001:00029cc2 Horizon_KillHorizon_ 0042acc2 (code) (module index = 24)
// GLOBAL: 0001:00029cdc Horizon_InterpolateLineSCoords_ 0042acdc (code) (module index = 24)
// GLOBAL: 0001:00029e28 Horizon_BuildHorizon_ 0042ae28 (code) (module index = 24)
// GLOBAL: 0001:00029e61 Input_StartUp_ 0042ae61 (code) (module index = 25)
// GLOBAL: 0001:00029f10 Input_Update_ 0042af10 (code) (module index = 25)
// GLOBAL: 0001:0002a171 Input_Store_ 0042b171 (code) (module index = 25)
// GLOBAL: 0001:0002a202 Input_Fetch_ 0042b202 (code) (module index = 25)
// GLOBAL: 0001:0002a256 Input_Gear_ 0042b256 (code) (module index = 25)
// GLOBAL: 0001:0002a2bb Input_Debug_ 0042b2bb (code) (module index = 25)
// GLOBAL: 0001:0002a34a Input_Interface_ 0042b34a (code) (module index = 25)
// GLOBAL: 0001:0002a3d9 Input_TimedInterface_ 0042b3d9 (code) (module index = 25)
// GLOBAL: 0001:0002a47a Input_MainExitKey_ 0042b47a (code) (module index = 25)
// GLOBAL: 0001:0002a4ab Math_Atan2F16_ 0042b4ab (code) (module index = 26)
// GLOBAL: 0001:0002a4df Math_DistXZ_ 0042b4df (code) (module index = 26)
// GLOBAL: 0001:0002a59b Math_Dist3D_ 0042b59b (code) (module index = 26)
// GLOBAL: 0001:0002a6bc Math_BetterDist_ 0042b6bc (code) (module index = 26)
// GLOBAL: 0001:0002a867 Math_MakeUnitMatrix_ 0042b867 (code) (module index = 26)
// GLOBAL: 0001:0002a8da Math_ResolveRotatedVector_ 0042b8da (code) (module index = 26)
// GLOBAL: 0001:0002a981 Math_FixedSqrtServer_ 0042b981 (code) (module index = 26)
// GLOBAL: 0001:0002aa18 Math_VectorLength_ 0042ba18 (code) (module index = 26)
// GLOBAL: 0001:0002abd0 Math_VectorLength2_ 0042bbd0 (code) (module index = 26)
// GLOBAL: 0001:0002ad74 Math_NormalizeVector_ 0042bd74 (code) (module index = 26)
// GLOBAL: 0001:0002af69 Math_NormalizeShortVector_ 0042bf69 (code) (module index = 26)
// GLOBAL: 0001:0002b05e Math_DumpFixed_ 0042c05e (code) (module index = 26)
// GLOBAL: 0001:0002b078 Math_DumpVector_ 0042c078 (code) (module index = 26)
// GLOBAL: 0001:0002b08f Math_MakeRotMatY_ 0042c08f (code) (module index = 26)
// GLOBAL: 0001:0002b11d MinFront_Scan_ 0042c11d (code) (module index = 27)
// GLOBAL: 0001:0002b1b6 MinFront_BackScan_ 0042c1b6 (code) (module index = 27)
// GLOBAL: 0001:0002b262 MinFront_LookupParam_ 0042c262 (code) (module index = 27)
// GLOBAL: 0001:0002b47f MinFront_LookupDevice_ 0042c47f (code) (module index = 27)
// GLOBAL: 0001:0002b4e1 MinFront_LookupHandler_ 0042c4e1 (code) (module index = 27)
// GLOBAL: 0001:0002b57e MinFront_Evaluate_ 0042c57e (code) (module index = 27)
// GLOBAL: 0001:0002bafb MinFront_ParseFile_ 0042cafb (code) (module index = 27)
// GLOBAL: 0001:0002bbd5 MinFront_ParseCommandLine_ 0042cbd5 (code) (module index = 27)
// GLOBAL: 0001:0002bc55 MinFront_ParseArgv_ 0042cc55 (code) (module index = 27)
// GLOBAL: 0001:0002bd1f MinFront_ParseOptions_ 0042cd1f (code) (module index = 27)
// GLOBAL: 0001:0002bdf5 Newton_FindClosestQuad_ 0042cdf5 (code) (module index = 29)
// GLOBAL: 0001:0002be36 Newton_CalculateSliceYaw_ 0042ce36 (code) (module index = 29)
// GLOBAL: 0001:0002bee9 Newton_UpdateRoadGeometry_ 0042cee9 (code) (module index = 29)
// GLOBAL: 0001:0002c380 Newton_CalculateSliceDifference_ 0042d380 (code) (module index = 29)
// GLOBAL: 0001:0002c3f3 Newton_FindGroundElevationGeneral_ 0042d3f3 (code) (module index = 29)
// GLOBAL: 0001:0002c4a5 Newton_FindGroundElevationAndNormal_ 0042d4a5 (code) (module index = 29)
// GLOBAL: 0001:0002c526 Newton_LimitCarsToDrivableDist_ 0042d526 (code) (module index = 29)
// GLOBAL: 0001:0002c576 Newton_CalcPerpenHeightOfLowestPointFromGround_ 0042d576 (code) (module index = 29)
// GLOBAL: 0001:0002c7a6 Newton_CalcPerpenHeightOfCenterPointFromGround_ 0042d7a6 (code) (module index = 29)
// GLOBAL: 0001:0002c84a Newton_CalcDistToClosestPlayerCar_ 0042d84a (code) (module index = 29)
// GLOBAL: 0001:0002cced Newton_UpdateRoadInfo_ 0042dced (code) (module index = 29)
// GLOBAL: 0001:0002cdc3 Newton_CopyRoadMatrixToOrientMat_ 0042ddc3 (code) (module index = 29)
// GLOBAL: 0001:0002ce93 Newton_CopyRoadMatrixToShadowMat_ 0042de93 (code) (module index = 29)
// GLOBAL: 0001:0002cf63 Newton_SetInitialSlicePositionOrientationEtc_ 0042df63 (code) (module index = 29)
// GLOBAL: 0001:0002d2be Newton_InitBaseNewtonObj_ 0042e2be (code) (module index = 29)
// GLOBAL: 0001:0002d5fd Newton_QDUpdateVel_ 0042e5fd (code) (module index = 29)
// GLOBAL: 0001:0002d69b Newton_OptzRotxform_ 0042e69b (code) (module index = 29)
// GLOBAL: 0001:0002d823 Newton_QDUpdateRot64Hz_ 0042e823 (code) (module index = 29)
// GLOBAL: 0001:0002d92b Newton_QDUpdateRot32Hz_ 0042e92b (code) (module index = 29)
// GLOBAL: 0001:0002da33 Newton_CalculateGroundShadowMatrix_ 0042ea33 (code) (module index = 29)
// GLOBAL: 0001:0002df67 Newton_CalcGroundShadowCoordinates_ 0042ef67 (code) (module index = 29)
// GLOBAL: 0001:0002e2a2 Newton_DoPostBarrierCollisionHandling_ 0042f2a2 (code) (module index = 29)
// GLOBAL: 0001:0002e5b8 Newton_PointInsideQuad_ 0042f5b8 (code) (module index = 29)
// GLOBAL: 0001:0002e726 Newton_TestForUndrivableSurfaces_ 0042f726 (code) (module index = 29)
// GLOBAL: 0001:0002e9a8 Newton_PlaceObjOnAndParallelToGroundCheckAxis_ 0042f9a8 (code) (module index = 29)
// GLOBAL: 0001:0002edbb Newton_PlaceObjOnAndParallelToGround_ 0042fdbb (code) (module index = 29)
// GLOBAL: 0001:0002f183 Newton_LimitAngularVelocity_ 00430183 (code) (module index = 29)
// GLOBAL: 0001:0002f24b Newton_ApplyTheLawOfGravity_ 0043024b (code) (module index = 29)
// GLOBAL: 0001:0002fd40 Newton_CalculateRoadPosition_ 00430d40 (code) (module index = 29)
// GLOBAL: 0001:0002fded Nfs2_SystemNLibStartUp_ 00430ded (code) (module index = 30)
// GLOBAL: 0001:0002fe11 Nfs2_SystemNLibCleanUp_ 00430e11 (code) (module index = 30)
// GLOBAL: 0001:0002fe30 Nfs2_BefuddleCode_ 00430e30 (code) (module index = 30)
// GLOBAL: 0001:0002fe77 Nfs2_ChangeExtension_ 00430e77 (code) (module index = 30)
// GLOBAL: 0001:0002fea2 Nfs2_ResetGame_ 00430ea2 (code) (module index = 30)
// GLOBAL: 0001:0002fed0 Nfs2_GameModuleStartUp_ 00430ed0 (code) (module index = 30)
// GLOBAL: 0001:00030009 Nfs2_CleanUpGameModule_ 00431009 (code) (module index = 30)
// GLOBAL: 0001:000300ea main_ 004310ea (code) (module index = 30)
// GLOBAL: 0001:00030275 Paths_ReadTillEOL_ 00431275 (code) (module index = 31)
// GLOBAL: 0001:000302ac Paths_ReadTillNotEOL_ 004312ac (code) (module index = 31)
// GLOBAL: 0001:000302e1 Paths_StartUp_ 004312e1 (code) (module index = 31)
// GLOBAL: 0001:000303ab Paths_CleanUp_ 004313ab (code) (module index = 31)
// GLOBAL: 0001:000303d7 Personality_GetName_ 004313d7 (code) (module index = 32)
// GLOBAL: 0001:0003040c Personality_HardLoad_ 0043140c (code) (module index = 32)
// GLOBAL: 0001:00030435 Personality_CleanUp_ 00431435 (code) (module index = 32)
// GLOBAL: 0001:0003044a Personality_StartUp_ 0043144a (code) (module index = 32)
// GLOBAL: 0001:00030464 Personality_GetPersonalityIndex_ 00431464 (code) (module index = 32)
// GLOBAL: 0001:000304b7 Personality_ChoosePersonality_ 004314b7 (code) (module index = 32)
// GLOBAL: 0001:00030546 Physics_InitCarSpecs_ 00431546 (code) (module index = 33)
// GLOBAL: 0001:00030914 Physics_CalculateDerivedCarSpecs_ 00431914 (code) (module index = 33)
// GLOBAL: 0001:00030f11 Physics_CalculateBarrierCollisionWidthOfCar_ 00431f11 (code) (module index = 33)
// GLOBAL: 0001:00031188 Physics_AttenuateVelocity_ 00432188 (code) (module index = 33)
// GLOBAL: 0001:00031693 Physics_SetCurrentWallType_ 00432693 (code) (module index = 33)
// GLOBAL: 0001:000316b5 Physics_GetTorque_ 004326b5 (code) (module index = 33)
// GLOBAL: 0001:0003172f Physics_CorrectPostCollisionYaw_ 0043272f (code) (module index = 33)
// GLOBAL: 0001:00031b61 Physics_DoBarrierCheck_ 00432b61 (code) (module index = 33)
// GLOBAL: 0001:0003265c Physics_AutoShift_ 0043365c (code) (module index = 33)
// GLOBAL: 0001:00032bfb Physics_RampCarControlValues_ 00433bfb (code) (module index = 33)
// GLOBAL: 0001:000333f3 Physics_FixEngineRpm_ 004343f3 (code) (module index = 33)
// GLOBAL: 0001:0003374c Physics_FakeEngineRpm_ 0043474c (code) (module index = 33)
// GLOBAL: 0001:0003386b Physics_ResetCar_ 0043486b (code) (module index = 33)
// GLOBAL: 0001:0003399f Physics_StopCar_ 0043499f (code) (module index = 33)
// GLOBAL: 0001:00033a54 Physics_TestForBarrierCollision_ 00434a54 (code) (module index = 33)
// GLOBAL: 0001:00033ab2 Physics_CalculateRoadGripModifiers_ 00434ab2 (code) (module index = 33)
// GLOBAL: 0001:00033eae Physics_CalculateCarAcceleration_ 00434eae (code) (module index = 33)
// GLOBAL: 0001:00034723 Physics_CalcWheelLockAcc_ 00435723 (code) (module index = 33)
// GLOBAL: 0001:000348bc Physics_CalcTractionCircleAcc_ 004358bc (code) (module index = 33)
// GLOBAL: 0001:00034cdc Physics_CalculateTireForces_ 00435cdc (code) (module index = 33)
// GLOBAL: 0001:000356b3 Physics_Real_ 004366b3 (code) (module index = 33)
// GLOBAL: 0001:00036e37 Physics_SimCar_ 00437e37 (code) (module index = 33)
// GLOBAL: 0001:00036ef7 Physics_Assist_ 00437ef7 (code) (module index = 33)
// GLOBAL: 0001:00037045 Physics_FakeCarAcceleration_ 00438045 (code) (module index = 33)
// GLOBAL: 0001:000383c6 Physics_FakeSteering_ 004393c6 (code) (module index = 33)
// GLOBAL: 0001:00038f67 Physics_FakePowerOversteer_ 00439f67 (code) (module index = 33)
// GLOBAL: 0001:00039af9 Physics_Fake_ 0043aaf9 (code) (module index = 33)
// GLOBAL: 0001:0003a5d1 Quatern_Interpolate_ 0043b5d1 (code) (module index = 34)
// GLOBAL: 0001:0003a75d Quatern_QuatToMat_ 0043b75d (code) (module index = 34)
// GLOBAL: 0001:0003a8cb Transformer_SetSubDivideQuality_ 0043b8cb (code) (module index = 35)
// GLOBAL: 0001:0003a8ed Transformer_ReserveAndDispenseNode_ 0043b8ed (code) (module index = 35)
// GLOBAL: 0001:0003a9b1 Transformer_CleanUp_ 0043b9b1 (code) (module index = 35)
// GLOBAL: 0001:0003aa2d Transformer_AllocateAndInitializeNode_ 0043ba2d (code) (module index = 35)
// GLOBAL: 0001:0003ab23 Transformer_CreateNode_ 0043bb23 (code) (module index = 35)
// GLOBAL: 0001:0003ab65 Transformer_AddGeomObj_ 0043bb65 (code) (module index = 35)
// GLOBAL: 0001:0003abd1 Transformer_HangNewTransformNode_ 0043bbd1 (code) (module index = 35)
// GLOBAL: 0001:0003ac48 Transformer_HangNewGeomNode_ 0043bc48 (code) (module index = 35)
// GLOBAL: 0001:0003acbf Transformer_BuildShadowFacet_ 0043bcbf (code) (module index = 35)
// GLOBAL: 0001:0003ada6 Transformer_InsertPartFacet_ 0043bda6 (code) (module index = 35)
// GLOBAL: 0001:0003b0ba Transformer_InitPriorityNodeList_ 0043c0ba (code) (module index = 35)
// GLOBAL: 0001:0003b103 Transformer_LinkAllNodeLists_ 0043c103 (code) (module index = 35)
// GLOBAL: 0001:0003b164 R3DCar_DoSpoilerActionNull_ 0043c164 (code) (module index = 36)
// GLOBAL: 0001:0003b190 R3DCar_DoSpoilerActionIsdera_ 0043c190 (code) (module index = 36)
// GLOBAL: 0001:0003b237 R3DCar_DoSpoilerActionMacF1_ 0043c237 (code) (module index = 36)
// GLOBAL: 0001:0003b2ed R3DCar_DoSpoilerActionGT90_ 0043c2ed (code) (module index = 36)
// GLOBAL: 0001:0003b366 R3DCar_GetLightingContext_ 0043c366 (code) (module index = 36)
// GLOBAL: 0001:0003b3f0 R3DCar_PitchAndRollCarBody_ 0043c3f0 (code) (module index = 36)
// GLOBAL: 0001:0003b667 R3DCar_DoSuspensionAnimation_ 0043c667 (code) (module index = 36)
// GLOBAL: 0001:0003b85f R3DCar_DoRearSuspensionAnimation_ 0043c85f (code) (module index = 36)
// GLOBAL: 0001:0003b88a R3DCar_SteerFrontWheels_ 0043c88a (code) (module index = 36)
// GLOBAL: 0001:0003b9f9 R3DCar_ReadInCarData_ 0043c9f9 (code) (module index = 36)
// GLOBAL: 0001:0003bb56 R3DCar_SetZsortPartLinkPriorityMinMaxYawMinMaxPitch_ 0043cb56 (code) (module index = 36)
// GLOBAL: 0001:0003bbbe R3DCar_SetWheelStruct_ 0043cbbe (code) (module index = 36)
// GLOBAL: 0001:0003bca6 R3DCar_Restart_ 0043cca6 (code) (module index = 36)
// GLOBAL: 0001:0003bccf R3DCar_StartUp_ 0043cccf (code) (module index = 36)
// GLOBAL: 0001:0003bd23 R3DCar_CleanUp_ 0043cd23 (code) (module index = 36)
// GLOBAL: 0001:0003bde4 R3DCar_LocateAnimWheelFacets_ 0043cde4 (code) (module index = 36)
// GLOBAL: 0001:0003be6b R3DCar_LocateBrakelightAnimFacets_ 0043ce6b (code) (module index = 36)
// GLOBAL: 0001:0003bef1 R3DCar_DeInstantiate3DCar_ 0043cef1 (code) (module index = 36)
// GLOBAL: 0001:0003bf3c R3DCar_Instantiate3DCar_ 0043cf3c (code) (module index = 36)
// GLOBAL: 0001:0003ce99 R3DCar_ChangeTrafficColor_ 0043de99 (code) (module index = 36)
// GLOBAL: 0001:0003cef1 R3DCar_InsertCarFacet_ 0043def1 (code) (module index = 36)
// GLOBAL: 0001:0003d3bb R3DCar_SetCarDetailLevel_ 0043e3bb (code) (module index = 36)
// GLOBAL: 0001:0003d539 R3DCar_BuildCarVisibilityList_ 0043e539 (code) (module index = 36)
// GLOBAL: 0001:0003dabb R3DCar_InsertAllListFacet_ 0043eabb (code) (module index = 36)
// GLOBAL: 0001:0003dc26 Render_ResetTm_ 0043ec26 (code) (module index = 37)
// GLOBAL: 0001:0003dc45 Render_AllocateTm_ 0043ec45 (code) (module index = 37)
// GLOBAL: 0001:0003dc7a Render_FreeTm_ 0043ec7a (code) (module index = 37)
// GLOBAL: 0001:0003dca3 Render_GetTm_ 0043eca3 (code) (module index = 37)
// GLOBAL: 0001:0003dcf8 Render_LocateTm_ 0043ecf8 (code) (module index = 37)
// GLOBAL: 0001:0003dd44 Render_NilListFacet_ 0043ed44 (code) (module index = 37)
// GLOBAL: 0001:0003dd7c Render_SetUnicFacet_ 0043ed7c (code) (module index = 37)
// GLOBAL: 0001:0003ddc5 Render_MergeListFacet_ 0043edc5 (code) (module index = 37)
// GLOBAL: 0001:0003de20 Render_InitListFacet_ 0043ee20 (code) (module index = 37)
// GLOBAL: 0001:0003de49 Render_AddFacet_ 0043ee49 (code) (module index = 37)
// GLOBAL: 0001:0003deb2 Render_FetchListFacet_ 0043eeb2 (code) (module index = 37)
// GLOBAL: 0001:0003df01 Render_Render3DView_ 0043ef01 (code) (module index = 37)
// GLOBAL: 0001:0003dfab Render_RenderView_ 0043efab (code) (module index = 37)
// GLOBAL: 0001:0003e08b Render_StartFrameRender_ 0043f08b (code) (module index = 37)
// GLOBAL: 0001:0003e0af Render_StopFrameRender_ 0043f0af (code) (module index = 37)
// GLOBAL: 0001:0003e0ce Render_StartPauseMenu_ 0043f0ce (code) (module index = 37)
// GLOBAL: 0001:0003e0f2 Render_StopPauseMenu_ 0043f0f2 (code) (module index = 37)
// GLOBAL: 0001:0003e116 Render_Render_ 0043f116 (code) (module index = 37)
// GLOBAL: 0001:0003e273 Render_Debug_ 0043f273 (code) (module index = 37)
// GLOBAL: 0001:0003e2b6 Render_InitTrackRender_ 0043f2b6 (code) (module index = 37)
// GLOBAL: 0001:0003e307 Render_RestartTrackRender_ 0043f307 (code) (module index = 37)
// GLOBAL: 0001:0003e335 Render_InitTrackRenderPostSim_ 0043f335 (code) (module index = 37)
// GLOBAL: 0001:0003e363 Render_KillTrackRender_ 0043f363 (code) (module index = 37)
// GLOBAL: 0001:0003e3af Render_InitLibRender_ 0043f3af (code) (module index = 37)
// GLOBAL: 0001:0003e3ce Render_KillLibRender_ 0043f3ce (code) (module index = 37)
// GLOBAL: 0001:0003e3e8 Replay_Compress_ 0043f3e8 (code) (module index = 38)
// GLOBAL: 0001:0003e4e8 Replay_Decompress_ 0043f4e8 (code) (module index = 38)
// GLOBAL: 0001:0003e5b1 Replay_InitReplay_ 0043f5b1 (code) (module index = 38)
// GLOBAL: 0001:0003e623 Replay_ResetReplay_ 0043f623 (code) (module index = 38)
// GLOBAL: 0001:0003e770 Replay_StoringReplay_ 0043f770 (code) (module index = 38)
// GLOBAL: 0001:0003e7b1 Replay_StoringControllerData_ 0043f7b1 (code) (module index = 38)
// GLOBAL: 0001:0003e905 Replay_RetreivingControllerData_ 0043f905 (code) (module index = 38)
// GLOBAL: 0001:0003ea61 Replay_SaveInput_ 0043fa61 (code) (module index = 38)
// GLOBAL: 0001:0003eb81 Replay_GetInput_ 0043fb81 (code) (module index = 38)
// GLOBAL: 0001:0003ed30 Replay_SaveReplay_ 0043fd30 (code) (module index = 38)
// GLOBAL: 0001:0003ed47 Replay_LoadReplay_ 0043fd47 (code) (module index = 38)
// GLOBAL: 0001:0003edc3 Replay_DoReplay_ 0043fdc3 (code) (module index = 38)
// GLOBAL: 0001:0003ee0d Replay_GetInterfaceKey_ 0043fe0d (code) (module index = 38)
// GLOBAL: 0001:0003f0cc Replay_TrackEvents_ 004400cc (code) (module index = 38)
// GLOBAL: 0001:0003f0e6 Replay_SetCamera_ 004400e6 (code) (module index = 38)
// GLOBAL: 0001:0003f1b1 Replay_ReplayChooseCamera_ 004401b1 (code) (module index = 38)
// GLOBAL: 0001:0003f301 Risk_InitSortFacets_ 00440301 (code) (module index = 39)
// GLOBAL: 0001:0003f329 Risk_Z2Index_ 00440329 (code) (module index = 39)
// GLOBAL: 0001:0003f354 Risk_InsertIndexFacet_ 00440354 (code) (module index = 39)
// GLOBAL: 0001:0003f3d9 Risk_InsertFacetByList_ 004403d9 (code) (module index = 39)
// GLOBAL: 0001:0003f5cc Risk_InsertFacet_ 004405cc (code) (module index = 39)
// GLOBAL: 0001:0003f787 Risk_InsertListFacets_ 00440787 (code) (module index = 39)
// GLOBAL: 0001:0003f943 Risk_CollectClipFacet_ 00440943 (code) (module index = 39)
// GLOBAL: 0001:0003f9f8 Risk_InitTrackRisk_ 004409f8 (code) (module index = 39)
// GLOBAL: 0001:0003fa69 Risk_KillTrackRisk_ 00440a69 (code) (module index = 39)
// GLOBAL: 0001:0003fa9a IsNumChar_ 00440a9a (code) (module index = 39)
// GLOBAL: 0001:0003fae7 Risk_ReadNextValue_ 00440ae7 (code) (module index = 39)
// GLOBAL: 0001:0003fb92 Risk_CircleClip_ 00440b92 (code) (module index = 39)
// GLOBAL: 0001:0003fc61 Risk_InitBSpline_ 00440c61 (code) (module index = 39)
// GLOBAL: 0001:0003fdba Risk_CalcBSpline_ 00440dba (code) (module index = 39)
// GLOBAL: 0001:0004007e Risk_BSpline_ 0044107e (code) (module index = 39)
// GLOBAL: 0001:0004019e Risk_Linear_ 0044119e (code) (module index = 39)
// GLOBAL: 0001:0004029e Line_SingleLine_ 0044129e (code) (module index = 40)
// GLOBAL: 0001:00040761 Line_DashLine_ 00441761 (code) (module index = 40)
// GLOBAL: 0001:00040c53 Line_DoubleLine_ 00441c53 (code) (module index = 40)
// GLOBAL: 0001:000411d0 Line_SolidDashLine_ 004421d0 (code) (module index = 40)
// GLOBAL: 0001:00041858 Line_DashSolidLine_ 00442858 (code) (module index = 40)
// GLOBAL: 0001:00041ee0 Line_StartInsertFacet_ 00442ee0 (code) (module index = 40)
// GLOBAL: 0001:00041eff Line_BuildChunkLine_ 00442eff (code) (module index = 40)
// GLOBAL: 0001:00042197 Line_InsertFacet_ 00443197 (code) (module index = 40)
// GLOBAL: 0001:000421e2 Line_InitTrackLine_ 004431e2 (code) (module index = 40)
// GLOBAL: 0001:000421f7 Line_KillTrackLine_ 004431f7 (code) (module index = 40)
// GLOBAL: 0001:0004220c Sched_ExecuteCheck_ 0044320c (code) (module index = 41)
// GLOBAL: 0001:00042302 Sched_CreateNewSchedule_ 00443302 (code) (module index = 41)
// GLOBAL: 0001:000423a4 Sched_CleanUpSchedule_ 004433a4 (code) (module index = 41)
// GLOBAL: 0001:000423d1 Sched_AddFunction_ 004433d1 (code) (module index = 41)
// GLOBAL: 0001:000424a9 Sched_DeleteFunction_ 004434a9 (code) (module index = 41)
// GLOBAL: 0001:00042587 Sched_Execute_ 00443587 (code) (module index = 41)
// GLOBAL: 0001:000425e6 Sim_CaptureScreen_ 004435e6 (code) (module index = 42)
// GLOBAL: 0001:0004263a Sim_StartUp_ 0044363a (code) (module index = 42)
// GLOBAL: 0001:0004273e Sim_Restart_ 0044373e (code) (module index = 42)
// GLOBAL: 0001:000427d0 Sim_CleanUp_ 004437d0 (code) (module index = 42)
// GLOBAL: 0001:00042837 Sim_ProcessSimSchedules_ 00443837 (code) (module index = 42)
// GLOBAL: 0001:00042a0c Sim_ProcessPause_ 00443a0c (static pubdef) (code) (module index = 42)
// GLOBAL: 0001:00042ae3 Sim_CheckForPause_ 00443ae3 (code) (module index = 42)
// GLOBAL: 0001:00042bb1 Sim_MainGameLoop_ 00443bb1 (code) (module index = 42)
// GLOBAL: 0001:00043103 SimCom_StartUp_ 00444103 (code) (module index = 43)
// GLOBAL: 0001:0004312c SimCom_Restart_ 0044412c (code) (module index = 43)
// GLOBAL: 0001:00043155 SimCom_CleanUp_ 00444155 (code) (module index = 43)
// GLOBAL: 0001:000431a0 SimCom_Pause_ 004441a0 (code) (module index = 43)
// GLOBAL: 0001:00043303 SimCom_PauseLogic_ 00444303 (code) (module index = 43)
// GLOBAL: 0001:000436c9 SimCom_PauseAction_CALLBACK_ 004446c9 (code) (module index = 43)
// GLOBAL: 0001:000437e3 SimCom_DisplaySyncMsg_ 004447e3 (code) (module index = 43)
// GLOBAL: 0001:0004385c SimCom_SynchSetup_ 0044485c (code) (module index = 43)
// GLOBAL: 0001:00043a06 SimCom_SynchSetup_CALLBACK_ 00444a06 (code) (module index = 43)
// GLOBAL: 0001:00043a4a SimCom_SendInput_ 00444a4a (code) (module index = 43)
// GLOBAL: 0001:00043b24 SimCom_SimInput_CALLBACK_ 00444b24 (code) (module index = 43)
// GLOBAL: 0001:00043c16 SimQueue_StartUp_ 00444c16 (code) (module index = 44)
// GLOBAL: 0001:00043c52 SimQueue_Reset_ 00444c52 (code) (module index = 44)
// GLOBAL: 0001:00043da5 SimQueue_CleanUp_ 00444da5 (code) (module index = 44)
// GLOBAL: 0001:00043ddc SimQueue_Put_ 00444ddc (code) (module index = 44)
// GLOBAL: 0001:00043f53 SimQueue_HostPutClient_ 00444f53 (code) (module index = 44)
// GLOBAL: 0001:00044087 SimQueue_SetCurrentInput_ 00445087 (code) (module index = 44)
// GLOBAL: 0001:00044135 SimQueue_GetCurrentInput_ 00445135 (code) (module index = 44)
// GLOBAL: 0001:0004416a SimQueue_ServerPeek_ 0044516a (code) (module index = 44)
// GLOBAL: 0001:00044262 SimQueue_CalcPauseTime_ 00445262 (code) (module index = 44)
// GLOBAL: 0001:0004429d SimQueue_GetHeadTime_ 0044529d (code) (module index = 44)
// GLOBAL: 0001:000442bf SimQueue_GetHostTailTime_ 004452bf (code) (module index = 44)
// GLOBAL: 0001:000442e1 SimQueue_GetRemoteTicksAhead_ 004452e1 (code) (module index = 44)
// GLOBAL: 0001:0004434b SimQueue_SetLocalTicksAhead_ 0044534b (code) (module index = 44)
// GLOBAL: 0001:0004438b SimQueue_SetLag_ 0044538b (static pubdef) (code) (module index = 44)
// GLOBAL: 0001:00044438 SimQueue_IsBlocking_ 00445438 (static pubdef) (code) (module index = 44)
// GLOBAL: 0001:00044611 Sim_OpenSimFile_ 00445611 (code) (module index = 45)
// GLOBAL: 0001:000446ed Sim_CloseSimFile_ 004456ed (code) (module index = 45)
// GLOBAL: 0001:00044750 Sim_GetFileSize_ 00445750 (code) (module index = 45)
// GLOBAL: 0001:000447a8 Sim_ReadFile_ 004457a8 (code) (module index = 45)
// GLOBAL: 0001:0004482a Sim_GetNumSlices_ 0044582a (code) (module index = 45)
// GLOBAL: 0001:00044882 Sim_GetNumObjects_ 00445882 (code) (module index = 45)
// GLOBAL: 0001:000448da Sim_GetNumEdges_ 004458da (code) (module index = 45)
// GLOBAL: 0001:00044932 Sim_GetSlices_ 00445932 (code) (module index = 45)
// GLOBAL: 0001:00044955 Sim_GetObjects_ 00445955 (code) (module index = 45)
// GLOBAL: 0001:00044988 Sim_GetEdges_ 00445988 (code) (module index = 45)
// GLOBAL: 0001:000449c6 GetGustWind_ 004459c6 (code) (module index = 46)
// GLOBAL: 0001:00044a1e GetAngleWind_ 00445a1e (code) (module index = 46)
// GLOBAL: 0001:00044a58 MoveAngleWind_ 00445a58 (code) (module index = 46)
// GLOBAL: 0001:00044a9e Souffle_Add_ 00445a9e (code) (module index = 46)
// GLOBAL: 0001:00044c24 Souffle_DoSouffle_ 00445c24 (code) (module index = 46)
// GLOBAL: 0001:00044dec Souffle_InsertFacet_ 00445dec (code) (module index = 46)
// GLOBAL: 0001:00044e91 Souffle_InitTrackSouffle_ 00445e91 (code) (module index = 46)
// GLOBAL: 0001:00044ec4 Souffle_RestartTrackSouffle_ 00445ec4 (code) (module index = 46)
// GLOBAL: 0001:00044ee3 Souffle_KillTrackSouffle_ 00445ee3 (code) (module index = 46)
// GLOBAL: 0001:00044ef8 TrgSfx_AddCarSfx_ 00445ef8 (code) (module index = 47)
// GLOBAL: 0001:00044fbd TrgSfx_CrashCar_ 00445fbd (code) (module index = 47)
// GLOBAL: 0001:00045032 TrgSfx_SubdividSkidmark_ 00446032 (code) (module index = 47)
// GLOBAL: 0001:000450fd TrgSfx_AddSkidmark_ 004460fd (code) (module index = 47)
// GLOBAL: 0001:0004528b TrgSfx_InitTrgSfx_ 0044628b (code) (module index = 47)
// GLOBAL: 0001:00045332 TrgSfx_RestartTrgSfx_ 00446332 (code) (module index = 47)
// GLOBAL: 0001:00045351 TrgSfx_KillTrgSfx_ 00446351 (code) (module index = 47)
// GLOBAL: 0001:00045366 Stats_DoPlayerGlue_ 00446366 (code) (module index = 48)
// GLOBAL: 0001:0004556a Stats_ClearPosition_ 0044656a (code) (module index = 48)
// GLOBAL: 0001:000455da Stats_GetPosition_ 004465da (code) (module index = 48)
// GLOBAL: 0001:00045646 Stats_GetNumOpponents_ 00446646 (code) (module index = 48)
// GLOBAL: 0001:0004569d Stats_GetNextCar_ 0044669d (code) (module index = 48)
// GLOBAL: 0001:000456e1 Stats_TrackStats_ 004466e1 (code) (module index = 48)
// GLOBAL: 0001:00045b37 Stats_ExtrapolateOpponentTimes_ 00446b37 (code) (module index = 48)
// GLOBAL: 0001:00045e78 Stats_TrackEndGame_ 00446e78 (code) (module index = 48)
// GLOBAL: 0001:00045f67 _kchGeomCollSizeOff 00446f67 (static pubdef) (code) (module index = 49)
// GLOBAL: 0001:00045f6b _kchItemCollCountOff 00446f6b (static pubdef) (code) (module index = 49)
// GLOBAL: 0001:00045f6f _kchSimSliceIndexOff 00446f6f (static pubdef) (code) (module index = 49)
// GLOBAL: 0001:00045f73 _kchChunkNumOff 00446f73 (static pubdef) (code) (module index = 49)
// GLOBAL: 0001:00045f77 _kchBoundsOff 00446f77 (static pubdef) (code) (module index = 49)
// GLOBAL: 0001:00045f7b _kchHeaderEndOff 00446f7b (static pubdef) (code) (module index = 49)
// GLOBAL: 0001:00045f7f _kGeoPtOff 00446f7f (static pubdef) (code) (module index = 49)
// GLOBAL: 0001:00045f83 Stm_InitStreamReader_ 00446f83 (code) (module index = 49)
// GLOBAL: 0001:00045fa4 Stm_DeInitStreamReader_ 00446fa4 (code) (module index = 49)
// GLOBAL: 0001:00045fcc Stm_GetNumberOfChunks_ 00446fcc (code) (module index = 49)
// GLOBAL: 0001:00046024 Stm_GetNumberOfMetaChunks_ 00447024 (code) (module index = 49)
// GLOBAL: 0001:0004607c Stm_GetMaxMetaChunkSize_ 0044707c (code) (module index = 49)
// GLOBAL: 0001:000460d4 Stm_GetMaxGeomCollSize_ 004470d4 (code) (module index = 49)
// GLOBAL: 0001:0004612c Stm_GetChunkCenter_ 0044712c (code) (module index = 49)
// GLOBAL: 0001:00046159 Stm_GetChunkCenterRef_ 00447159 (code) (module index = 49)
// GLOBAL: 0001:00046185 Stm_GetMaxFullSize_ 00447185 (code) (module index = 49)
// GLOBAL: 0001:000461dd Stm_GetMaxSplitSize_ 004471dd (code) (module index = 49)
// GLOBAL: 0001:00046235 Stm_GetNumChunks_ 00447235 (code) (module index = 49)
// GLOBAL: 0001:0004625e Stm_GetChunk_ 0044725e (code) (module index = 49)
// GLOBAL: 0001:000462d5 Stm_GetMetaChunkIndex_ 004472d5 (code) (module index = 49)
// GLOBAL: 0001:00046338 Stm_GetGeometry_ 00447338 (code) (module index = 49)
// GLOBAL: 0001:00046361 Stm_GetVertices_ 00447361 (code) (module index = 49)
// GLOBAL: 0001:0004638a Stm_GetQuads_ 0044738a (code) (module index = 49)
// GLOBAL: 0001:000463d5 Stm_GetItemCollection_ 004473d5 (code) (module index = 49)
// GLOBAL: 0001:00046486 Stm_GetFirstSimSliceIndex_ 00447486 (code) (module index = 49)
// GLOBAL: 0001:000464c0 Stm_GetGeomCollSize_ 004474c0 (code) (module index = 49)
// GLOBAL: 0001:000464fe Stm_GetChunkNum_ 004474fe (code) (module index = 49)
// GLOBAL: 0001:00046538 Stm_GetBounds_ 00447538 (code) (module index = 49)
// GLOBAL: 0001:00046561 Udff_Opena_ 00447561 (code) (module index = 50)
// GLOBAL: 0001:000466d2 Udff_Close_ 004476d2 (code) (module index = 50)
// GLOBAL: 0001:0004671f Udff_GetInt_ 0044771f (code) (module index = 50)
// GLOBAL: 0001:0004677b Udff_GetChar_ 0044777b (code) (module index = 50)
// GLOBAL: 0001:000467d6 Udff_GetStr_ 004477d6 (code) (module index = 50)
// GLOBAL: 0001:00046801 Udff_GetStrn_ 00447801 (code) (module index = 50)
// GLOBAL: 0001:0004688c Udff_GetBuffer_ 0044788c (code) (module index = 50)
// GLOBAL: 0001:000468eb Smack_ResetObj_ 004478eb (code) (module index = 51)
// GLOBAL: 0001:000469c1 Smack_GeneralPhysics_ 004479c1 (code) (module index = 51)
// GLOBAL: 0001:00046b14 Smack_DoPostCollisionStuff_ 00447b14 (code) (module index = 51)
// GLOBAL: 0001:00046db1 Smack_Restart_ 00447db1 (code) (module index = 51)
// GLOBAL: 0001:00046dc6 Smack_MakeSmackDataPathName_ 00447dc6 (code) (module index = 51)
// GLOBAL: 0001:00046e0e Smack_SetSmackInitPosition_ 00447e0e (code) (module index = 51)
// GLOBAL: 0001:00046eaf Smack_StartUp_ 00447eaf (code) (module index = 51)
// GLOBAL: 0001:00046fcf Smack_CleanUp_ 00447fcf (code) (module index = 51)
// GLOBAL: 0001:00046fe4 _mirrorthreadfunc 00447fe4 (static pubdef) (code) (module index = 53)
// GLOBAL: 0001:00047287 IsDirSep_ 00448287 (static pubdef) (code) (module index = 53)
// GLOBAL: 0001:000472c6 wingetroot_ 004482c6 (static pubdef) (code) (module index = 53)
// GLOBAL: 0001:000473d0 winfullpath_ 004483d0 (static pubdef) (code) (module index = 53)
// GLOBAL: 0001:000474e3 _getdrivemap 004484e3 (code) (module index = 53)
// GLOBAL: 0001:00047503 _getdrivename 00448503 (code) (module index = 53)
// GLOBAL: 0001:00047616 _setdirectory 00448616 (code) (module index = 53)
// GLOBAL: 0001:0004765c _getdirectory 0044865c (code) (module index = 53)
// GLOBAL: 0001:000476b7 _iswinfilesinited 004486b7 (code) (module index = 53)
// GLOBAL: 0001:000476ec _initwinfiles 004486ec (code) (module index = 53)
// GLOBAL: 0001:00047791 _restorewinfiles 00448791 (code) (module index = 53)
// GLOBAL: 0001:0004787c _openwinfile 0044887c (code) (module index = 53)
// GLOBAL: 0001:00047f54 _infowinfile 00448f54 (code) (module index = 53)
// GLOBAL: 0001:000480bd _readwinfile 004490bd (code) (module index = 53)
// GLOBAL: 0001:0004858b _writewinfile 0044958b (code) (module index = 53)
// GLOBAL: 0001:00048859 _seekwinfile 00449859 (code) (module index = 53)
// GLOBAL: 0001:00048a02 _tellwinfile 00449a02 (code) (module index = 53)
// GLOBAL: 0001:00048af2 _closewinfile 00449af2 (code) (module index = 53)
// GLOBAL: 0001:00048c98 _lockwinfile 00449c98 (code) (module index = 53)
// GLOBAL: 0001:00048d11 _unlockwinfile 00449d11 (code) (module index = 53)
// GLOBAL: 0001:00048d8f _addresswinfile 00449d8f (code) (module index = 53)
// GLOBAL: 0001:00048e13 _mirrorwinfile 00449e13 (code) (module index = 53)
// GLOBAL: 0001:00048e77 _setendoffile 00449e77 (code) (module index = 53)
// GLOBAL: 0001:00048f56 PACKET_Send_ 00449f56 (code) (module index = 54)
// GLOBAL: 0001:0004924c PACKET_InitGlobals_ 0044a24c (code) (module index = 54)
// GLOBAL: 0001:00049297 PACKET_InitCallBacks_ 0044a297 (code) (module index = 54)
// GLOBAL: 0001:000492d9 _PACKET_Receive_CALLBACK 0044a2d9 (code) (module index = 54)
// GLOBAL: 0001:00049362 _PACKET_ConnClosed_CALLBACK 0044a362 (code) (module index = 54)
// GLOBAL: 0001:000493c3 _PACKET_UserAbort_CALLBACK 0044a3c3 (code) (module index = 54)
// GLOBAL: 0001:0004941d PACKET_Initialize_ 0044a41d (code) (module index = 54)
// GLOBAL: 0001:000494d0 PACKET_UserAbortConnection_ 0044a4d0 (code) (module index = 54)
// GLOBAL: 0001:00049516 PACKET_Disconnect_ 0044a516 (code) (module index = 54)
// GLOBAL: 0001:0004955a PACKET_GetCompressedIndex_ 0044a55a (code) (module index = 54)
// GLOBAL: 0001:000495b7 PACKET_GetStaticIndex_ 0044a5b7 (code) (module index = 54)
// GLOBAL: 0001:0004960e PACKET_SetIndexes_ 0044a60e (code) (module index = 54)
// GLOBAL: 0001:0004977a PACKET_UpdatePlayers_CALLBACK_ 0044a77a (code) (module index = 54)
// GLOBAL: 0001:00049816 PACKET_GetPlayers_ 0044a816 (code) (module index = 54)
// GLOBAL: 0001:0004986f PACKET_CheckPoint_ 0044a86f (code) (module index = 54)
// GLOBAL: 0001:00049ad0 PACKET_Checkpoint_CALLBACK_ 0044aad0 (code) (module index = 54)
// GLOBAL: 0001:00049b8a Serial_Connect_ 0044ab8a (code) (module index = 55)
// GLOBAL: 0001:00049e02 Serial_PickHost_CALLBACK_ 0044ae02 (code) (module index = 55)
// GLOBAL: 0001:00049e39 Serial_InitConn_ 0044ae39 (static pubdef) (code) (module index = 55)
// GLOBAL: 0001:00049fff Serial_PickHost_ 0044afff (static pubdef) (code) (module index = 55)
// GLOBAL: 0001:0004a165 _kYCoords_8P 0044b165 (code) (module index = 56)
// GLOBAL: 0001:0004a185 _kYCoords_8P_Sim 0044b185 (code) (module index = 56)
// GLOBAL: 0001:0004a1a5 Chat_ReceiveMessage_CALLBACK_ 0044b1a5 (code) (module index = 56)
// GLOBAL: 0001:0004a24f Chat_OpenHailingFrequency_ 0044b24f (code) (module index = 56)
// GLOBAL: 0001:0004a2e9 Chat_CloseHailingFrequency_ 0044b2e9 (code) (module index = 56)
// GLOBAL: 0001:0004a303 Chat_Display_ 0044b303 (code) (module index = 56)
// GLOBAL: 0001:0004a561 Chat_AcceptInput_ 0044b561 (code) (module index = 56)
// GLOBAL: 0001:0004a7b7 Chat_Clear_ 0044b7b7 (code) (module index = 56)
// GLOBAL: 0001:0004a7d1 Chat_UpdateBuffers_ 0044b7d1 (static pubdef) (code) (module index = 56)
// GLOBAL: 0001:0004a847 Editor_Open_ 0044b847 (code) (module index = 57)
// GLOBAL: 0001:0004a9ec Editor_Close_ 0044b9ec (code) (module index = 57)
// GLOBAL: 0001:0004aa4d Editor_ClearAllWindows_ 0044ba4d (code) (module index = 57)
// GLOBAL: 0001:0004aaa7 Editor_ClearWindow_ 0044baa7 (code) (module index = 57)
// GLOBAL: 0001:0004ab46 Editor_ClearLine_ 0044bb46 (code) (module index = 57)
// GLOBAL: 0001:0004abbb Editor_InsertString_ 0044bbbb (code) (module index = 57)
// GLOBAL: 0001:0004ac1e Editor_InsertChar_ 0044bc1e (code) (module index = 57)
// GLOBAL: 0001:0004adf7 Editor_DeleteChar_ 0044bdf7 (code) (module index = 57)
// GLOBAL: 0001:0004aef2 Editor_GetWindowText_ 0044bef2 (code) (module index = 57)
// GLOBAL: 0001:0004b042 Editor_CheckForWordWrap_ 0044c042 (static pubdef) (code) (module index = 57)
// GLOBAL: 0001:0004b07c ModemReg_FindNext_ 0044c07c (code) (module index = 58)
// GLOBAL: 0001:0004b0e1 ModemReg_FindFirst_ 0044c0e1 (static pubdef) (code) (module index = 58)
// GLOBAL: 0001:0004b1d2 ModemReg_OpenRootKey_ 0044c1d2 (static pubdef) (code) (module index = 58)
// GLOBAL: 0001:0004b224 ModemReg_CloseRootKey_ 0044c224 (static pubdef) (code) (module index = 58)
// GLOBAL: 0001:0004b24b ModemReg_FindModems_ 0044c24b (static pubdef) (code) (module index = 58)
// GLOBAL: 0001:0004b37d ModemReg_AddModemToList_ 0044c37d (static pubdef) (code) (module index = 58)
// GLOBAL: 0001:0004b83e ModemReg_ReadString_ 0044c83e (static pubdef) (code) (module index = 58)
// GLOBAL: 0001:0004b8d3 ModemReg_IsDialTypeTone_ 0044c8d3 (static pubdef) (code) (module index = 58)
// GLOBAL: 0001:0004ba1d Audio_InitDriver_ 0044ca1d (code) (module index = 60)
// GLOBAL: 0001:0004bb86 Audio_ReInitDriver_ 0044cb86 (code) (module index = 60)
// GLOBAL: 0001:0004bc8a Audio_DeInitDriver_ 0044cc8a (code) (module index = 60)
// GLOBAL: 0001:0004bcb6 Audio_UnCacheMusic_ 0044ccb6 (code) (module index = 60)
// GLOBAL: 0001:0004bd0a Audio_ReserveCache_ 0044cd0a (code) (module index = 60)
// GLOBAL: 0001:0004bdbb Audio_CacheMusic_ 0044cdbb (code) (module index = 60)
// GLOBAL: 0001:0004bf70 Audio_InitMusic_ 0044cf70 (code) (module index = 60)
// GLOBAL: 0001:0004bfc4 Audio_ReInitMusic_ 0044cfc4 (code) (module index = 60)
// GLOBAL: 0001:0004c014 Audio_StartMusic_ 0044d014 (code) (module index = 60)
// GLOBAL: 0001:0004c185 Audio_StartMusicSIM_ 0044d185 (code) (module index = 60)
// GLOBAL: 0001:0004c2d9 Audio_StartLinMusic_ 0044d2d9 (code) (module index = 60)
// GLOBAL: 0001:0004c3e8 Audio_StopMusic_ 0044d3e8 (code) (module index = 60)
// GLOBAL: 0001:0004c482 Audio_DeInitMusic_ 0044d482 (code) (module index = 60)
// GLOBAL: 0001:0004c4b8 Audio_CleanUp_ 0044d4b8 (code) (module index = 60)
// GLOBAL: 0001:0004c515 Audio_FECleanUp_ 0044d515 (code) (module index = 60)
// GLOBAL: 0001:0004c555 AudioCmn_LoadBank_ 0044d555 (code) (module index = 60)
// GLOBAL: 0001:0004c614 Audio_GetSFXFromStreamBuffer_ 0044d614 (code) (module index = 60)
// GLOBAL: 0001:0004c62f CarIO_WriteCarBinaryGeom_ 0044d62f (code) (module index = 61)
// GLOBAL: 0001:0004c87d CarIO_ReadCarAsciiGeom_ 0044d87d (code) (module index = 61)
// GLOBAL: 0001:0004c8a2 CarIO_RemapTextureColor_ 0044d8a2 (code) (module index = 61)
// GLOBAL: 0001:0004ca7d CarIO_ReadInCarTextureData_ 0044da7d (code) (module index = 61)
// GLOBAL: 0001:0004cde2 CarIO_StartUp_ 0044dde2 (code) (module index = 61)
// GLOBAL: 0001:0004ce38 CarIO_CleanUp_ 0044de38 (code) (module index = 61)
// GLOBAL: 0001:0004cf16 Dash_SetGauge_ 0044df16 (code) (module index = 62)
// GLOBAL: 0001:0004d07a Dash_InitGauges_ 0044e07a (code) (module index = 62)
// GLOBAL: 0001:0004d194 Dash_ModuleRegister_ 0044e194 (code) (module index = 62)
// GLOBAL: 0001:0004d27e Dash_InitTextures_ 0044e27e (code) (module index = 62)
// GLOBAL: 0001:0004d4eb Dash_KillTextures_ 0044e4eb (code) (module index = 62)
// GLOBAL: 0001:0004d525 Dash_ResetDash_ 0044e525 (code) (module index = 62)
// GLOBAL: 0001:0004d544 Dash_Calculations_ 0044e544 (code) (module index = 62)
// GLOBAL: 0001:0004d559 Dash_HasChanged_ 0044e559 (code) (module index = 62)
// GLOBAL: 0001:0004d5ce Dash_GetRVOffset_ 0044e5ce (code) (module index = 62)
// GLOBAL: 0001:0004d605 Dash_GetEnviro_ 0044e605 (code) (module index = 62)
// GLOBAL: 0001:0004d631 Dash_GetHeight_ 0044e631 (code) (module index = 62)
// GLOBAL: 0001:0004d688 Dash_GetWheelTexture_ 0044e688 (code) (module index = 62)
// GLOBAL: 0001:0004d6fb Dash_MoveDash_ 0044e6fb (code) (module index = 62)
// GLOBAL: 0001:0004d7c8 Dash_ClipGauge_ 0044e7c8 (code) (module index = 62)
// GLOBAL: 0001:0004d913 Dash_CalcTach_ 0044e913 (code) (module index = 62)
// GLOBAL: 0001:0004da3c Dash_CalcSpdo_ 0044ea3c (code) (module index = 62)
// GLOBAL: 0001:0004db72 Dash_BuildSetWin_ 0044eb72 (code) (module index = 62)
// GLOBAL: 0001:0004dbeb Dash_BuildTach_ 0044ebeb (code) (module index = 62)
// GLOBAL: 0001:0004dd22 Dash_BuildSpdo_ 0044ed22 (code) (module index = 62)
// GLOBAL: 0001:0004de59 Dash_BuildNeedles_ 0044ee59 (code) (module index = 62)
// GLOBAL: 0001:0004ded0 Dash_BuildGaugeClip_ 0044eed0 (code) (module index = 62)
// GLOBAL: 0001:0004df56 Dash_BuildClip_ 0044ef56 (code) (module index = 62)
// GLOBAL: 0001:0004dffb Dash_BuildCockpit_ 0044effb (code) (module index = 62)
// GLOBAL: 0001:0004e259 Dash_BuildClippedNeedles_ 0044f259 (code) (module index = 62)
// GLOBAL: 0001:0004e4cf Dash_BuildMirror_ 0044f4cf (code) (module index = 62)
// GLOBAL: 0001:0004e6ba Dash_BuildNumber_ 0044f6ba (code) (module index = 62)
// GLOBAL: 0001:0004e87c Dash_BuildIndiTach_ 0044f87c (code) (module index = 62)
// GLOBAL: 0001:0004e997 Dash_BuildIndiGauges_ 0044f997 (code) (module index = 62)
// GLOBAL: 0001:0004ebe7 Dash_BuildClippedIndiGauges_ 0044fbe7 (code) (module index = 62)
// GLOBAL: 0001:0004ed28 Dash_BuildWholeDash_ 0044fd28 (code) (module index = 62)
// GLOBAL: 0001:0004f043 Dash_BuildCockpitUnderWheel_ 00450043 (code) (module index = 62)
// GLOBAL: 0001:0004f10c Dash_BuildWheel_ 0045010c (code) (module index = 62)
// GLOBAL: 0001:0004f378 Dash_BuildMapBackGround_ 00450378 (code) (module index = 62)
// GLOBAL: 0001:0004f513 Device_StartUp_ 00450513 (code) (module index = 63)
// GLOBAL: 0001:0004f599 Device_LoadCalibration_ 00450599 (code) (module index = 63)
// GLOBAL: 0001:0004f5c3 Device_PurgeCalibration_ 004505c3 (code) (module index = 63)
// GLOBAL: 0001:0004f5ef Device_CalibrateControl_ 004505ef (code) (module index = 63)
// GLOBAL: 0001:0004f882 Device_SetHardCodedKeys_ 00450882 (code) (module index = 63)
// GLOBAL: 0001:0004fa57 Device_CycleCamera_ 00450a57 (code) (module index = 63)
// GLOBAL: 0001:0004fa9f _Device_readwinjoy 00450a9f (code) (module index = 63)
// GLOBAL: 0001:0004fbc7 Device_TestJoy_ 00450bc7 (code) (module index = 63)
// GLOBAL: 0001:0004fc1f Device_RawJoy_ 00450c1f (code) (module index = 63)
// GLOBAL: 0001:0004fc94 Device_RawJoyButtons_ 00450c94 (code) (module index = 63)
// GLOBAL: 0001:0004fcdc Device_Update_ 00450cdc (code) (module index = 63)
// GLOBAL: 0001:0004ff07 Device_ScheduleJoy_ 00450f07 (code) (module index = 63)
// GLOBAL: 0001:0004ff61 Device_ButtonStartUp_ 00450f61 (code) (module index = 63)
// GLOBAL: 0001:0004ffd5 Device_Button_ 00450fd5 (code) (module index = 63)
// GLOBAL: 0001:00050022 Device_AnalogStartUp_ 00451022 (code) (module index = 63)
// GLOBAL: 0001:00050091 Device_Analog_ 00451091 (code) (module index = 63)
// GLOBAL: 0001:00050186 Device_Keyboard_ 00451186 (code) (module index = 63)
// GLOBAL: 0001:000501c4 Device_Interface_ 004511c4 (code) (module index = 63)
// GLOBAL: 0001:000502b0 Device_Null_ 004512b0 (code) (module index = 63)
// GLOBAL: 0001:000502d8 Draw_CalculFContext_ 004512d8 (code) (module index = 64)
// GLOBAL: 0001:000502f2 Draw_CountFacet_ 004512f2 (code) (module index = 64)
// GLOBAL: 0001:0005030d Draw_ReadDepthCueDistVals_ 0045130d (code) (module index = 64)
[...]
// GLOBAL: 0003:0003513c _gcurlatency 0051e13c (static pubdef) (bss) (module index = 121)
// GLOBAL: 0003:0003513e _glatency 0051e13e (static pubdef) (bss) (module index = 121)
// GLOBAL: 0003:00035140 _gcurrentnode 0051e140 (static pubdef) (bss) (module index = 121)
// GLOBAL: 0003:00035142 _gpathcontrol 0051e142 (static pubdef) (bss) (module index = 121)
// GLOBAL: 0003:00035143 _padpath 0051e143 (bss) (module index = 121)
// GLOBAL: 0003:00035150 _mainhandle 0051e150 (static pubdef) (bss) (module index = 151)
// GLOBAL: 0003:00035154 _mainthread 0051e154 (static pubdef) (bss) (module index = 151)
// GLOBAL: 0003:00035158 _threadsflag 0051e158 (static pubdef) (bss) (module index = 151)
// GLOBAL: 0003:0003515c _winerror 0051e15c (bss) (module index = 151)
// GLOBAL: 0003:00035160 _crinc 0051e160 (static pubdef) (bss) (module index = 162)
// GLOBAL: 0003:00035164 _cbinc 0051e164 (static pubdef) (bss) (module index = 162)
// GLOBAL: 0003:00035168 _cginc 0051e168 (static pubdef) (bss) (module index = 162)
// GLOBAL: 0003:0003516c _rdp 0051e16c (static pubdef) (bss) (module index = 162)
// GLOBAL: 0003:00035170 _cdp 0051e170 (static pubdef) (bss) (module index = 162)
// GLOBAL: 0003:00035174 _cindex 0051e174 (static pubdef) (bss) (module index = 162)
// GLOBAL: 0003:00035178 _crgbp 0051e178 (static pubdef) (bss) (module index = 162)
// GLOBAL: 0003:0003517c _gcenter 0051e17c (static pubdef) (bss) (module index = 162)
// GLOBAL: 0003:00035180 _x 0051e180 (static pubdef) (bss) (module index = 162)
// GLOBAL: 0003:00035184 _bcenter 0051e184 (static pubdef) (bss) (module index = 162)
// GLOBAL: 0003:00035188 _colormax 0051e188 (static pubdef) (bss) (module index = 162)
// GLOBAL: 0003:0003518c _xsqr 0051e18c (static pubdef) (bss) (module index = 162)
// GLOBAL: 0003:00035190 _gdp 0051e190 (static pubdef) (bss) (module index = 162)
// GLOBAL: 0003:00035194 _cdist 0051e194 (static pubdef) (bss) (module index = 162)
// GLOBAL: 0003:00035198 _rcenter 0051e198 (static pubdef) (bss) (module index = 162)
// GLOBAL: 0003:0003519c _rdist 0051e19c (static pubdef) (bss) (module index = 162)
// GLOBAL: 0003:000351a0 _rrgbp 0051e1a0 (static pubdef) (bss) (module index = 162)
// GLOBAL: 0003:000351a4 _grgbp 0051e1a4 (static pubdef) (bss) (module index = 162)
// GLOBAL: 0003:000351a8 _gdist 0051e1a8 (static pubdef) (bss) (module index = 162)
// GLOBAL: 0003:000351ac _gstride 0051e1ac (static pubdef) (bss) (module index = 162)
// GLOBAL: 0003:000351b0 _rstride 0051e1b0 (static pubdef) (bss) (module index = 162)
// GLOBAL: 0003:000351e8 _systemtasksubs 0051e1e8 (static pubdef) (bss) (module index = 167)
// GLOBAL: 0003:000352e8 _async 0051e2e8 (static pubdef) (bss) (module index = 168)
// GLOBAL: 0003:000352ec _asyncthread 0051e2ec (bss) (module index = 168)
// GLOBAL: 0003:00035300 _closedconnlist 0051e300 (bss) (module index = 176)
// GLOBAL: 0003:0003531c _connectionlist 0051e31c (bss) (module index = 176)
// GLOBAL: 0003:00035340 _winkeybuf 0051e340 (static pubdef) (bss) (module index = 177)
// GLOBAL: 0003:000353c0 _winmsgtbl 0051e3c0 (static pubdef) (bss) (module index = 177)
// GLOBAL: 0003:000357c0 _windowthread 0051e7c0 (bss) (module index = 177)
// GLOBAL: 0003:000357d4 _winkeynext 0051e7d4 (static pubdef) (bss) (module index = 177)
// GLOBAL: 0003:000357d8 _winkeyfree 0051e7d8 (static pubdef) (bss) (module index = 177)
// GLOBAL: 0003:000357dc _winkeymutex 0051e7dc (static pubdef) (bss) (module index = 177)
// GLOBAL: 0003:000357e0 _winkeybufsize 0051e7e0 (static pubdef) (bss) (module index = 177)
// GLOBAL: 0003:000357e4 _audiofocuscall 0051e7e4 (static pubdef) (bss) (module index = 177)
// GLOBAL: 0003:000357e8 _keytranslation 0051e7e8 (bss) (module index = 177)
// GLOBAL: 0003:000357ec _rawkeycode 0051e7ec (bss) (module index = 177)
// GLOBAL: 0003:000357f0 _registerflag 0051e7f0 (static pubdef) (bss) (module index = 177)
// GLOBAL: 0003:00035800 ___MiniHeapFreeRover 0051e800 (bss) (module index = 182)
// GLOBAL: 0003:00035804 _modem_recvnotify 0051e804 (static pubdef) (bss) (module index = 183)
// GLOBAL: 0003:00035808 _serial_recvnotify 0051e808 (static pubdef) (bss) (module index = 184)
// GLOBAL: 0003:00035810 _chanpri 0051e810 (static pubdef) (bss) (module index = 189)
// GLOBAL: 0003:00035950 _windriver 0051e950 (bss) (module index = 189)
// GLOBAL: 0003:00035954 _msgdriver 0051e954 (static pubdef) (bss) (module index = 189)
// GLOBAL: 0003:00035958 _currentmode 0051e958 (static pubdef) (bss) (module index = 189)
// GLOBAL: 0003:0003595c _msgmode 0051e95c (static pubdef) (bss) (module index = 189)
// GLOBAL: 0003:00035960 _acdspeed 0051e960 (bss) (module index = 191)
// GLOBAL: 0003:00035964 _cdrate 0051e964 (bss) (module index = 191)
// GLOBAL: 0003:00035968 _bamfshp 0051e968 (bss) (module index = 200)
// GLOBAL: 0003:00035970 _winnumjoysticks 0051e970 (static pubdef) (bss) (module index = 203)
// GLOBAL: 0003:00035980 _linedgespace 0051e980 (static pubdef) (bss) (module index = 207)
// GLOBAL: 0003:000363a8 _linmaprowtblheight 0051f3a8 (static pubdef) (bss) (module index = 207)
// GLOBAL: 0003:000363ac _linmaprowtblwidth 0051f3ac (static pubdef) (bss) (module index = 207)
// GLOBAL: 0003:000363b0 _tmaskclutptr 0051f3b0 (bss) (module index = 211)
// GLOBAL: 0003:000363b4 _drawrectcolour 0051f3b4 (static pubdef) (bss) (module index = 212)
// GLOBAL: 0003:000363c0 _flatcolour 0051f3c0 (static pubdef) (bss) (module index = 213)
// GLOBAL: 0003:000363d0 _lindivtbl 0051f3d0 (bss) (module index = 220)
// GLOBAL: 0003:000373d0 _biglen 005203d0 (bss) (module index = 222)
// GLOBAL: 0003:000373d4 _networkbuilders 005203d4 (bss) (module index = 226)
// GLOBAL: 0003:000373f4 _networkservices 005203f4 (bss) (module index = 226)
// GLOBAL: 0003:00037414 _networkqueue 00520414 (bss) (module index = 226)
// GLOBAL: 0003:00037430 _JAtt 00520430 (static pubdef) (bss) (module index = 228)
// GLOBAL: 0003:00037434 _gMemName 00520434 (bss) (module index = 228)
// GLOBAL: 0003:00037438 _JSeg 00520438 (static pubdef) (bss) (module index = 228)
// GLOBAL: 0003:0003743c _pagestart 0052043c (bss) (module index = 228)
// GLOBAL: 0003:00037440 _pMemMan 00520440 (bss) (module index = 228)
// GLOBAL: 0003:00037444 _JLineColour 00520444 (static pubdef) (bss) (module index = 228)
// GLOBAL: 0003:00037448 _iCurrent 00520448 (bss) (module index = 228)
// GLOBAL: 0003:0003744c _mDumpFile 0052044c (bss) (module index = 228)
// GLOBAL: 0003:00037450 _JSegSeq 00520450 (static pubdef) (bss) (module index = 228)
// GLOBAL: 0003:00037454 _JSegFlags 00520454 (static pubdef) (bss) (module index = 228)
// GLOBAL: 0003:00037458 _gMemBlock 00520458 (bss) (module index = 228)
// GLOBAL: 0003:0003745c _JSegSize 0052045c (static pubdef) (bss) (module index = 228)
// GLOBAL: 0003:00037460 _winprocess 00520460 (bss) (module index = 231)
// GLOBAL: 0003:00037464 _winactiveapp 00520464 (bss) (module index = 231)
// GLOBAL: 0003:00037468 _instancemutex 00520468 (static pubdef) (bss) (module index = 231)
// GLOBAL: 0003:0003746c _winhavequit 0052046c (bss) (module index = 231)
// GLOBAL: 0003:00037470 _windisplay 00520470 (bss) (module index = 231)
// GLOBAL: 0003:000378e0 _winmousey 005208e0 (static pubdef) (bss) (module index = 236)
// GLOBAL: 0003:000378e4 _winmousex 005208e4 (static pubdef) (bss) (module index = 236)
// GLOBAL: 0003:000378e8 _winmousemaxy 005208e8 (static pubdef) (bss) (module index = 236)
// GLOBAL: 0003:000378ec _winmousemaxx 005208ec (static pubdef) (bss) (module index = 236)
// GLOBAL: 0003:000378f0 _winmousevisible 005208f0 (static pubdef) (bss) (module index = 236)
// GLOBAL: 0003:000378f4 _winmouseminx 005208f4 (static pubdef) (bss) (module index = 236)
// GLOBAL: 0003:000378f8 _winmouseminy 005208f8 (static pubdef) (bss) (module index = 236)
// GLOBAL: 0003:000378fc _winmousebuttons 005208fc (static pubdef) (bss) (module index = 236)
// GLOBAL: 0003:00037900 _fadetbl 00520900 (static pubdef) (bss) (module index = 243)
// GLOBAL: 0003:00037a00 _fadeclutptr 00520a00 (static pubdef) (bss) (module index = 243)
// GLOBAL: 0003:00037a04 _fadefalpha 00520a04 (static pubdef) (bss) (module index = 243)
// GLOBAL: 0003:00037a08 _alphaclutptr 00520a08 (static pubdef) (bss) (module index = 244)
// GLOBAL: 0003:00037a10 _pathlength 00520a10 (static pubdef) (bss) (module index = 256)
// GLOBAL: 0003:00037a14 _searchpath 00520a14 (static pubdef) (bss) (module index = 256)
// GLOBAL: 0003:00037b19 _targetpath 00520b19 (static pubdef) (bss) (module index = 256)
// GLOBAL: 0003:00037c20 _uvQuant 00520c20 (bss) (module index = 260)
// GLOBAL: 0003:00037d20 _uvTableY 00520d20 (bss) (module index = 260)
// GLOBAL: 0003:00037f20 _uvTableCb 00520f20 (bss) (module index = 260)
// GLOBAL: 0003:00038120 _uvTableCr 00521120 (bss) (module index = 260)
// GLOBAL: 0003:00038b40 _memmanlock 00521b40 (static pubdef) (bss) (module index = 270)
// GLOBAL: 0003:00038b44 _streamtopupfunc 00521b44 (bss) (module index = 274)
// GLOBAL: 0003:00038b50 _wintmrsub 00521b50 (static pubdef) (bss) (module index = 277)
// GLOBAL: 0003:00038b70 _wintimerthread 00521b70 (bss) (module index = 277)
// GLOBAL: 0003:00038b84 _wintimermutex 00521b84 (static pubdef) (bss) (module index = 277)
// GLOBAL: 0003:00038b88 _chanpub 00521b88 (bss) (module index = 278)
// GLOBAL: 0003:00039008 _audiofxbus 00522008 (bss) (module index = 278)
// GLOBAL: 0003:00039018 _banklist 00522018 (bss) (module index = 278)
// GLOBAL: 0003:00039068 _audiomutex 00522068 (bss) (module index = 278)
// GLOBAL: 0003:0003906c _servertick 0052206c (bss) (module index = 278)
// GLOBAL: 0003:00039070 _audiotick 00522070 (bss) (module index = 278)
// GLOBAL: 0003:00039074 _olddebugprint 00522074 (bss) (module index = 278)
// GLOBAL: 0003:00039076 _instreamservice 00522076 (bss) (module index = 278)
// GLOBAL: 0003:00039077 _audiomastervol 00522077 (bss) (module index = 278)
// GLOBAL: 0003:0003907c _chanreserved 0052207c (static pubdef) (bss) (module index = 283)
// GLOBAL: 0003:00039080 _voicesallocated 00522080 (static pubdef) (bss) (module index = 283)
// GLOBAL: 0003:00039084 _SQVd 00522084 (static pubdef) (bss) (module index = 296)
// GLOBAL: 0003:00039088 _SQVleft 00522088 (static pubdef) (bss) (module index = 296)
// GLOBAL: 0003:0003908c _SQVs 0052208c (static pubdef) (bss) (module index = 296)
// GLOBAL: 0003:00039090 _SQVright 00522090 (static pubdef) (bss) (module index = 296)
// GLOBAL: 0003:00039094 _SQVclue 00522094 (static pubdef) (bss) (module index = 296)
// GLOBAL: 0003:00039098 ___Is_DLL 00522098 (bss) (module index = 299)
// GLOBAL: 0003:0003909c ___FirstThreadData 0052209c (bss) (module index = 299)
// GLOBAL: 0003:000390a0 ___ClosedStreams 005220a0 (bss) (module index = 300)
// GLOBAL: 0003:000390b0 _screendevice 005220b0 (bss) (module index = 303)
// GLOBAL: 0003:000390c0 _enummodecount 005220c0 (static pubdef) (bss) (module index = 303)
// GLOBAL: 0003:000390c4 _gbppflags 005220c4 (static pubdef) (bss) (module index = 303)
// GLOBAL: 0003:000390c8 _foundmodes 005220c8 (static pubdef) (bss) (module index = 303)
// GLOBAL: 0003:000390cc _original_mode 005220cc (static pubdef) (bss) (module index = 303)
// GLOBAL: 0003:000390e0 _currentpalette 005220e0 (bss) (module index = 305)
// GLOBAL: 0003:000394e0 __ExitList 005224e0 (bss) (module index = 319)
// GLOBAL: 0003:00039560 __ExitCount 00522560 (bss) (module index = 319)
// GLOBAL: 0003:00039564 ___nheap_clean 00522564 (bss) (module index = 324)
// GLOBAL: 0003:00039565 ___fheap_clean 00522565 (bss) (module index = 324)
// GLOBAL: 0003:000395a0 _serialports 005225a0 (static pubdef) (bss) (module index = 326)
// GLOBAL: 0003:000395e0 _serialthread 005225e0 (bss) (module index = 326)
// GLOBAL: 0003:000395f4 _buflen 005225f4 (static pubdef) (bss) (module index = 327)
// GLOBAL: 0003:000395f8 _first 005225f8 (static pubdef) (bss) (module index = 327)
// GLOBAL: 0003:000395fc _count 005225fc (static pubdef) (bss) (module index = 327)
// GLOBAL: 0003:00039600 _playpos 00522600 (static pubdef) (bss) (module index = 329)
// GLOBAL: 0003:00039604 _writepos 00522604 (static pubdef) (bss) (module index = 329)
// GLOBAL: 0003:00039608 _totalbufsize 00522608 (static pubdef) (bss) (module index = 329)
// GLOBAL: 0003:0003960c _framesizeshift 0052260c (static pubdef) (bss) (module index = 329)
// GLOBAL: 0003:00039610 _directlatencylimit 00522610 (static pubdef) (bss) (module index = 329)
// GLOBAL: 0003:00039614 _totalframes 00522614 (static pubdef) (bss) (module index = 329)
// GLOBAL: 0003:00039618 _directlatency 00522618 (bss) (module index = 329)
// GLOBAL: 0003:0003961c _mixbuffer 0052261c (static pubdef) (bss) (module index = 329)
// GLOBAL: 0003:00039620 _dwLen1 00522620 (static pubdef) (bss) (module index = 329)
// GLOBAL: 0003:00039624 _directlatencytimeout 00522624 (static pubdef) (bss) (module index = 329)
// GLOBAL: 0003:00039630 _lpbuffer 00522630 (static pubdef) (bss) (module index = 330)
// GLOBAL: 0003:000396b0 _lpwavehdr 005226b0 (static pubdef) (bss) (module index = 330)
// GLOBAL: 0003:00039730 _hbuffer 00522730 (static pubdef) (bss) (module index = 330)
// GLOBAL: 0003:000397b0 _hwavehdr 005227b0 (static pubdef) (bss) (module index = 330)
// GLOBAL: 0003:00039830 _outstandingbufs 00522830 (static pubdef) (bss) (module index = 330)
// GLOBAL: 0003:00039834 _retrycurrentbuf 00522834 (static pubdef) (bss) (module index = 330)
// GLOBAL: 0003:00039838 _latency 00522838 (static pubdef) (bss) (module index = 330)
// GLOBAL: 0003:0003983c _hwaveout 0052283c (static pubdef) (bss) (module index = 330)
// GLOBAL: 0003:00039840 _numbufs 00522840 (static pubdef) (bss) (module index = 330)
// GLOBAL: 0003:00039844 _framesperbuf 00522844 (static pubdef) (bss) (module index = 330)
// GLOBAL: 0003:00039848 _curbuf 00522848 (static pubdef) (bss) (module index = 330)
// GLOBAL: 0003:0003984c _wf 0052284c (static pubdef) (bss) (module index = 330)
// GLOBAL: 0003:00039860 _utupstate 00522860 (bss) (module index = 331)
// GLOBAL: 0003:0003b300 _utupalloc 00524300 (bss) (module index = 331)
// GLOBAL: 0003:0003b308 _pmixbufalign 00524308 (bss) (module index = 331)
// GLOBAL: 0003:0003bb10 _prsbufalign 00524b10 (bss) (module index = 331)
// GLOBAL: 0003:0003c320 _pupbufalign 00525320 (bss) (module index = 331)
// GLOBAL: 0003:00040480 _mixer 00529480 (bss) (module index = 331)
// GLOBAL: 0003:00042d80 _fxtimeout 0052bd80 (bss) (module index = 331)
// GLOBAL: 0003:00042d84 _outputframeincr 0052bd84 (bss) (module index = 331)
// GLOBAL: 0003:00042d88 _mixingrate 0052bd88 (bss) (module index = 331)
// GLOBAL: 0003:00042d8c _chanovercallback 0052bd8c (static pubdef) (bss) (module index = 331)
// GLOBAL: 0003:00042d90 _copyfunction 0052bd90 (static pubdef) (bss) (module index = 331)
// GLOBAL: 0003:00042d94 _plastsaved 0052bd94 (bss) (module index = 332)
// GLOBAL: 0003:00042da4 _reverbmem 0052bda4 (bss) (module index = 332)
// GLOBAL: 0003:000486b4 _plasttaken 005316b4 (bss) (module index = 332)
// GLOBAL: 0003:000486c4 _prevblockmem 005316c4 (bss) (module index = 332)
// GLOBAL: 0003:000486d4 _preverbmem 005316d4 (bss) (module index = 332)
// GLOBAL: 0003:000486e4 _gainedfeedback 005316e4 (bss) (module index = 332)
// GLOBAL: 0003:000486f4 _pbufend 005316f4 (bss) (module index = 332)
// GLOBAL: 0003:00048710 _cdromreadcount 00531710 (bss) (module index = 342)
// GLOBAL: 0003:00048714 _cdromreadsector 00531714 (bss) (module index = 342)
// GLOBAL: 0003:00048718 ___OpenStreams 00531718 (bss) (module index = 349)
// GLOBAL: 0003:0004871c _aiOffset 0053171c (bss) (module index = 362)
// GLOBAL: 0003:00049f5c _opmover 00532f5c (static pubdef) (bss) (module index = 365)
// GLOBAL: 0003:00049f60 _depthmover 00532f60 (static pubdef) (bss) (module index = 365)
// GLOBAL: 0003:00049f64 _currentfont 00532f64 (bss) (module index = 366)
// GLOBAL: 0003:0004a020 _finvtbl 00533020 (bss) (module index = 378)
// GLOBAL: 0003:0004b020 _shaperowtbl 00534020 (bss) (module index = 379)
// GLOBAL: 0003:0004bbf0 _shaperowtblheight 00534bf0 (static pubdef) (bss) (module index = 379)
// GLOBAL: 0003:0004bbf4 _shaperowtblwidth 00534bf4 (static pubdef) (bss) (module index = 379)
// GLOBAL: 0003:0004bc00 _asUVtop 00534c00 (static pubdef) (bss) (module index = 381)
// GLOBAL: 0003:0004be00 _asUVbottom 00534e00 (static pubdef) (bss) (module index = 381)
// GLOBAL: 0003:0004c000 _asXYleft 00535000 (static pubdef) (bss) (module index = 381)
// GLOBAL: 0003:0004c200 _asXYright 00535200 (static pubdef) (bss) (module index = 381)
// GLOBAL: 0003:0004c400 _asUVright 00535400 (static pubdef) (bss) (module index = 381)
// GLOBAL: 0003:0004c600 _asXYtop 00535600 (static pubdef) (bss) (module index = 381)
// GLOBAL: 0003:0004c800 _asUVleft 00535800 (static pubdef) (bss) (module index = 381)
// GLOBAL: 0003:0004ca00 _asXYbottom 00535a00 (static pubdef) (bss) (module index = 381)
// GLOBAL: 0003:0004cc00 _currentclut 00535c00 (bss) (module index = 382)
// GLOBAL: 0003:0004d000 _asXYleft 00536000 (static pubdef) (bss) (module index = 385)
// GLOBAL: 0003:0004d200 _asXYright 00536200 (static pubdef) (bss) (module index = 385)
// GLOBAL: 0003:0004d400 _asXYtop 00536400 (static pubdef) (bss) (module index = 385)
// GLOBAL: 0003:0004d600 _asXYbottom 00536600 (static pubdef) (bss) (module index = 385)
// GLOBAL: 0003:0004d800 _rowtblend 00536800 (bss) (module index = 388)
// GLOBAL: 0003:0004d810 _sapserver 00536810 (static pubdef) (bss) (module index = 392)
// GLOBAL: 0003:0004d884 _net_recvnotify 00536884 (static pubdef) (bss) (module index = 393)
// GLOBAL: 0003:0004d890 _libztbl 00536890 (bss) (module index = 409)
// GLOBAL: 0003:0004e890 _yratio 00537890 (bss) (module index = 409)
// GLOBAL: 0003:0004e894 ___ExceptionHandled 00537894 (bss) (module index = 429)
// GLOBAL: 0003:0004e898 _topFileID 00537898 (static pubdef) (bss) (module index = 430)
// GLOBAL: 0003:0004e89c ___FileHandleIDs 0053789c (bss) (module index = 430)
// GLOBAL: 0003:0004e8a0 _IOBSemaphore 005378a0 (static pubdef) (bss) (module index = 431)
// GLOBAL: 0003:0004e8b0 _FHeapSemaphore 005378b0 (static pubdef) (bss) (module index = 431)
// GLOBAL: 0003:0004e8c0 _FileSemaphores 005378c0 (static pubdef) (bss) (module index = 431)
// GLOBAL: 0003:0004e9c0 _NHeapSemaphore 005379c0 (static pubdef) (bss) (module index = 431)
// GLOBAL: 0003:0004e9d0 _InitSemaphore 005379d0 (static pubdef) (bss) (module index = 431)
// GLOBAL: 0003:0004e9e0 _TDListSemaphore 005379e0 (static pubdef) (bss) (module index = 431)
// GLOBAL: 0003:0004e9f0 _FListSemaphore 005379f0 (static pubdef) (bss) (module index = 431)
// GLOBAL: 0003:0004ea00 ____Argc 00537a00 (bss) (module index = 441)
// GLOBAL: 0003:0004ea04 ____Argv 00537a04 (bss) (module index = 441)
// GLOBAL: 0003:0004ea08 ___historical_splitparms 00537a08 (bss) (module index = 442)
// GLOBAL: 0003:0004ea0c _xatable 00537a0c (bss) (module index = 479)
// GLOBAL: 0003:0004ee0c _textmaxx 00537e0c (static pubdef) (bss) (module index = 498)
// GLOBAL: 0003:0004ee10 _textmaxy 00537e10 (static pubdef) (bss) (module index = 498)
// GLOBAL: 0003:0004ee14 _textminy 00537e14 (static pubdef) (bss) (module index = 498)
// GLOBAL: 0003:0004ee18 _textminx 00537e18 (static pubdef) (bss) (module index = 498)
// GLOBAL: 0003:0004ee1c _xorrectcolour 00537e1c (static pubdef) (bss) (module index = 499)
// GLOBAL: 0003:0004ee20 _joy1y 00537e20 (bss) (module index = 509)
// GLOBAL: 0003:0004ee24 _joy1x 00537e24 (bss) (module index = 509)
// GLOBAL: 0003:0004ee28 _joy0y 00537e28 (bss) (module index = 509)
// GLOBAL: 0003:0004ee2c _joy0x 00537e2c (bss) (module index = 509)
// GLOBAL: 0003:0004ee30 ___thread_data_list 00537e30 (static pubdef) (bss) (module index = 514)
// GLOBAL: 0003:0004ee34 _s8toftable 00537e34 (bss) (module index = 533)


Program entry point at 0001:000872e6
