 nfsw

 Preferred load address is 00400000

 Start         Length     Name                   Class
 0001:00401000 000cb600h .text                   CODE
 0002:004cd000 0001b200h .data                   DATA
 0003:004e9000 0004f400h .bss                    BSS


Detailed map of segments

 0001:00000000 000cb600 C=CODE     S=BEGTEXT  G=(none)   M=nfsw   ACBP=A9
 0002:00000000 0001b200 C=DATA     S=DGROUP   G=DGROUP   M=nfsw   ACBP=A9
 0003:00000000 0004f400 C=BSS      S=.bss     G=DGROUP   M=nfsw   ACBP=A9


  Address        Publics by Name

 0001:00000003       ___begtext
 0001:000000e0       AI_GetBestLane_
 0001:00000131       AI_GetMaxTrafficOnTrack_
 0001:0000016e       AI_GetLifeTimerValue_
 0001:000001ab       AI_GetOneWay_
 0001:0000020b       AI_GetDriveSide_
 0001:00000248       AI_ProcessBarrierCollision_
 0001:000002af       AI_ProcessCollision_
 0001:000003e8       AI_PickNewLane_
 0001:00000582       AI_CalcLaneSlack_
 0001:0000061b       AI_IsItTimeToStopYet_
 0001:00000669       AI_ParallelDistance_
 0001:000006fc       AI_SliceDistance_
 0001:00000772       AI_IsDriveableLane_
 0001:000007ee       AI_GetProfileMask_
 0001:0000084d       AI_IsDriveableLane_UsingMask_
 0001:00000887       AI_LaneIndex_
 0001:0000096f       AI_PutCarOnShoulder_
 0001:00000a6e       AI_IsNonStandardCarFile_
 0001:00000abc       AI_FigureOutPersonalityGameType_
 0001:00000b25       AI_LoadGlueFactor_
 0001:00000d31       AI_LoadPhysicsConfig_
 0001:00000ebd       AI_LoadAIConfig_
 0001:00000f7b       AI_LoadConfigs_
 0001:00000fde       AI_RestartAICar_
 0001:00001169       AI_InitAICar_
 0001:0000141b       AI_CleanUp1_
 0001:00001430       AI_CleanUp2_
 0001:00001454       AI_StartUp1_
 0001:000014fd       AI_Reset1_
 0001:0000151c       AI_StartUp2_
 0001:00001545       AI_Reset2_
 0001:0000174b       AI_CleanUpCollidedCar_
 0001:000017be       CleanUpAllDeadCars_
 0001:000018ec       AI_ReInit_SetSpeeds_
 0001:000019b2       AI_ReInit_PickSliceAndDirection_
 0001:00001c84       AI_ReInitWith_
 0001:00001c9e       AI_MoveCarToPurgatory_
 0001:00001da5       AI_ReInit_
 0001:00002090       AI_IsCoordInThisLiveArea_
 0001:00002154       AI_IsTrafficCarInAnyLiveArea_
 0001:000021c2       AI_IsCoordInThisVisibleArea_
 0001:00002286       AI_IsTrafficCarInAnyVisibleArea_
 0001:000022f4       AI_EvaluateLife_
 0001:0000267b       AI_CalcBestLineMerits_
 0001:000027aa       AI_CalcMeritsBasedOnSpeed_
 0001:00002aba       AI_IsMellowZone_
 0001:00002b99       AI_KeepCarsInLane_
 0001:00002bb3       AI_PushFinishedCarsToSide_
 0001:00002c82       AI_OpponentBlockPlayer_
 0001:00002e0b       AI_HonkWhenTailgaiting_
 0001:00002f31       AI_OpponentUpCloseCode_
 0001:00002fd3       AI_OpponentSpecialCase_
 0001:00002ff5       AI_CheckForCarsInWay_
 0001:00003134       AI_CheckForSmackables_
 0001:000032da       AI_CheckForClearLanes_
 0001:00003587       AI_CalculateLaneSpeeds_
 0001:00003ce2       AI_SetupOncomingLaneDemerits_
 0001:00003daa       AI_HandleChangeInNumLanes_
 0001:000040cd       AI_HandleShouldersAndOffRoad_
 0001:00004609       AI_HandleHonkingAndDiving_
 0001:000046d7       AI_WhichHumanIsLeading_
 0001:0000475d       AI_CalculateLaneInfo_
 0001:0000487e       AI_InitAndCalcBaseMerits_
 0001:0000497d       AI_ChooseBestLane_
 0001:00004a24       AI_CalculateAdjustedDesiredSpeed_
 0001:00004d50       AI_CalculateDesiredPosition_
 0001:00005203       AI_ProcessObservationsAndChooseLane_
 0001:000052c2       AI_CheckForBarriers_
 0001:000056ba       AI_CalculateRoadYaw_
 0001:00005769       AI_Main_OverallSetup_
 0001:00005783       AI_Main_CalcCarInfo_
 0001:000057f7       AI_Main_
 0001:00005a0e       AI_CalculateOncomingCarSpeed_
 0001:00005abf       AI_CalcTrafficSafeSpeed_
 0001:00005b46       AI_CalcPsychoDesiredSpeed_
 0001:00005ce3       AI_CalcDesiredSpeed_
 0001:00005fef       AI_GetHandlingFactor_
 0001:000060c6       AI_GetAccGlueFactor_
 0001:0000626a       AI_IntroduceGlue_
 0001:0000639b       AI_GetGlueFactor_
 0001:000064fe       AI_GetSpeedFactor_
 0001:0000663d       AI_LimitTopSpeed_
 0001:000066fc       AI_CalcTrafficSafeSpeedAdjust_
 0001:0000675e       AI_GetTrackFactor_
 0001:000067dc       AI_CalcAggressiveTopSpeed_
 0001:00006aef       AIPhysic_CleanUp_
 0001:00006b04       AIPhysic_StartUp_
 0001:00006b19       AIPhysic_Reset_
 0001:00006b2e       AIPhysic_ResetCar_
 0001:00006b48       AIPhysic_ConfineTrafficCarToRoad_
 0001:00006d63       AIPhysic_CalculateLaneChangeSpeed_
 0001:00006e31       AIPhysic_GearTopSpeed_
 0001:00006e61       AIPhysic_GearBottomSpeed_
 0001:00006ea0       AIPhysic_HandleShifting_
 0001:00007097       AIPhysic_CalcDeceleration_
 0001:00007106       AIPhysic_CalcAcceleration_
 0001:000073a6       AIPhysic_SimplePhysics_LongVel_
 0001:000075ad       AIPhysic_SimplePhysics_LatVel_
 0001:000075f2       AIPhysic_SimplePhysics_
 0001:000077dd       AIPhysic_SetupReleaseFromPurgatory_
 0001:0000790b       AIPhysic_PurgatoryPhysics_
 0001:00007a1e       AIPhysic_CalcFutureLateralVel_
 0001:00007b83       AIPhysic_GetPsychoDesiredVector_
 0001:00007cbf       AIPhysic_GetDesiredVector_
 0001:00007ef4       AIPhysic_CalcRoadBend_
 0001:00007fd2       AIPhysic_Preperation_
 0001:000083b9       AIPhysic_FinishUp_
 0001:00008875       AIPhysic_OutOfControl_
 0001:00008917       AIPhysic_InControlPhysics_
 0001:00008fdb       AIPhysic_OutOfControlPhysics_
 0001:00009850       AIPhysic_ChangeDirection_
 0001:0000996a       AIPhysic_HandleDirection_
 0001:00009a72       AIPhysic_HitWallCheck_
 0001:00009bb0       AIPhysic_CoolPhysics_
 0001:00009cfc       AIPhysic_CalculateTargetLatPos_
 0001:00009e20       AIPhysic_AIPhysics_
 0001:0000a0a9       AISpeeds_SetupSpeeds_
 0001:0000a221       AISpeeds_ScaleSpeeds_
 0001:0000a2a7       AISpeeds_StartUp_
 0001:0000a2e9       AISpeeds_CleanUp_
 0001:0000a308       AISpeeds_SaveSpeeds_
 0001:0000a33e       AISpeeds_SaveLines_
 0001:0000a374       AISpeeds_ScaleAcceleration_
 0001:0000a423       Anim_Restart_
 0001:0000a47d       Anim_Init_
 0001:0000a543       Anim_DeInit_
 0001:0000a596       GetFreeAnimIndex_
 0001:0000a5ef       Anim_InitAnimNum_
 0001:0000a6a1       Anim_SetAnimAttrib_
 0001:0000a6e5       Anim_FreeHandle_
 0001:0000a749       Anim_GetRotPos_
 0001:0000a878       Anim_GetAnimFrameInfo_
 0001:0000a92b       Anim_GetLastRotPos_
 0001:0000a98a       Anim_GetLastAnimPosRot_
 0001:0000aa49       Anim_GetTimedAnimPosRot_
 0001:0000ab62       Anim_GetNextAnimPosRot_
 0001:0000ac6d       Anim_GetStatus_
 0001:0000ad37       AudioCmn_GetTrackRecordLapTime_
 0001:0000ad5f       AudioCmn_Init_
 0001:0000ae56       AudioCmn_DeInit_
 0001:0000aef8       AudioCmn_CheckState_
 0001:0000b771       AudioCmn_LoadFESamples_
 0001:0000b7ad       AudioCmn_LoadGameSamples_
 0001:0000bd6e       AudioCmn_InitChannelArray_
 0001:0000bdbe       AudioCmn_InitLoopedCarSounds_
 0001:0000bfad       scaleFrequency_
 0001:0000c082       ChooseImpactSample_
 0001:0000c42b       ChooseLoopedSample_
 0001:0000c4e5       AudioCmn_SFX_
 0001:0000c7d6       freeVoiceChannel_
 0001:0000c851       AudioCmn_PlayTrackSFX_
 0001:0000c8d7       AudioCmn_PlaySFX_
 0001:0000cbb4       AudioCmn_SoundCar_
 0001:0000e811       AudioCmn_TrafficSFX_
 0001:0000e9df       AudioCmn_TrafficSkidSFX_
 0001:0000ea84       AudioCmn_PlayerHornOn_
 0001:0000eb51       AudioCmn_PlayerHornOff_
 0001:0000eb9b       AudioCmn_PlayFESFX_
 0001:0000ebec       AudioCmn_PlayWrongWaySFX_
 0001:0000ec3f       AudioCmn_PlaySound_
 0001:0000ed53       AudioCmn_PanToAzimuth_
 0001:0000edb7       AudioCmn_Pause_
 0001:0000edd3       AudioCmn_UnPause_
 0001:0000ee0b       AudioCmn_FEUnPause_
 0001:0000ee4b       AudioCmn_UnPauseAndQuit_
 0001:0000eea5       AudioCmn_UnPauseAndRestart_
 0001:0000ef04       AudioCmn_InitReverb_
 0001:0000ef3a       AudioCmn_ReverbOn_
 0001:0000ef5b       AudioCmn_ReverbOff_
 0001:0000ef79       AudioCmn_ToggleMusicOnOff_
 0001:0000efd5       AudioCmn_ToggleSFXOnOff_
 0001:0000f021       AudioClc_SoundCars_
 0001:0000f152       AudioClc_InitSource_
 0001:0000f1bb       AudioClc_StartUp_
 0001:0000f2bc       AudioClc_ClearSource_
 0001:0000f36a       AudioClc_HonkHorn_
 0001:0000f3ff       AudioClc_SoundPlayersCar_
 0001:0000f835       AudioClc_SoundOpponentHorn_
 0001:0000f937       AudioClc_SoundCloseCar_
 0001:0000fd1d       AudioClc_GetClosestCars_
 0001:000100a1       AudioClc_CalcDopplerShiftRatio_
 0001:00010281       AudioClc_CalcPanningVector_
 0001:000104d4       Mem_Init_
 0001:000105e1       Mem_DeInit_
 0001:00010604       Mem_Alloc_
 0001:0001070c       UnlinkBlock_
 0001:00010756       InsertBlockBefore_
 0001:000107b0       InsertBlockAfter_
 0001:0001080a       InsertBlockSorted_
 0001:00010867       Mem_Free_
 0001:00010904       Mem_FindBlock_
 0001:0001095a       DumpList_
 0001:00010992       DumpAllBlocks_
 0001:00010a00       DumpFreeList_
 0001:00010a1f       DumpUsedList_
 0001:00010a3e       Mem_MergeBlocks_
 0001:00010ae7       Mem_MergeBlocksX_
 0001:00010b14       Mem_TrackFreeMem_
 0001:00010b7f       Mem_CheckListIntegrity_
 0001:00010c3a       Mem_CompactBlock_
 0001:00010db0       Mem_CompactMem_
 0001:00010de4       Mem_CompactMemPartial_
 0001:00010e12       VertexServer_GetBlockOfVertices_
 0001:00010e4c       GetRezIndex_
 0001:00010ed0       BWorld_SetTrackNumber_
 0001:00010ef2       BWorld_MakeTrackPathName_
 0001:00010f3a       BWorld_MakeTrackDataPathName_
 0001:00010f82       xzsquaredist32_
 0001:00010fef       inset_
 0001:0001103a       Brad_getitmcoll_
 0001:0001106c       BWorld_Restart_
 0001:00011149       BWorld_Init_
 0001:00011454       BWorld_DeInit_
 0001:000114b8       ForceLoadChunk_
 0001:0001150b       QueueChunk_
 0001:000115b6       GetFreeSlot_
 0001:00011779       LoadChunkFromBuffer_
 0001:00011c4d       LoadChunkAudio_
 0001:00011c8b       QueueWantedChunks_
 0001:00011cea       UnLoadUnWantedChunks_
 0001:00011d8d       ClearAllChunksStatus_
 0001:00011dcf       UpdateContext_
 0001:00011e85       BuildChunkCenterLineFacets_
 0001:00012550       QuadLoop_
 0001:000127ec       BWorld_StartLoop_
 0001:00012824       BWorld_BuildFacetList_
 0001:000128df       BWorld_InsertFacet_
 0001:0001296f       BWorld_SoundTrack_
 0001:00012a7e       BuildFacets_
 0001:00013294       BuildObjectFacets_
 0001:00013791       LoadChunkVisibilities_
 0001:00013887       DoChunkAudio_
 0001:000139f4       BWAllocMem_
 0001:00013a59       BWFreeMem_
 0001:00013a7b       BWFreeEACMem_
 0001:00013aa1       AllocArtResource_
 0001:00013af1       InitArtResources_
 0001:00013b15       DeInitArtResources_
 0001:00013b34       LoadShapesAndMakePmx_
 0001:00013c3f       BWorld_ModuleRegister_
 0001:00013cad       LoadInitialTextures_
 0001:00013d4f       LinkMaterials_
 0001:00013dbc       AssociateMaterialPmx_
 0001:00013ff7       BWorld_DeInitContexts_
 0001:00014011       BWorld_InitContexts_
 0001:00014066       SetContext_
 0001:000140c7       BWorld_OpenContext_
 0001:00014399       CheckContextMaxChunks_
 0001:00014456       BWorld_InitPersistentData_
 0001:000145ad       BWorld_DeInitPersistentData_
 0001:000145d5       BWorld_InitHitObject_
 0001:0001462f       BWorld_CheckHitObject_
 0001:0001481e       CalcObjYawAngle_
 0001:00014881       BuildObjCollisionMatrix_
 0001:00014922       BuildLastObjCollisionMatrix_
 0001:00014999       BWorld_SetInitialViewDistance_
 0001:000149bb       BWorld_GetInitialViewDistance_
 0001:000149dd       BWorld_SetViewDistance_
 0001:00014aec       BWorld_SetNextViewDistance_
 0001:00014b27       WorldToViewTransformProjectVertices16_
 0001:00014b9b       ObjectToViewTransformProjectVertices16_
 0001:00014c23       _bradtouchmempages
 0001:00014cd3       TouchMem_
 0001:00014d25       TouchMemMultiple_
 0001:00014d4f       TouchMemBlock_
 0001:00014d8d       TouchMemTicks_
 0001:00014dd5       TouchImportantData_
 0001:00014e39       TouchTrackArt_
 0001:00014e58       Nfs2_Alloc_
 0001:00014e80       Nfs2_Free_
 0001:00014ea8       Nfs2_loadfileadr_
 0001:00014f1c       Nfs2_loadfileadrz_
 0001:00014f99       Nfs2_loadpackedshapeadrz_
 0001:00015014       Nfs2_loadshapeadrz_
 0001:0001503f       closeXZDistSquared_
 0001:000150a6       BWorldSm_Init_
 0001:000150fa       BWorldSm_DeInit_
 0001:0001510f       FindAbsClosestSliceCrude_
 0001:0001518c       BWorldSm_FindClosestSlice_
 0001:00015266       RawFindClosestSlice_
 0001:0001548f       SetSimSlice_
 0001:00015519       GetStmQuad_
 0001:00015569       GetStmQuadPts_
 0001:000157b6       GetFirstStmQuadPts_
 0001:000158c2       GetNextStmQuadPts_
 0001:00015978       GetNextLeftStmQuadPts_
 0001:00015a32       PTDIR16XXX_
 0001:00015ae4       EnsureChunkLoaded_
 0001:00015b78       ScreamIfChunkNotLoaded_
 0001:00015beb       FindClosestQuad_
 0001:00015e58       BWorldSm_FindClosestQuadRez_
 0001:00015f13       BWorldSm_SetSlice_
 0001:00015f85       RawFindClosestQuad_
 0001:00016aaf       BWorldSm_NumSimObjects_
 0001:00016b35       BWorldSm_GetSimObjectData_
 0001:00016c2d       BWorldSm_SetTVCameraParms_
 0001:00016c58       BWorldSm_GetClosestTVCameraPoint_
 0001:00016c89       BWorldSm_GetClosestTVCameraPointSide_
 0001:000170e3       BWorldSm_SurfaceType_
 0001:0001714b       BWorldSm_IsTunnelInRearView_
 0001:00017255       BWorldSm_CarMusicState_
 0001:0001754d       Camera_InitDebugCamera_
 0001:00017562       Camera_Debug_
 0001:00017577       Camera_SetMainCamera_
 0001:000175af       Camera_SetHorizonCamera_
 0001:0001762e       Camera_RestoreCamera_
 0001:0001768b       Camera_SetCamera_
 0001:000176dc       Camera_RestartTrackRender_
 0001:000176f1       Camera_LookBack_
 0001:0001779c       Camera_UpdateCollisionCam_
 0001:00017a17       Camera_UpdateInCar_
 0001:00017b9e       Camera_UpdateBumperCam_
 0001:00017d25       Camera_UpdateRoofCam_
 0001:000180d3       Camera_UpdateHeliCam2_
 0001:000185a0       Camera_UpdateCircleCam_
 0001:000188a8       Camera_IslandProfile_
 0001:00018920       Camera_UpdateTVCam_
 0001:00018bc7       Camera_UpdateAnimCam_
 0001:00018da1       Camera_UpdateFinishCam_
 0001:0001910a       Camera_UpdateSideCam_
 0001:00019352       Camera_UpdateBlimpCam_
 0001:00019435       Camera_SetSplineCam_
 0001:000195ff       Camera_UpdateSplineCam_
 0001:0001a098       Camera_UpdateCliffCam_
 0001:0001a2da       Camera_Update_
 0001:0001a4b3       Camera_Init_
 0001:0001a841       Camera_PitchAndRoll_
 0001:0001a920       Camera_CheckWallCollisions_
 0001:0001b1b1       Camera_SetAboveGround_
 0001:0001b39c       Camera_AquireTarget_
 0001:0001b80f       Camera_GetViewInfo_
 0001:0001b973       Camera_GetAudioViewInfo_
 0001:0001babf       Camera_GetMode_
 0001:0001bb4a       Camera_SetMode_
 0001:0001bc1b       Camera_NextMode_
 0001:0001be28       Camera_GetAnchorObj_
 0001:0001be62       Camera_GetTargetObj_
 0001:0001be9c       Camera_SetAnchorObj_
 0001:0001bed4       Camera_SetTargetObj_
 0001:0001bf0c       Camera_SetTwist_
 0001:0001bf50       Cars_NullRoutine_
 0001:0001bf6a       Cars_SineBounce_
 0001:0001bfaa       Cars_ReturnStats_
 0001:0001bfe4       Cars_DoGravityEffectsOnAcc_
 0001:0001c119       Cars_GetDashData_
 0001:0001c21d       Cars_CheckForHills_
 0001:0001c87b       Cars_QDUpdateVelGlue_
 0001:0001c94b       Cars_QDUpdateRot64HzGlue_
 0001:0001ca43       Cars_InitDashData_
 0001:0001ca87       Cars_SetAudioCalls_
 0001:0001cb33       Cars_ResetCarCounters_
 0001:0001cb98       Cars_InitStats_
 0001:0001cc4f       Cars_InitializeCarTablesFlagsAndCounters_
 0001:0001ce8f       Cars_ResetVariablesAfterACollision_
 0001:0001cf9d       Cars_ResetCollidedCars_
 0001:0001d771       Cars_DoSparkSFX_
 0001:0001d8e3       Cars_InitiateCollisionBodyRock_
 0001:0001d9b8       Cars_SetCarUpForLowRezSim_
 0001:0001da06       Cars_SetCarUpForHiRezSim_
 0001:0001da3a       Cars_DoExtraCarCollisionProcessing_
 0001:0001e34c       Cars_AddCarSfx_
 0001:0001e67b       Car_TireSkiddingStuff_
 0001:0001ee64       Cars_FindTotalSlice_
 0001:0001eeb9       Car_DoSkiddingStuff_
 0001:0001f01d       Cars_CalcRoadBumpyness_
 0001:0001f1c2       Cars_FirstFlightPitchRollMod_
 0001:0001f502       Cars_SteepHillGravityEffect_
 0001:0001f590       Car_DoPostCollisionStuff_
 0001:0001f8cc       Cars_CalculateStartingGridOffset_
 0001:0001faac       Cars_IniCarObjects_
 0001:0001ff74       Cars_InitCar_
 0001:000203c5       Cars_DeInitCar_
 0001:00020412       Cars_Restart_
 0001:000204b9       Cars_LoadSimArcadeTuning_
 0001:0002070f       Cars_ModuleRegister_
 0001:000209ba       Cars_Initialize_
 0001:000209fc       Cars_StartUp_
 0001:00020c61       Cars_CleanUp_
 0001:00020eb0       Cars_FindCurrentLap_
 0001:00020f51       Cars_CalculateRoadSpan_
 0001:0002112d       Cars_CalculateRoadPosition_
 0001:00021155       Cars_CalcVelDownRoad_
 0001:000211d5       Cars_ManageBureaucracy_
 0001:000212b7       Cars_SortCars_
 0001:00021461       Channel_StartChannel_
 0001:00021476       Channel_StopChannel_
 0001:0002148b       Channel_SetUserTo_
 0001:000214a5       Channel_BindChannelToDevice_
 0001:000214c1       Channel_UnbindChannelToDevice_
 0001:000214dd       Channel_UnbindChannel_
 0001:000214f8       Channel_BinaryOut_
 0001:00021515       Channel_Manager_
 0001:00021531       Virtual_StartVirtual_
 0001:00021546       Virtual_StopVirtual_
 0001:0002155b       Virtual_CreateScrollingSubDevice_
 0001:00021584       Virtual_CreateWindowSubDevice_
 0001:000215ad       Virtual_CreateBinarySubDevice_
 0001:000215d6       Virtual_Output_
 0001:000215f1       SyncMark_
 0001:00021606       SyncRecord_
 0001:0002161b       _Clock_InputThread
 0001:0002164b       Clock_MasterInterruptHandler_
 0001:000216a3       Clock_SystemStartUp_
 0001:0002170b       Clock_SystemCleanUp_
 0001:00021741       CHECK_CENTER_VERTEX_WITH_DIRS_
 0001:00021ac5       CHECK_CENTER_VERTEX_WITH_DIRS_OTHER_
 0001:00021e57       CHECK_VERTEX_WITH_DIRS_
 0001:0002212c       CHECK_VERTEX_WITH_DIRS_OTHER_
 0001:00022401       Collide_DoObjectFixedObjectCollision_
 0001:00022dda       Collide_LimitAngularVel_
 0001:00022f3e       Collide_TestWithPlane_
 0001:00023765       Collide_DoObjectObjectCollision_
 0001:000240e6       Collide_DoActualObjectCollisionCheck_
 0001:00024eeb       Collide_TestObjectVertices_
 0001:00025ea5       Collide_TelePoleLaunchCar_
 0001:000262f9       Collide_CheckForCollisionBetween_
 0001:000264a1       Collide_ClearCollisionRegistry_
 0001:000264c0       Collide_CheckAccuratePointRadiusCollision_
 0001:0002673b       Collide_CheckMeForCollisions_
 0001:00026d2b       Color_InitColor_
 0001:00026d62       Color_IsColorAlreadyLoaded_
 0001:00026d8d       Color_GetColor_
 0001:00026df0       Color_ReadCarDeltaVTFile_
 0001:00026e88       Color_CleanUpDeltaVTFile_
 0001:00026eab       Color_GetCarVT_
 0001:00026f18       Color_PseudoColor_
 0001:00027184       Color_RGBColorChangePal_
 0001:00027277       Color_Rgb2Hsv_
 0001:0002753e       Color_Hsv2Rgb_
 0001:00027818       Col_OpenColFile_
 0001:00027913       Col_CloseColFile_
 0001:00027976       Col_GetFileSize_
 0001:000279ce       Col_ReadFile_
 0001:00027a50       Col_GetNumCollections_
 0001:00027aa8       Col_GetCollection_
 0001:00027b18       Control_AI_
 0001:00027b42       Control_Human_
 0001:00027c6a       DashHUD_LoadWords_
 0001:00027ce5       DashHUD_Word_
 0001:00027d2a       DashHUD_UnloadWords_
 0001:00027d60       DashHUD_InitHUD_
 0001:00027eb7       DashHUD_InitDash_
 0001:00027edf       DashHUD_Reset_
 0001:00027efe       DashHUD_KillHUD_
 0001:00027f1d       DashHUD_KillDash_
 0001:00027f40       DashHUD_ToggleDebug_
 0001:00027f78       DashHUD_ToggleHud_
 0001:00027ff9       DashHUD_ToggleMirror_
 0001:0002804a       DashHUD_SetMessage_
 0001:0002808e       DashHUD_CheckWrongWay_
 0001:0002810c       DashHUD_HUDCalc_
 0001:0002842e       DashHUD_BuildTimeString_
 0001:0002850d       DashHUD_BuildNumbers_
 0001:00028ba2       DashHUD_DashCalc_
 0001:00028c4d       BuildMap_
 0001:00028d2d       DashHUD_Build2DLayer_
 0001:00028ea2       Debugren_TestFacet_
 0001:00028f76       FastRandom_CleanUp_
 0001:00028f8b       FastRandom_StartUp_
 0001:0002915e       MPause_Logic_
 0001:0002959b       MPause_Render_
 0001:000295b5       MPause_InitMPause_
 0001:000296f7       MPause_KillMPause_
 0001:0002971a       GameSetup_StartUp_
 0001:000299b4       GameSetup_CleanUp_
 0001:000299e1       Horizon_TransformVertex_
 0001:00029a5f       Horizon_TransformHorizon_
 0001:00029ac1       Horizon_ProjectVertex_
 0001:00029b64       Horizon_QuadInView_
 0001:00029ca8       Horizon_InitHorizon_
 0001:00029cc2       Horizon_KillHorizon_
 0001:00029cdc       Horizon_InterpolateLineSCoords_
 0001:00029e28       Horizon_BuildHorizon_
 0001:00029e61       Input_StartUp_
 0001:00029f10       Input_Update_
 0001:0002a171       Input_Store_
 0001:0002a202       Input_Fetch_
 0001:0002a256       Input_Gear_
 0001:0002a2bb       Input_Debug_
 0001:0002a34a       Input_Interface_
 0001:0002a3d9       Input_TimedInterface_
 0001:0002a47a       Input_MainExitKey_
 0001:0002a4ab       Math_Atan2F16_
 0001:0002a4df       Math_DistXZ_
 0001:0002a59b       Math_Dist3D_
 0001:0002a6bc       Math_BetterDist_
 0001:0002a867       Math_MakeUnitMatrix_
 0001:0002a8da       Math_ResolveRotatedVector_
 0001:0002a981       Math_FixedSqrtServer_
 0001:0002aa18       Math_VectorLength_
 0001:0002abd0       Math_VectorLength2_
 0001:0002ad74       Math_NormalizeVector_
 0001:0002af69       Math_NormalizeShortVector_
 0001:0002b05e       Math_DumpFixed_
 0001:0002b078       Math_DumpVector_
 0001:0002b08f       Math_MakeRotMatY_
 0001:0002b11d       MinFront_Scan_
 0001:0002b1b6       MinFront_BackScan_
 0001:0002b262       MinFront_LookupParam_
 0001:0002b47f       MinFront_LookupDevice_
 0001:0002b4e1       MinFront_LookupHandler_
 0001:0002b57e       MinFront_Evaluate_
 0001:0002bafb       MinFront_ParseFile_
 0001:0002bbd5       MinFront_ParseCommandLine_
 0001:0002bc55       MinFront_ParseArgv_
 0001:0002bd1f       MinFront_ParseOptions_
 0001:0002bdf5       Newton_FindClosestQuad_
 0001:0002be36       Newton_CalculateSliceYaw_
 0001:0002bee9       Newton_UpdateRoadGeometry_
 0001:0002c380       Newton_CalculateSliceDifference_
 0001:0002c3f3       Newton_FindGroundElevationGeneral_
 0001:0002c4a5       Newton_FindGroundElevationAndNormal_
 0001:0002c526       Newton_LimitCarsToDrivableDist_
 0001:0002c576       Newton_CalcPerpenHeightOfLowestPointFromGround_
 0001:0002c7a6       Newton_CalcPerpenHeightOfCenterPointFromGround_
 0001:0002c84a       Newton_CalcDistToClosestPlayerCar_
 0001:0002cced       Newton_UpdateRoadInfo_
 0001:0002cdc3       Newton_CopyRoadMatrixToOrientMat_
 0001:0002ce93       Newton_CopyRoadMatrixToShadowMat_
 0001:0002cf63       Newton_SetInitialSlicePositionOrientationEtc_
 0001:0002d2be       Newton_InitBaseNewtonObj_
 0001:0002d5fd       Newton_QDUpdateVel_
 0001:0002d69b       Newton_OptzRotxform_
 0001:0002d823       Newton_QDUpdateRot64Hz_
 0001:0002d92b       Newton_QDUpdateRot32Hz_
 0001:0002da33       Newton_CalculateGroundShadowMatrix_
 0001:0002df67       Newton_CalcGroundShadowCoordinates_
 0001:0002e2a2       Newton_DoPostBarrierCollisionHandling_
 0001:0002e5b8       Newton_PointInsideQuad_
 0001:0002e726       Newton_TestForUndrivableSurfaces_
 0001:0002e9a8       Newton_PlaceObjOnAndParallelToGroundCheckAxis_
 0001:0002edbb       Newton_PlaceObjOnAndParallelToGround_
 0001:0002f183       Newton_LimitAngularVelocity_
 0001:0002f24b       Newton_ApplyTheLawOfGravity_
 0001:0002fd40       Newton_CalculateRoadPosition_
 0001:0002fded       Nfs2_SystemNLibStartUp_
 0001:0002fe11       Nfs2_SystemNLibCleanUp_
 0001:0002fe30       Nfs2_BefuddleCode_
 0001:0002fe77       Nfs2_ChangeExtension_
 0001:0002fea2       Nfs2_ResetGame_
 0001:0002fed0       Nfs2_GameModuleStartUp_
 0001:00030009       Nfs2_CleanUpGameModule_
 0001:000300ea       main_
 0001:00030275       Paths_ReadTillEOL_
 0001:000302ac       Paths_ReadTillNotEOL_
 0001:000302e1       Paths_StartUp_
 0001:000303ab       Paths_CleanUp_
 0001:000303d7       Personality_GetName_
 0001:0003040c       Personality_HardLoad_
 0001:00030435       Personality_CleanUp_
 0001:0003044a       Personality_StartUp_
 0001:00030464       Personality_GetPersonalityIndex_
 0001:000304b7       Personality_ChoosePersonality_
 0001:00030546       Physics_InitCarSpecs_
 0001:00030914       Physics_CalculateDerivedCarSpecs_
 0001:00030f11       Physics_CalculateBarrierCollisionWidthOfCar_
 0001:00031188       Physics_AttenuateVelocity_
 0001:00031693       Physics_SetCurrentWallType_
 0001:000316b5       Physics_GetTorque_
 0001:0003172f       Physics_CorrectPostCollisionYaw_
 0001:00031b61       Physics_DoBarrierCheck_
 0001:0003265c       Physics_AutoShift_
 0001:00032bfb       Physics_RampCarControlValues_
 0001:000333f3       Physics_FixEngineRpm_
 0001:0003374c       Physics_FakeEngineRpm_
 0001:0003386b       Physics_ResetCar_
 0001:0003399f       Physics_StopCar_
 0001:00033a54       Physics_TestForBarrierCollision_
 0001:00033ab2       Physics_CalculateRoadGripModifiers_
 0001:00033eae       Physics_CalculateCarAcceleration_
 0001:00034723       Physics_CalcWheelLockAcc_
 0001:000348bc       Physics_CalcTractionCircleAcc_
 0001:00034cdc       Physics_CalculateTireForces_
 0001:000356b3       Physics_Real_
 0001:00036e37       Physics_SimCar_
 0001:00036ef7       Physics_Assist_
 0001:00037045       Physics_FakeCarAcceleration_
 0001:000383c6       Physics_FakeSteering_
 0001:00038f67       Physics_FakePowerOversteer_
 0001:00039af9       Physics_Fake_
 0001:0003a5d1       Quatern_Interpolate_
 0001:0003a75d       Quatern_QuatToMat_
 0001:0003a8cb       Transformer_SetSubDivideQuality_
 0001:0003a8ed       Transformer_ReserveAndDispenseNode_
 0001:0003a9b1       Transformer_CleanUp_
 0001:0003aa2d       Transformer_AllocateAndInitializeNode_
 0001:0003ab23       Transformer_CreateNode_
 0001:0003ab65       Transformer_AddGeomObj_
 0001:0003abd1       Transformer_HangNewTransformNode_
 0001:0003ac48       Transformer_HangNewGeomNode_
 0001:0003acbf       Transformer_BuildShadowFacet_
 0001:0003ada6       Transformer_InsertPartFacet_
 0001:0003b0ba       Transformer_InitPriorityNodeList_
 0001:0003b103       Transformer_LinkAllNodeLists_
 0001:0003b164       R3DCar_DoSpoilerActionNull_
 0001:0003b190       R3DCar_DoSpoilerActionIsdera_
 0001:0003b237       R3DCar_DoSpoilerActionMacF1_
 0001:0003b2ed       R3DCar_DoSpoilerActionGT90_
 0001:0003b366       R3DCar_GetLightingContext_
 0001:0003b3f0       R3DCar_PitchAndRollCarBody_
 0001:0003b667       R3DCar_DoSuspensionAnimation_
 0001:0003b85f       R3DCar_DoRearSuspensionAnimation_
 0001:0003b88a       R3DCar_SteerFrontWheels_
 0001:0003b9f9       R3DCar_ReadInCarData_
 0001:0003bb56       R3DCar_SetZsortPartLinkPriorityMinMaxYawMinMaxPitch_
 0001:0003bbbe       R3DCar_SetWheelStruct_
 0001:0003bca6       R3DCar_Restart_
 0001:0003bccf       R3DCar_StartUp_
 0001:0003bd23       R3DCar_CleanUp_
 0001:0003bde4       R3DCar_LocateAnimWheelFacets_
 0001:0003be6b       R3DCar_LocateBrakelightAnimFacets_
 0001:0003bef1       R3DCar_DeInstantiate3DCar_
 0001:0003bf3c       R3DCar_Instantiate3DCar_
 0001:0003ce99       R3DCar_ChangeTrafficColor_
 0001:0003cef1       R3DCar_InsertCarFacet_
 0001:0003d3bb       R3DCar_SetCarDetailLevel_
 0001:0003d539       R3DCar_BuildCarVisibilityList_
 0001:0003dabb       R3DCar_InsertAllListFacet_
 0001:0003dc26       Render_ResetTm_
 0001:0003dc45       Render_AllocateTm_
 0001:0003dc7a       Render_FreeTm_
 0001:0003dca3       Render_GetTm_
 0001:0003dcf8       Render_LocateTm_
 0001:0003dd44       Render_NilListFacet_
 0001:0003dd7c       Render_SetUnicFacet_
 0001:0003ddc5       Render_MergeListFacet_
 0001:0003de20       Render_InitListFacet_
 0001:0003de49       Render_AddFacet_
 0001:0003deb2       Render_FetchListFacet_
 0001:0003df01       Render_Render3DView_
 0001:0003dfab       Render_RenderView_
 0001:0003e08b       Render_StartFrameRender_
 0001:0003e0af       Render_StopFrameRender_
 0001:0003e0ce       Render_StartPauseMenu_
 0001:0003e0f2       Render_StopPauseMenu_
 0001:0003e116       Render_Render_
 0001:0003e273       Render_Debug_
 0001:0003e2b6       Render_InitTrackRender_
 0001:0003e307       Render_RestartTrackRender_
 0001:0003e335       Render_InitTrackRenderPostSim_
 0001:0003e363       Render_KillTrackRender_
 0001:0003e3af       Render_InitLibRender_
 0001:0003e3ce       Render_KillLibRender_
 0001:0003e3e8       Replay_Compress_
 0001:0003e4e8       Replay_Decompress_
 0001:0003e5b1       Replay_InitReplay_
 0001:0003e623       Replay_ResetReplay_
 0001:0003e770       Replay_StoringReplay_
 0001:0003e7b1       Replay_StoringControllerData_
 0001:0003e905       Replay_RetreivingControllerData_
 0001:0003ea61       Replay_SaveInput_
 0001:0003eb81       Replay_GetInput_
 0001:0003ed30       Replay_SaveReplay_
 0001:0003ed47       Replay_LoadReplay_
 0001:0003edc3       Replay_DoReplay_
 0001:0003ee0d       Replay_GetInterfaceKey_
 0001:0003f0cc       Replay_TrackEvents_
 0001:0003f0e6       Replay_SetCamera_
 0001:0003f1b1       Replay_ReplayChooseCamera_
 0001:0003f301       Risk_InitSortFacets_
 0001:0003f329       Risk_Z2Index_
 0001:0003f354       Risk_InsertIndexFacet_
 0001:0003f3d9       Risk_InsertFacetByList_
 0001:0003f5cc       Risk_InsertFacet_
 0001:0003f787       Risk_InsertListFacets_
 0001:0003f943       Risk_CollectClipFacet_
 0001:0003f9f8       Risk_InitTrackRisk_
 0001:0003fa69       Risk_KillTrackRisk_
 0001:0003fa9a       IsNumChar_
 0001:0003fae7       Risk_ReadNextValue_
 0001:0003fb92       Risk_CircleClip_
 0001:0003fc61       Risk_InitBSpline_
 0001:0003fdba       Risk_CalcBSpline_
 0001:0004007e       Risk_BSpline_
 0001:0004019e       Risk_Linear_
 0001:0004029e       Line_SingleLine_
 0001:00040761       Line_DashLine_
 0001:00040c53       Line_DoubleLine_
 0001:000411d0       Line_SolidDashLine_
 0001:00041858       Line_DashSolidLine_
 0001:00041ee0       Line_StartInsertFacet_
 0001:00041eff       Line_BuildChunkLine_
 0001:00042197       Line_InsertFacet_
 0001:000421e2       Line_InitTrackLine_
 0001:000421f7       Line_KillTrackLine_
 0001:0004220c       Sched_ExecuteCheck_
 0001:00042302       Sched_CreateNewSchedule_
 0001:000423a4       Sched_CleanUpSchedule_
 0001:000423d1       Sched_AddFunction_
 0001:000424a9       Sched_DeleteFunction_
 0001:00042587       Sched_Execute_
 0001:000425e6       Sim_CaptureScreen_
 0001:0004263a       Sim_StartUp_
 0001:0004273e       Sim_Restart_
 0001:000427d0       Sim_CleanUp_
 0001:00042837       Sim_ProcessSimSchedules_
 0001:00042a0c       Sim_ProcessPause_
 0001:00042ae3       Sim_CheckForPause_
 0001:00042bb1       Sim_MainGameLoop_
 0001:00043103       SimCom_StartUp_
 0001:0004312c       SimCom_Restart_
 0001:00043155       SimCom_CleanUp_
 0001:000431a0       SimCom_Pause_
 0001:00043303       SimCom_PauseLogic_
 0001:000436c9       SimCom_PauseAction_CALLBACK_
 0001:000437e3       SimCom_DisplaySyncMsg_
 0001:0004385c       SimCom_SynchSetup_
 0001:00043a06       SimCom_SynchSetup_CALLBACK_
 0001:00043a4a       SimCom_SendInput_
 0001:00043b24       SimCom_SimInput_CALLBACK_
 0001:00043c16       SimQueue_StartUp_
 0001:00043c52       SimQueue_Reset_
 0001:00043da5       SimQueue_CleanUp_
 0001:00043ddc       SimQueue_Put_
 0001:00043f53       SimQueue_HostPutClient_
 0001:00044087       SimQueue_SetCurrentInput_
 0001:00044135       SimQueue_GetCurrentInput_
 0001:0004416a       SimQueue_ServerPeek_
 0001:00044262       SimQueue_CalcPauseTime_
 0001:0004429d       SimQueue_GetHeadTime_
 0001:000442bf       SimQueue_GetHostTailTime_
 0001:000442e1       SimQueue_GetRemoteTicksAhead_
 0001:0004434b       SimQueue_SetLocalTicksAhead_
 0001:0004438b       SimQueue_SetLag_
 0001:00044438       SimQueue_IsBlocking_
 0001:00044611       Sim_OpenSimFile_
 0001:000446ed       Sim_CloseSimFile_
 0001:00044750       Sim_GetFileSize_
 0001:000447a8       Sim_ReadFile_
 0001:0004482a       Sim_GetNumSlices_
 0001:00044882       Sim_GetNumObjects_
 0001:000448da       Sim_GetNumEdges_
 0001:00044932       Sim_GetSlices_
 0001:00044955       Sim_GetObjects_
 0001:00044988       Sim_GetEdges_
 0001:000449c6       GetGustWind_
 0001:00044a1e       GetAngleWind_
 0001:00044a58       MoveAngleWind_
 0001:00044a9e       Souffle_Add_
 0001:00044c24       Souffle_DoSouffle_
 0001:00044dec       Souffle_InsertFacet_
 0001:00044e91       Souffle_InitTrackSouffle_
 0001:00044ec4       Souffle_RestartTrackSouffle_
 0001:00044ee3       Souffle_KillTrackSouffle_
 0001:00044ef8       TrgSfx_AddCarSfx_
 0001:00044fbd       TrgSfx_CrashCar_
 0001:00045032       TrgSfx_SubdividSkidmark_
 0001:000450fd       TrgSfx_AddSkidmark_
 0001:0004528b       TrgSfx_InitTrgSfx_
 0001:00045332       TrgSfx_RestartTrgSfx_
 0001:00045351       TrgSfx_KillTrgSfx_
 0001:00045366       Stats_DoPlayerGlue_
 0001:0004556a       Stats_ClearPosition_
 0001:000455da       Stats_GetPosition_
 0001:00045646       Stats_GetNumOpponents_
 0001:0004569d       Stats_GetNextCar_
 0001:000456e1       Stats_TrackStats_
 0001:00045b37       Stats_ExtrapolateOpponentTimes_
 0001:00045e78       Stats_TrackEndGame_
 0001:00045f67       _kchGeomCollSizeOff
 0001:00045f6b       _kchItemCollCountOff
 0001:00045f6f       _kchSimSliceIndexOff
 0001:00045f73       _kchChunkNumOff
 0001:00045f77       _kchBoundsOff
 0001:00045f7b       _kchHeaderEndOff
 0001:00045f7f       _kGeoPtOff
 0001:00045f83       Stm_InitStreamReader_
 0001:00045fa4       Stm_DeInitStreamReader_
 0001:00045fcc       Stm_GetNumberOfChunks_
 0001:00046024       Stm_GetNumberOfMetaChunks_
 0001:0004607c       Stm_GetMaxMetaChunkSize_
 0001:000460d4       Stm_GetMaxGeomCollSize_
 0001:0004612c       Stm_GetChunkCenter_
 0001:00046159       Stm_GetChunkCenterRef_
 0001:00046185       Stm_GetMaxFullSize_
 0001:000461dd       Stm_GetMaxSplitSize_
 0001:00046235       Stm_GetNumChunks_
 0001:0004625e       Stm_GetChunk_
 0001:000462d5       Stm_GetMetaChunkIndex_
 0001:00046338       Stm_GetGeometry_
 0001:00046361       Stm_GetVertices_
 0001:0004638a       Stm_GetQuads_
 0001:000463d5       Stm_GetItemCollection_
 0001:00046486       Stm_GetFirstSimSliceIndex_
 0001:000464c0       Stm_GetGeomCollSize_
 0001:000464fe       Stm_GetChunkNum_
 0001:00046538       Stm_GetBounds_
 0001:00046561       Udff_Opena_
 0001:000466d2       Udff_Close_
 0001:0004671f       Udff_GetInt_
 0001:0004677b       Udff_GetChar_
 0001:000467d6       Udff_GetStr_
 0001:00046801       Udff_GetStrn_
 0001:0004688c       Udff_GetBuffer_
 0001:000468eb       Smack_ResetObj_
 0001:000469c1       Smack_GeneralPhysics_
 0001:00046b14       Smack_DoPostCollisionStuff_
 0001:00046db1       Smack_Restart_
 0001:00046dc6       Smack_MakeSmackDataPathName_
 0001:00046e0e       Smack_SetSmackInitPosition_
 0001:00046eaf       Smack_StartUp_
 0001:00046fcf       Smack_CleanUp_
 0001:00046fe4       _mirrorthreadfunc
 0001:00047287       IsDirSep_
 0001:000472c6       wingetroot_
 0001:000473d0       winfullpath_
 0001:000474e3       _getdrivemap
 0001:00047503       _getdrivename
 0001:00047616       _setdirectory
 0001:0004765c       _getdirectory
 0001:000476b7       _iswinfilesinited
 0001:000476ec       _initwinfiles
 0001:00047791       _restorewinfiles
 0001:0004787c       _openwinfile
 0001:00047f54       _infowinfile
 0001:000480bd       _readwinfile
 0001:0004858b       _writewinfile
 0001:00048859       _seekwinfile
 0001:00048a02       _tellwinfile
 0001:00048af2       _closewinfile
 0001:00048c98       _lockwinfile
 0001:00048d11       _unlockwinfile
 0001:00048d8f       _addresswinfile
 0001:00048e13       _mirrorwinfile
 0001:00048e77       _setendoffile
 0001:00048f56       PACKET_Send_
 0001:0004924c       PACKET_InitGlobals_
 0001:00049297       PACKET_InitCallBacks_
 0001:000492d9       _PACKET_Receive_CALLBACK
 0001:00049362       _PACKET_ConnClosed_CALLBACK
 0001:000493c3       _PACKET_UserAbort_CALLBACK
 0001:0004941d       PACKET_Initialize_
 0001:000494d0       PACKET_UserAbortConnection_
 0001:00049516       PACKET_Disconnect_
 0001:0004955a       PACKET_GetCompressedIndex_
 0001:000495b7       PACKET_GetStaticIndex_
 0001:0004960e       PACKET_SetIndexes_
 0001:0004977a       PACKET_UpdatePlayers_CALLBACK_
 0001:00049816       PACKET_GetPlayers_
 0001:0004986f       PACKET_CheckPoint_
 0001:00049ad0       PACKET_Checkpoint_CALLBACK_
 0001:00049b8a       Serial_Connect_
 0001:00049e02       Serial_PickHost_CALLBACK_
 0001:00049e39       Serial_InitConn_
 0001:00049fff       Serial_PickHost_
 0001:0004a165       _kYCoords_8P
 0001:0004a185       _kYCoords_8P_Sim
 0001:0004a1a5       Chat_ReceiveMessage_CALLBACK_
 0001:0004a24f       Chat_OpenHailingFrequency_
 0001:0004a2e9       Chat_CloseHailingFrequency_
 0001:0004a303       Chat_Display_
 0001:0004a561       Chat_AcceptInput_
 0001:0004a7b7       Chat_Clear_
 0001:0004a7d1       Chat_UpdateBuffers_
 0001:0004a847       Editor_Open_
 0001:0004a9ec       Editor_Close_
 0001:0004aa4d       Editor_ClearAllWindows_
 0001:0004aaa7       Editor_ClearWindow_
 0001:0004ab46       Editor_ClearLine_
 0001:0004abbb       Editor_InsertString_
 0001:0004ac1e       Editor_InsertChar_
 0001:0004adf7       Editor_DeleteChar_
 0001:0004aef2       Editor_GetWindowText_
 0001:0004b042       Editor_CheckForWordWrap_
 0001:0004b07c       ModemReg_FindNext_
 0001:0004b0e1       ModemReg_FindFirst_
 0001:0004b1d2       ModemReg_OpenRootKey_
 0001:0004b224       ModemReg_CloseRootKey_
 0001:0004b24b       ModemReg_FindModems_
 0001:0004b37d       ModemReg_AddModemToList_
 0001:0004b83e       ModemReg_ReadString_
 0001:0004b8d3       ModemReg_IsDialTypeTone_
 0001:0004ba1d       Audio_InitDriver_
 0001:0004bb86       Audio_ReInitDriver_
 0001:0004bc8a       Audio_DeInitDriver_
 0001:0004bcb6       Audio_UnCacheMusic_
 0001:0004bd0a       Audio_ReserveCache_
 0001:0004bdbb       Audio_CacheMusic_
 0001:0004bf70       Audio_InitMusic_
 0001:0004bfc4       Audio_ReInitMusic_
 0001:0004c014       Audio_StartMusic_
 0001:0004c185       Audio_StartMusicSIM_
 0001:0004c2d9       Audio_StartLinMusic_
 0001:0004c3e8       Audio_StopMusic_
 0001:0004c482       Audio_DeInitMusic_
 0001:0004c4b8       Audio_CleanUp_
 0001:0004c515       Audio_FECleanUp_
 0001:0004c555       AudioCmn_LoadBank_
 0001:0004c614       Audio_GetSFXFromStreamBuffer_
 0001:0004c62f       CarIO_WriteCarBinaryGeom_
 0001:0004c87d       CarIO_ReadCarAsciiGeom_
 0001:0004c8a2       CarIO_RemapTextureColor_
 0001:0004ca7d       CarIO_ReadInCarTextureData_
 0001:0004cde2       CarIO_StartUp_
 0001:0004ce38       CarIO_CleanUp_
 0001:0004cf16       Dash_SetGauge_
 0001:0004d07a       Dash_InitGauges_
 0001:0004d194       Dash_ModuleRegister_
 0001:0004d27e       Dash_InitTextures_
 0001:0004d4eb       Dash_KillTextures_
 0001:0004d525       Dash_ResetDash_
 0001:0004d544       Dash_Calculations_
 0001:0004d559       Dash_HasChanged_
 0001:0004d5ce       Dash_GetRVOffset_
 0001:0004d605       Dash_GetEnviro_
 0001:0004d631       Dash_GetHeight_
 0001:0004d688       Dash_GetWheelTexture_
 0001:0004d6fb       Dash_MoveDash_
 0001:0004d7c8       Dash_ClipGauge_
 0001:0004d913       Dash_CalcTach_
 0001:0004da3c       Dash_CalcSpdo_
 0001:0004db72       Dash_BuildSetWin_
 0001:0004dbeb       Dash_BuildTach_
 0001:0004dd22       Dash_BuildSpdo_
 0001:0004de59       Dash_BuildNeedles_
 0001:0004ded0       Dash_BuildGaugeClip_
 0001:0004df56       Dash_BuildClip_
 0001:0004dffb       Dash_BuildCockpit_
 0001:0004e259       Dash_BuildClippedNeedles_
 0001:0004e4cf       Dash_BuildMirror_
 0001:0004e6ba       Dash_BuildNumber_
 0001:0004e87c       Dash_BuildIndiTach_
 0001:0004e997       Dash_BuildIndiGauges_
 0001:0004ebe7       Dash_BuildClippedIndiGauges_
 0001:0004ed28       Dash_BuildWholeDash_
 0001:0004f043       Dash_BuildCockpitUnderWheel_
 0001:0004f10c       Dash_BuildWheel_
 0001:0004f378       Dash_BuildMapBackGround_
 0001:0004f513       Device_StartUp_
 0001:0004f599       Device_LoadCalibration_
 0001:0004f5c3       Device_PurgeCalibration_
 0001:0004f5ef       Device_CalibrateControl_
 0001:0004f882       Device_SetHardCodedKeys_
 0001:0004fa57       Device_CycleCamera_
 0001:0004fa9f       _Device_readwinjoy
 0001:0004fbc7       Device_TestJoy_
 0001:0004fc1f       Device_RawJoy_
 0001:0004fc94       Device_RawJoyButtons_
 0001:0004fcdc       Device_Update_
 0001:0004ff07       Device_ScheduleJoy_
 0001:0004ff61       Device_ButtonStartUp_
 0001:0004ffd5       Device_Button_
 0001:00050022       Device_AnalogStartUp_
 0001:00050091       Device_Analog_
 0001:00050186       Device_Keyboard_
 0001:000501c4       Device_Interface_
 0001:000502b0       Device_Null_
 0001:000502d8       Draw_CalculFContext_
 0001:000502f2       Draw_CountFacet_
 0001:0005030d       Draw_ReadDepthCueDistVals_
 0001:00050337       Draw_ReadDepthCueLightVals_
 0001:00050361       Draw_InitLightColorTable_
 0001:00050505       Draw_Alert_
 0001:0005051a       Draw_StartBenchmark_
 0001:0005052f       Draw_SpecialBenchmark_
 0001:00050544       Draw_DebugRendering_
 0001:00050559       Draw_JungleDrawMessage_
 0001:000505d8       Draw_LinmapPoly_
 0001:00050d64       Draw_QuadSubDivide_
 0001:00051547       Draw_FastBackCull_
 0001:000515d1       Draw_BackCull_
 0001:000516dd       Draw_SubDivBackCull_
 0001:000517ab       Draw_HighQuality3DFacet_
 0001:000518e6       Draw_MedQuality3DFacet_
 0001:00051bb3       Draw_General2DFacet_
 0001:00051e0f       Draw_GeneralTriangle_
 0001:00051fea       Draw_High_k3DFacet_
 0001:0005203c       Draw_High_k3DTransparentFacet_
 0001:0005208e       Draw_High_k3DAdditiveFacet_
 0001:000520ba       Draw_High_k3DTranslucentFacet_
 0001:000520e6       Draw_Med_k3DFacet_
 0001:00052138       Draw_Med_k3DTransparentFacet_
 0001:0005218a       Draw_Med_k3DAdditiveFacet_
 0001:000521b6       Draw_Med_k3DTranslucentFacet_
 0001:000521e2       Draw_k3DTFacet_
 0001:0005220e       Draw_k3DTTransparentFacet_
 0001:0005223a       Draw_k2DFacet_
 0001:00052266       Draw_k2DTransparentFacet_
 0001:00052292       Draw_k2DTranslucentFacet_
 0001:000522be       Draw_k2DTranslatedFacet_
 0001:00052320       Draw_k2DTileFacet_
 0001:00052356       Draw_k2DTransparentTileFacet_
 0001:0005238c       Draw_k2DFlatFacet_
 0001:000523fe       Draw_kDebugFacet_
 0001:000524ec       Draw_kFlatLineFacet_
 0001:00052542       Draw_kSetClipFacet_
 0001:000525b8       Draw_kCtrlDepthCeuing_
 0001:000525e2       Draw_kCtrlCallBack_
 0001:00052601       Draw_kSetWin_
 0001:00052630       Draw_InsertControlFacet_
 0001:000526ed       Draw_DrawFacetNotImplemented_
 0001:00052707       Draw_InitRenderingLoop_
 0001:00052816       Draw_InstallHighQualityCallBack_
 0001:00052853       Draw_InstallMediumQualityCallBack_
 0001:00052890       Draw_RenderingLoop_
 0001:000528d1       Draw_ToggleDetailLevel_
 0001:00052909       Draw_ToggleScreenSize_
 0001:00052978       Draw_IsFullScreenMode_
 0001:000529b1       Draw_SetClipProjEnviro_
 0001:00052aa0       Draw_GetClipProjEnviro_
 0001:00052b03       Draw_CreateEnviro_
 0001:00052ba2       Draw_CreateAllEnviro_
 0001:00052c90       Draw_SetEnviro_
 0001:00052e40       Draw_ProcessListFacet_
 0001:00052e70       Draw_DebugFrameRender_
 0001:00052e9b       Draw_StartRenderingView_
 0001:00052eb5       Draw_StopRenderingView_
 0001:00052f28       Draw_UVTexture_
 0001:00053075       Draw_DetailLevelBackground_
 0001:00053157       Draw_StartFrameRender_
 0001:00053197       Draw_StopFrameRender_
 0001:000534a6       Draw_InitTrackRender_
 0001:00053560       Draw_InitGameGraphicSystem_
 0001:00053650       Draw_InitTrackRenderPostSim_
 0001:00053665       Draw_RestartTrackRender_
 0001:0005367a       Draw_KillTrackRender_
 0001:000536d0       Draw_InitLibRender_
 0001:000536ef       Draw_KillLibRender_
 0001:00053704       Pause_Background_
 0001:00053792       Pause_FullBackground_
 0001:0005388e       Draw_RenderPauseMenu_
 0001:00053c0f       Draw_StartPauseMenu_
 0001:00053c24       Draw_StopPauseMenu_
 0001:00053c43       Draw_StartRenderPauseMenu_
 0001:00053c66       Draw_StopRenderPauseMenu_
 0001:00053c95       Force_Pause_
 0001:00053cb9       Force_UnPause_
 0001:00053cdd       Force_Enable_
 0001:00053d07       Force_Disable_
 0001:00053d31       Force_SampleJolt_
 0001:00053d5f       Force_DetectForceFeedback_
 0001:00053e21       Force_AutoDetectIForce_
 0001:00053ec1       Force_GetForceCar_
 0001:00053f74       Force_StartUp_
 0001:00054071       Force_ClearAll_
 0001:000540c4       Force_HitSign_
 0001:00054177       Force_HitCar_
 0001:00054358       Force_HitWall_
 0001:00054484       Force_HitSharpAngle_
 0001:000544fa       Force_Shift_
 0001:00054669       Force_GForce_
 0001:000548c2       Force_RoadTexture_
 0001:00054d61       Force_CarFlip_
 0001:00054dcc       Force_IsForceOn_
 0001:00054e25       Force_Update_
 0001:00054f53       Force_CleanUp_
 0001:00054f99       Force_GetCurrentSpeed_
 0001:00055023       ForceDLL_IForceInit_
 0001:0005551e       ForceDLL_IForceEnd_
 0001:00055548       Hrz_ReadHorizonData_
 0001:0005578e       Hrz_GetHorizonPixMap_
 0001:000557d3       Hrz_InitTextures_
 0001:00055885       Hrz_KillTextures_
 0001:0005589a       Hrz_Init2DRing_
 0001:00055a05       Hrz_InitHorizon_
 0001:00055a85       Hrz_KillHorizon_
 0001:00055abb       Hrz_ParallelProjectVertex_
 0001:00055b60       Hrz_ToggleHorizon_
 0001:00055b7c       Hrz_SetClipping_
 0001:00055bff       Hrz_Build2DRing_
 0001:00056386       Hud_AddFacet_
 0001:00056439       Hud_SetPosition_
 0001:000565cf       Hud_InitTables_
 0001:00056832       Hud_ResetHud_
 0001:000568f2       Hud_ModuleRegister_
 0001:000569d8       Hud_InitTextures_
 0001:000571c3       Hud_ResetEnv_
 0001:000571e2       Hud_KillTextures_
 0001:00057246       Hud_GetBankMask_
 0001:00057430       GetTextureInfo_
 0001:0005759d       Hud_BuildSplitBackGround_
 0001:000577b2       Hud_ChatString_
 0001:00057ac4       Hud_BuildNextCarBackground_
 0001:00057b78       Hud_BuildWholeHUD_
 0001:00057e80       Hud_BuildNumber_
 0001:000580d8       Hud_ToUpper_
 0001:00058249       Hud_BuildString_
 0001:00058523       Hud_BuildMessage_
 0001:000585e3       Hud_BuildDivider_
 0001:00058616       Hud_BuildTach_
 0001:00058857       Hud_BuildBackGround_
 0001:000589b1       Hud_InitMap_
 0001:00058b42       Hud_BuildClip_
 0001:00058bc2       Hud_BuildMapBackGround_
 0001:00058d63       Hud_GetMapAngle_
 0001:00058e58       Hud_BuildMapMarkers_
 0001:000591da       Hud_BuildMap_
 0001:0005969d       Hud_AssignShapeFacetType_
 0001:0005971b       Hud_BuildReplayBack_
 0001:00059763       Hud_BuildReplay_
 0001:00059b11       Lighting_LightFilter_
 0001:00059c61       Lighting_HSVLightFilter_
 0001:00059d78       Lighting_GetLightTable_
 0001:00059da5       Lighing_SetLightTable_
 0001:00059de8       Lighting_SetLightValues_
 0001:00059e25       Lighting_CalcLighting_
 0001:00059ef9       Lighting_CreateShadowTable_
 0001:00059f41       Lighting_InitLUTColors_
 0001:00059f7b       Lighting_MarkLUTColors_
 0001:00059fc2       Lighting_CreateAdditiveLUT_
 0001:0005a1e3       Lighting_KillAdditiveLUT_
 0001:0005a2ae       Loading_DrawLoadingScreen_
 0001:0005a5fe       Loading_UpdateLoadingScreen_
 0001:0005a6f8       Loading_DrawLoadingScreen2_
 0001:0005a7b4       Loading_GetInitialMemory_
 0001:0005a7d3       _NFSID
 0001:0005a7f0       NET_FindNextService_
 0001:0005a8a2       NET_GetGameList_
 0001:0005aa6e       NET_HostGame_
 0001:0005ac7d       NET_JoinGame_
 0001:0005aead       NET_AddNewPlayers_
 0001:0005b043       NET_DropDeadPlayers_
 0001:0005b0a6       NET_DropPlayer_
 0001:0005b0f9       NET_ForFeitPlayer_
 0001:0005b1a8       NET_Forfeit_CALLBACK_
 0001:0005b1dd       NET_EnableGameAccess_
 0001:0005b238       NET_DisableGameAccess_
 0001:0005b295       NET_EndGame_
 0001:0005b353       NET_InitConn_
 0001:0005b3f1       NET_GetServices_
 0001:0005b4b6       _NET_CreateServiceList_CALLBACK
 0001:0005b592       _NET_MakeGameList_CALLBACK
 0001:0005b69a       _NET_AddNewPlayer_CALLBACK
 0001:0005b6ef       NET_InitConnQueue_
 0001:0005b722       NET_IsConnQueueEmpty_
 0001:0005b755       NET_PushOnQueue_
 0001:0005b7cb       NET_PopOffQueue_
 0001:0005b827       DEBUG_net_connect_
 0001:0005b908       Pal_InitPalSystem_
 0001:0005b972       Pal_DeInitPalSystem_
 0001:0005b98c       Pal_InitLORCC_
 0001:0005b9db       Pal_InitRegions_
 0001:0005ba23       Pal_NewRegion_
 0001:0005ba92       Pal_AddFileToRegion_
 0001:0005bad3       Pal_RegisterShapeFile_
 0001:0005bba7       Pal_RegisterColoredShapeFile_
 0001:0005bc9a       Pal_RegisterColorRemappedShapeFile_
 0001:0005bd72       Pal_ProcessRegionPalettes_
 0001:0005bf8e       Pal_Omit7fFromPalette_
 0001:0005bff1       Pal_SetLORCCWithPal_
 0001:0005c0a0       Pal_SetSysPalFromLORCC_
 0001:0005c0ca       Pal_CreateInverseTable_
 0001:0005c173       Pal_GetLORCCPal_
 0001:0005c194       Pal_ColorReduceRegion_
 0001:0005c2d9       Pal_AdjustRegionSizeWithReducedColorsFromOtherRegions_
 0001:0005c330       Pal_ReducePalWithAlreadyAddedColors_
 0001:0005c416       Pal_ReduceHistoWithAlreadyAddedColors_
 0001:0005c4ad       Pal_RemapRegionShapeFiles_
 0001:0005c566       Pal_RemapRegions_
 0001:0005c5a7       Pal_InitRemapTable_
 0001:0005c5f4       Pal_DeInitRemapTable_
 0001:0005c617       Pal_GetRemapID_
 0001:0005c655       Pal_GetRemapTable_
 0001:0005c683       Pal_SetRemapTable_
 0001:0005c6b0       Pal_CreateRemapTable_
 0001:0005c822       nfs2GetFirstBlock_
 0001:0005c84c       nfs2getnummemblocks_
 0001:0005c890       DoMemSizeDisplay_
 0001:0005c92c       nfs2GetModData_
 0001:0005ca69       DoBlocSizeDisplay_
 0001:0005caff       DoListBlocSizeDisplay_
 0001:0005cb75       nfs2mem_Check_
 0001:0005cb8f       nfs2memAllocationcallback_
 0001:0005cbba       nfs2memDeAllocationcallback_
 0001:0005cbe7       nfs2memFindmemcallback_
 0001:0005cc06       nfs2memInstallcallback_
 0001:0005cc2f       nfs2MemDspFmt_
 0001:0005cc60       nfs2CalcMemFigures_
 0001:0005cd1e       nfs2DrawMemMap_
 0001:0005ce67       nfs2memsizedisplay_
 0001:0005cf14       Pal_PrintColourTable_
 0001:0005cf83       Pal_PrintPalette_
 0001:0005d01d       Pal_PrintARGB_
 0001:0005d0b7       Pal_ClosestColour_
 0001:0005d101       Pal_CalcTransTable_
 0001:0005d163       Pal_GetShapeFile888Pal_
 0001:0005d1ce       Pal_GetShapeFilePal_
 0001:0005d36f       Pal_ConvertARGBTo768_
 0001:0005d3e9       Pal_Convert768ToARGB_
 0001:0005d463       Pal_CalcShapePixelCount_
 0001:0005d4bf       Pal_RemapShape_
 0001:0005d503       Pal_MakeRTFromRT_
 0001:0005d559       Pal_MakeRTFromPal_
 0001:0005d589       Pal_RemapShapeFile_
 0001:0005d5eb       Pal_RemapShapeFileToSysPal_
 0001:0005d622       Pal_RemapLutShapeFileToSysPal_
 0001:0005d668       Paltools_LinearizeColor_
 0001:0005d763       Platform_AllocateTm_
 0001:0005d7b5       Platform_FreeTm_
 0001:0005d7db       Platform_FreeMPause_
 0001:0005d7f0       Platform_ReAllocateMPause_
 0001:0005d805       Platform_SysStartUp_
 0001:0005d8f2       Platform_SysCleanUp_
 0001:0005d938       Platform_DebuggerPollHost_
 0001:0005d94d       Platform_VerifyCD_
 0001:0005d962       Reduce_InitSquares_
 0001:0005d9d7       Reduce_DeInitSquares_
 0001:0005d9fa       Reduce_ColorCountHist_
 0001:0005db47       M3d_
 0001:0005ddee       Vol_
 0001:0005df49       Bottom_
 0001:0005e186       Top_
 0001:0005e3a8       Var_
 0001:0005e590       Maximize_
 0001:0005e751       Cut_
 0001:0005e9dd       AllocWuData_
 0001:0005eb71       Reduce_InitWu_
 0001:0005eb98       Reduce_AddColorCountWu_
 0001:0005ebfc       Reduce_ProcessWu_
 0001:0005ef63       Reduce_CalcDelta_
 0001:0005f0b6       Reduce_SearchColor_
 0001:0005f148       Sfx_LoadSfxTexture_
 0001:0005f1ab       Sfx_RegisterModule_
 0001:0005f24b       Sfx_InitTexture_
 0001:0005f321       Sfx_KillTexture_
 0001:0005f352       Sfx_SetScreenSizeDependancies_
 0001:0005f38f       Sfx_BuildRotatedFacet_
 0001:0005f5b2       Sfx_BuildNormalFacet_
 0001:0005f70d       Sfx_BuildSparkQuad_
 0001:0005fbce       Sfx_BuildSouffleFacet_
 0001:00060021       Sfx_Add_
 0001:000600d2       CalcSmQuad16_
 0001:000602ab       Skidmark_Add_
 0001:0006049d       Skidmark_InsertFacet_
 0001:0006068d       Skidmark_InitSkidmark_
 0001:000606f0       Skidmark_RestartSkidmark_
 0001:0006070f       Skidmark_KillSkidmark_
 0001:00060732       readMemCopy_
 0001:0006077c       Stm_OpenTrackStream_
 0001:0006096c       Stm_CloseTrackStream_
 0001:00060a3e       Stm_QueueMetaChunk_
 0001:00060a8c       Stm_GetMetaChunkPtr_
 0001:00060ac6       Stm_MetaChunkReady_
 0001:00060b37       Texture_LoadPmx_
 0001:00060ba7       Texture_CloneRemapPmx_
 0001:00060bdc       Texture_CloneUVPmx_
 0001:00060daf       Texture_CarCloneUVPmx_
 0001:00060f00       Texture_RegisterModule_
 0001:00060f62       Texture_LoadDebugTextures_
 0001:0006112c       Texture_KillDebugTextures_
 0001:0006114f       Texture_RegisterShapeFile_
 0001:0006117f       Texture_RegisterColoredShapeFile_
 0001:000611b3       Texture_ProcessPalette_
 0001:000611eb       Texture_InitTrackTexture_
 0001:0006120a       Texture_InitTrackTexturePostSim_
 0001:00061233       Texture_KillTrackTexture_
 0001:00061257       TrnfPlat_SetLightContext_
 0001:00061271       TrnfPlat_BuildFacetlist_
 0001:0006164a       TrsProj_SetTransPrecision_
 0001:0006166e       TrsProj_GetTransPrecision_
 0001:00061690       TrsProj_ResetTransPrecision_
 0001:000616af       TrsProj_SetProjection_
 0001:00061720       TrsProj_SetViewTrsProjEnviro_
 0001:00061839       TrsProj_Transform_
 0001:00061869       TrsProj_TransformProjectVertex_
 0001:0006198d       TrsProj_TransformProjectVertex16_
 0001:00061c35       Mainmenu_checkTournamentTrack_
 0001:00061ccc       MainMenu_MainMenu_
 0001:00062489       CrossFadeSlider_
 0001:00062578       MainMenu_trackRaced_
 0001:00062686       DrawSlider_
 0001:00062939       MainMenu_SubMenu_
 0001:00063273       DemoMessage_
 0001:000632ca       showTheCurrentlyHighlightedOptionFromTheMainMenuWhenTheSubMenuIsBeingDisplayed_
 0001:00063324       MainMenu_BackgroundMotion_
 0001:000638bc       SpinIcons_
 0001:00063cf9       SpinInfoIcon_
 0001:00063d81       MainMenu_ForceFeedback_
 0001:0006426c       MainMenu_Audio_
 0001:00065090       MainMenu_Credits_
 0001:00065467       MenuCom_Init_
 0001:000654b7       MenuCom_DeInit_
 0001:00065524       MenuCom_SyncData_
 0001:000657a5       MenuCom_SendPlayerData_
 0001:0006589e       MenuCom_SendGameData_
 0001:0006591d       MenuCom_ReadyToRace_
 0001:00065bd2       MenuCom_OffToRaceDataHouseKeeping_
 0001:00065c92       MenuCom_Display_
 0001:00066050       MenuCom_RecvGameData_CALLBACK_
 0001:000660cf       MenuCom_RecvPlayerData_CALLBACK_
 0001:0006618c       MenuSys_Initialize_
 0001:00066338       leaveTournCheck_
 0001:000663c5       MenuSys_ProcessInput_
 0001:00066e6f       ShowSensitivity_
 0001:00066f24       MenuSys_Generic_
 0001:000670ba       Slider_RGBColorChangePal_
 0001:000671f1       ShowSwatch_
 0001:000672a9       MenuSys_Display_
 0001:000678a4       MenuSys_Menu_
 0001:00067e55       MenuSys_FindFreeSelection_
 0001:00067f28       MenuSys_CopyFromMenu_
 0001:00068346       MenuSys_CopyToMenu_
 0001:00068367       NetMenu_EnterCommsMode_
 0001:00068432       NetMenu_LeaveCommsMode_
 0001:0006848e       NetMenu_UpdateDisplay_
 0001:000684e2       NetMenu_SaveTouryStateInfo_
 0001:00068515       NetMenu_UpdateTouryStateInfo_
 0001:00068680       NetMenu_NetMenu_
 0001:00068d76       SetHistoryFile_
 0001:00068daf       SetShowCaseFile_
 0001:00068de8       SetSlideShowFile_
 0001:00068e56       SetShowCaseText_
 0001:0006916e       SpinBigShowCaseIcon_
 0001:00069202       ShowCase_ShowCase_
 0001:0006974e       ShowCase_SlideShow_
 0001:00069a50       s_removelastword_
 0001:00069afd       s_insertlastword_
 0001:00069b65       ShowCase_History_
 0001:0006a10e       Statchk_RecordLapTime_
 0001:0006a542       Statchk_SaveRecordLapTime_
 0001:0006a7bc       Statchk_SaveTopTenTime_
 0001:0006aecb       GetPlayerName_
 0001:0006b199       Statchk_UpdateTournamentInfo_
 0001:0006b495       Statchk_UpdateKnockoutInfo_
 0001:0006bacd       Statdisp_ShowRaceSummary_
 0001:0006caa6       Statdisp_ShowLapTimes_
 0001:0006dd60       Statdisp_ShowTournamentStandings_
 0001:0006e293       Statdisp_ShowTournamentSummary_
 0001:0006e8f6       Statdisp_ShowKnockoutStandings_
 0001:0006f2dd       StatDisp_CommKOProgression_
 0001:0006f6bb       Statdisp_ShowKnockoutSummary_
 0001:0006fdb0       BuildBasicBackground_
 0001:0006fdf6       HumanOpponentName_
 0001:0006fe43       AIOpponentName_
 0001:0006fea5       OpponentCarName_
 0001:0006ff10       OpponentPlace_
 0001:0006ff59       OpponentFatalCrashes_
 0001:0006ffe5       ShowTrackName_
 0001:0007002c       FindTopSpeed_
 0001:000701c8       BuildRankColumn_
 0001:00070267       InitRecordCheckFlags_
 0001:000702bd       FakeTournamentData_
 0001:000702d7       SpinBigStatsIcon_
 0001:0007036b       BeginStatsDisplay_
 0001:00070380       CheckVictoryScreens_
 0001:00070881       EnableDisableRestart_
 0001:000708c8       EnableDisableReplay_
 0001:000708e4       FindBestRankedAICar_
 0001:0007093c       FindBestHumanOpponent_
 0001:000709ca       KnockoutDisqualifiedSpeech_
 0001:00070b3b       DoTournamentSort_
 0001:00070da4       Stattool_CreateIndex_
 0001:00070f60       Stattool_nCreateIndex_
 0001:00071122       Stattool_GetFileName_
 0001:000711d5       Stattool_GetTrackRecordArtFile_
 0001:00071218       Stattool_GetTrackInfoArtFile_
 0001:0007125b       Stattool_ParseTime_
 0001:00071311       Stattool_SamNelsonsUpperLowerStringConverterForRecords_
 0001:00071379       Stattool_GetAllDefaultRecords_
 0001:000715ae       Stattool_GetRecords_
 0001:000716ce       Stattool_GetRecordLapTime_
 0001:000717ed       Stattool_ReturnRecordLapTime_
 0001:0007186b       Stattool_GetRecordTotalTime_
 0001:000719dc       Stattool_InitializeDataFile_
 0001:00071e5d       Stattool_GetSimulationData_
 0001:000722e8       Stattool_UpdateTournamentPositions_
 0001:00072350       Stattool_PutSimulationData_
 0001:0007240a       Stattool_StatDisplayOptions_
 0001:0007258f       Stattool_InitTournamentData_
 0001:0007269f       Stattool_InitKnockoutData_
 0001:000726f2       Stattool_GetCarNameFEText_
 0001:00072741       Stattool_GetCarNameSimText_
 0001:000727bc       Stattool_ConvertSimCarToFECarNum_
 0001:00072803       Stattool_ConvertSimTrackToFE_
 0001:0007284f       CreateTournament_
 0001:000728af       DeleteTournament_
 0001:000728e1       CreateKnockout_
 0001:00072919       DeleteKnockout_
 0001:0007299f       Stattool_TwoPlayerKnockoutPlayer1Gone_
 0001:00072a00       Stattool_CheckForHumanCar_
 0001:00072a8c       Stattool_SetVerticalOffset_
 0001:00072af7       Stattool_ClearPlayerNamesFromKnockout_
 0001:00072b83       Stattool_GetAIName_
 0001:00072bd9       Stattool_FindBestLapTime_
 0001:00072d0b       TextSys_LoadWords_
 0001:00072d7f       TextSys_Word_
 0001:00072dc5       TextSys_WordSize_
 0001:00072e03       TextSys_WordNormal_
 0001:00072e43       TextSys_WordSelected_
 0001:00072e85       TextSys_WordFlags_
 0001:00072ec7       TextSys_WordX_
 0001:00072f05       TextSys_WordY_
 0001:00072f43       TextSys_UnloadWords_
 0001:0007307f       Trkstat_ShowTrackRecords_
 0001:00073930       Trkstat_ShowTrackInfo_
 0001:00073e6a       SpinBigIcon_
 0001:00073f77       DrawDialogBox_
 0001:000741f3       Dialog_MessageString_
 0001:000742a0       Dialog_Message_
 0001:00074386       Dialog_EnterName_
 0001:000743e5       ValidSimChar_
 0001:000745a0       IsDefaultName_
 0001:0007463a       Dialog_EnterString_
 0001:00074a61       Dialog_BeginConnect_
 0001:00074b02       Dialog_EndConnect_
 0001:00074b5e       Dialog_EnterNameForRecord_
 0001:00074ea3       Dialog_YesNo_
 0001:000753a0       Dialog_SelectList_
 0001:00075da1       SetMessageTimeOut_
 0001:00075dc3       ResetMessageTimeOut_
 0001:00075de2       FeTools_CopyFrontToBackPage_
 0001:00075df7       FeTools_IsDiskSpaceAvail_
 0001:00075e71       FeTools_flipSync_
 0001:00075ea3       FeTools_Draw_
 0001:000760cc       FeTools_LocateDraw_
 0001:0007611f       bfade16_
 0001:00076572       bfade15_
 0001:00076cb3       bfadelevel_
 0001:00076d8d       FeTools_LocateFade_
 0001:00076dd5       FeTools_GetJoystickKeys_
 0001:00076efc       FeTools_SwitchLanguage_
 0001:00076f51       LanguageCheck_
 0001:00076f66       FeTools_GetKey_
 0001:00076fe0       FeTools_GetKeyAlpha_
 0001:00077055       FeTools_init_
 0001:0007726b       FeTools_SetFont_
 0001:00077305       FeTools_deinit_
 0001:00077352       FeTools_SetDisableColor_
 0001:00077374       FeTools_Text_
 0001:0007755b       FeTools_MenuText_
 0001:000776d4       Fetools_VertMenuText_
 0001:000778ed       FeTools_CaptureScreen_
 0001:00077938       flagState_
 0001:000779aa       FeTools_BonusCheck_
 0001:00077aed       FeTools_InputHappening_
 0001:00077bd0       SaveGame_
 0001:00077c45       LSCopyFrontEndData_
 0001:00077cce       LoadGame_
 0001:00077e2e       SaveReplay_
 0001:00077eb5       LoadReplay_
 0001:00077f5d       BuildList_
 0001:000780c5       LoadSave_SaveReplay_
 0001:00078172       LoadSave_LoadSave_
 0001:000786b9       FeCntl_BuildControl_
 0001:000786eb       FeCntl_GetDevice_
 0001:00078713       FeCntl_GetParameter_
 0001:00078739       ConvertToString_
 0001:0007889a       FeCntl_ShowControl_
 0001:00078d6c       ResolveConflict_
 0001:00079093       AllControlsDefined_
 0001:00079125       FeCntl_EnterControl_Joystick_
 0001:000793e5       FeCntl_EnterControl_
 0001:000797ff       FeCntl_Calibrate_
 0001:00079d57       FeCntl_SetRamp_
 0001:00079ead       FeCntl_ControlRemap2_
 0001:0007a0c7       FEAudio_StartLoadPatch_
 0001:0007a198       Feaudio_StartPatch_
 0001:0007a2c2       FeAudio_systemtask_
 0001:0007a509       FeAudio_PlayCommentary_
 0001:0007a631       FeAudio_AsyncPlayCommentary_
 0001:0007a6f5       FeAudio_StartBigfileRead_
 0001:0007a78b       FeAudio_LocateBigfile_
 0001:0007a8b6       FeAudio_InitViv_
 0001:0007ab2b       FeAudio_InitCommentary_
 0001:0007abf1       FeAudio_DeInitCommentary_
 0001:0007ac9a       Front_ResetControlsSettingsMenu_
 0001:0007af63       Front_ResetSettingsMenu_
 0001:0007afcb       InitFrontEndStructure_
 0001:0007b25e       Front_InitDefaultPlayerNames_
 0001:0007b307       SaveConfig_
 0001:0007b3d3       setLanguage_
 0001:0007b48a       LoadConfig_
 0001:0007b694       CheckBenchmark_
 0001:0007b78c       showTitle_
 0001:0007b8b5       Front_TitleScreen_
 0001:0007ba77       RemoteInstallCheck_
 0001:0007bacb       Front_ProcessKnockOut_
 0001:0007bc39       ClearBothWindows_
 0001:0007bc8e       Front_MainMenu_
 0001:0007bec9       swapSHORT_
 0001:0007bf02       Front_PostGame_
 0001:0007c113       SetNextRoundKnockoutOrder_
 0001:0007c4dd       pickOpponentCar_
 0001:0007c563       isGroupB_
 0001:0007c5b2       pickOpponentCarByClass_
 0001:0007c7e2       pickTrafficColor_
 0001:0007c838       pickOpponentColorRandom_
 0001:0007c8cc       pickOpponentNameRandom_
 0001:0007c946       ResetRandomPick_
 0001:0007c980       RandomPick_
 0001:0007c9f3       pickTraffic_
 0001:0007cafa       setPlayer1Car_
 0001:0007ce60       setTournamentLineup_
 0001:0007cebd       setKnockoutLineup_
 0001:0007cf6d       stillAlive_
 0001:0007cfdb       Front_SensitivityAdjust_
 0001:0007d0e2       Front_GetLapsForType_
 0001:0007d136       Front_BuildStream_
 0001:0007e61b       Mouse_SetXY_
 0001:0007e677       Mouse_ButtonPressed_
 0001:0007e6f1       Mouse_ButtonDown_
 0001:0007e72d       Mouse_Initialize_
 0001:0007eb44       Mouse_SetToCurrent_
 0001:0007ebe5       Mouse_Line_
 0001:0007ec2b       Mouse_HotSpotXY_
 0001:0007ec97       Mouse_HotSpot_
 0001:0007edc6       Mouse_Exit_
 0001:0007ee3e       Mouse_ForceUpdate_
 0001:0007ee61       Mouse_SetBounds_
 0001:0007ee7e       Mouse_Show_
 0001:0007ef7b       Mouse_Flash_
 0001:0007f04c       Mouse_Hide_
 0001:0007f0be       SaveNumber_
 0001:0007f106       LoadNumber_
 0001:0007f14f       Modem_EnterNumber_
 0001:0007f301       Modem_DeleteNumber_
 0001:0007f3b3       resettimeout_
 0001:0007f3d2       istimeout_
 0001:0007f41a       initdecode_
 0001:0007f4ff       decodeuvchunk_
 0001:0007f81c       decoderestore_
 0001:0007f84d       getchunk_
 0001:0007f8ba       getuvchunk_
 0001:0007f920       PLAYclearscreen_
 0001:0007f949       CheckForAbort_
 0001:0007f9c7       MoviLite_PlayMovie_
 0001:0007fddb       mem_putc_
 0001:0007fdee       sprintf_
 0001:0007fe1e       __CHP
 0001:0007fe3c       __init_387_emulator
 0001:0007fe3d       __fini_387_emulator
 0001:0007fe40       _intatan
 0001:0007fee8       _transpose
 0001:0007ff2b       strcpy_
 0001:0007ff50       _unpackhandlesizea
 0001:0007ffe8       _loadpackadr
 0001:00080008       _loadpackadrz
 0001:00080028       _loadpackadra
 0001:00080048       _loadpackblock
 0001:00080060       _loadpackblockz
 0001:00080078       _loadpackblocka
 0001:00080210       _abortmessage
 0001:000803f0       _initmemmanadr
 0001:000804b4       _creatememclass
 0001:00080594       _createandlinkmemclass
 0001:000805e4       _linksubmemclass
 0001:00080660       _linkmemclass
 0001:00080700       _unlinkmemclassarea
 0001:000807fc       _unlinkmemclasstop
 0001:0008088c       _removememclass
 0001:000808a4       _memclasstopalloc
 0001:000808d8       _getfreememclass
 0001:00080908       _libmembreak
 0001:0008094c       _reservememblock
 0001:0008099c       _reservememblockz
 0001:000809ec       _reservememadr
 0001:00080a48       _reservememadrz
 0001:00080aa0       _reservememadra
 0001:00080afc       _reservememblocka
 0001:00080b4c       _reservememblockai
 0001:0008116c       _findmemblock
 0001:000811f0       _purgememadr
 0001:0008122c       _purgememblock
 0001:0008125c       _purgememblocki
 0001:00081344       _purgememaboveadr
 0001:0008139c       _purgememaboveblock
 0001:000813e4       _purgeone
 0001:00081418       _purgeonei
 0001:000814b4       _findnamedmemblockinclass
 0001:00081518       _findnamedmemblock
 0001:00081528       updatehighwater_
 0001:0008155c       _largestunused
 0001:0008158c       _largestunusedinclass
 0001:000815c0       _largestunusedinclassi
 0001:00081630       _lockedmem
 0001:00081650       _relocateablemem
 0001:00081670       _purgeablemem
 0001:00081690       _availablemem
 0001:000816c4       _largestreserveableinclass
 0001:00081730       _initmemblocks
 0001:00081794       _putmemblock
 0001:000817a8       _getmemblock
 0001:000817e8       _memsizeadr
 0001:000817fc       _getblockoffset
 0001:00081804       _getblocklen
 0001:0008180c       _getblockname
 0001:00081814       _getblocktype
 0001:0008181c       _lockmemblock
 0001:0008184c       _unlockmemblock
 0001:0008187c       _breakmemadr
 0001:000818c0       _breakmemblock
 0001:000818f8       _breakmemblocki
 0001:000819c4       _findcontainingmemblocka
 0001:00081a48       _findcontainingmemblock
 0001:00081a58       _findcontainingmemblockz
 0001:00081a70       _fileexists
 0001:00081ac0       _loadfileadr
 0001:00081ae0       _loadfileadrz
 0001:00081b00       _loadfileadra
 0001:00081b20       _loadfileblock
 0001:00081b38       _loadfileblockz
 0001:00081b50       _loadfileblocka
 0001:00081c40       _timerthreadfunc
 0001:00081d44       _setaudiotimer
 0001:00081d50       _cleartimerlist
 0001:00081d64       _mmtimer_callback@20
 0001:00081e58       _addtimer
 0001:00081ed8       _deltimer
 0001:00081f3c       _timercount
 0001:00081f64       _disabletimer
 0001:00081f6c       _enabletimer
 0001:00081f80       restoretimer_
 0001:00082014       _inittimer
 0001:00082270       SNDmastervol_
 0001:000822e0       SNDstopall_
 0001:00082300       SNDbankadd2files_
 0001:00082394       SNDbankremove_
 0001:00082468       iSNDdownloadbank_
 0001:000825f4       iSNDvalidbank_
 0001:00082620       SNDover_
 0001:00082650       iSNDpathserver_
 0001:00082678       iSNDpathseeknextnode_
 0001:00082800       iSNDpathbuftimesignal_
 0001:00082814       SNDpathinit_
 0001:000828dc       SNDpathstartstream_
 0001:000829a0       SNDpathcontrol_
 0001:000829e4       SNDpathevent_
 0001:00082a94       SNDpathrestore_
 0001:00082ac2       strcat_
 0001:00082af8       _random
 0001:00082b5e       _seedrandom
 0001:00082bb0       SNDautovol_
 0001:00082c40       SNDstop_
 0001:00082c80       SNDvol_
 0001:00082d00       SNDpitchbend_
 0001:00082d80       SND3dpos_
 0001:00082dd0       SNDpan_
 0001:00082e60       SNDplaysetdef_
 0001:00082ecc       SNDplay_
 0001:00082f90       SNDfxinitbus_
 0001:00083034       SNDfxmasterlevel_
 0001:000830e0       _convertscancode
 0001:0008318c       _remotekey
 0001:00083198       _keysub
 0001:000831a4       _testkey
 0001:000831b8       _inkey
 0001:00083200       _keyticks
 0001:00083234       _waitkey
 0001:00083274       _initkey
 0001:000832a8       _restorekey
 0001:000832b4       _purgekey
 0001:000832c0       _nextkey
 0001:000832d0       _blockmove
 0001:00083340       _filesize
 0001:00083378       _filesizez
 0001:000833b0       _filesizea
 0001:000833f0       _initfileio
 0001:000833fc       _openhandlea
 0001:000835cc       _openhandle
 0001:000835f0       _openhandlez
 0001:00083614       _openhandlew
 0001:000836bc       _closehandle
 0001:000836ec       _readhandle
 0001:0008372c       _writehandle
 0001:0008376c       _seekhandle
 0001:000837b0       _keystate
 0001:000837c0       _shapecount
 0001:000837c8       _shapepointer
 0001:000837df       _shapename
 0001:00083800       _loadshapeblocka
 0001:0008396c       _loadshapeblockz
 0001:00083984       _loadshapeblock
 0001:0008399c       _loadshapeadra
 0001:000839c0       _loadshapeadrz
 0001:000839e4       _loadshapeadr
 0001:00083a30       _fixedatan
 0001:00083af0       _fixedxformx
 0001:00083b58       _fixedxformy
 0001:00083bc0       _fixedxformz
 0001:00083c28       _transmult
 0001:00083c84       _gettick
 0001:00083c8a       _tickcount
 0001:00083c94       _elapsedticks
 0001:00083ca7       _resettick
 0001:00083caf       _setticks
 0001:00083cbf       _waitticks
 0001:00083ccd       _testticks
 0001:00083cdd       _timedwait
 0001:00083d10       galloc_
 0001:00083de4       gfree_
 0001:00083ee0       _loadfileatadra
 0001:00083fa0       _loadfileatadr
 0001:00083fb8       _loadfileatadrz
 0001:00083fd0       _unpacka
 0001:000840b0       _unpack
 0001:000840c8       _unpackz
 0001:000840e0       _unpacksize
 0001:0008419c       _fastintsincos
 0001:0008421d       memcpy_
 0001:00084250       _addmatrix
 0001:00084284       _submatrix
 0001:000842b8       _scalematrix
 0001:000842f4       _reorthogonalize
 0001:0008443c       _rotateaboutaxis
 0001:00084612       initrandnext_
 0001:0008461c       rand_
 0001:00084640       srand_
 0001:00084650       growmutexfreelist_
 0001:000846ac       waitforobject_
 0001:000846e0       _doSimpleThread@4
 0001:000846f8       _initthreads
 0001:0008474c       _createthread
 0001:0008480c       _createstackthread
 0001:00084834       _removethread
 0001:0008489c       _yieldthread
 0001:000848ac       _yieldticks
 0001:000848e4       _iscurrentthread
 0001:00084930       _getthreadpriority
 0001:000849e0       _setthreadpriority
 0001:00084a64       _startcriticalsection
 0001:00084aac       _endcriticalsection
 0001:00084b00       _exitthread
 0001:00084b0c       _allocsignal
 0001:00084b1c       _sendsignal
 0001:00084b2c       _testsignal
 0001:00084b4c       _waitsignal
 0001:00084b64       _timesignal
 0001:00084bac       _waitsignals
 0001:00084bc4       _freesignal
 0001:00084bd4       _allocmutex
 0001:00084c0c       _lockmutex
 0001:00084c58       _unlockmutex
 0001:00084c9c       _freemutex
 0001:00084cf4       _getlastoserror
 0001:00084d20       _setlastwinerror
 0001:00084d44       _setwinerror
 0001:00084d70       _print
 0001:00084df4       _printxy
 0001:00084ec8       printstr_
 0001:0008502c       scroll_
 0001:000850b0       _printclear
 0001:0008510c       _printscroll
 0001:0008515c       _printattribute
 0001:00085168       _printtab
 0001:00085178       _printscreen
 0001:0008518c       getcurrenttimestamp_
 0001:00085193       strncmp_
 0001:000851bc       __assert_
 0001:000851db       strncpy_
 0001:00085200       _transform
 0001:00085280       _fixedsin
 0001:000852f0       _fixedcos
 0001:00085361       stricmp_
 0001:000853a8       strlen_
 0001:000853d0       _resizememadra
 0001:000853f4       _resizememadr
 0001:00085414       _resizememadrz
 0001:00085434       _resizememblock
 0001:0008544c       _resizememblockz
 0001:00085464       _resizememblocka
 0001:00085750       inv_cmap_
 0001:00085968       redloop_
 0001:00085aec       greenloop_
 0001:00085d90       blueloop_
 0001:00085f04       maxfill_
 0001:00085f28       restoreinversetable_
 0001:00085f48       _tgainversetable
 0001:00085fe4       _vgainversetable
 0001:00086014       _palinversetable
 0001:00086044       _initinversetable
 0001:000860a0       _flushwindow
 0001:000860a4       _displaywindow
 0001:000860ec       _hiddenwindow
 0001:0008612c       _nullwindow
 0001:00086178       _windowa
 0001:000861d0       _windowz
 0001:000861e0       _window
 0001:000861f0       _getdisplaywindow
 0001:000861f8       _gethiddenwindow
 0001:00086200       _getpalcolour
 0001:0008629c       _getcolour
 0001:00086350       _clearwindow
 0001:00086380       _pageflip
 0001:000864b0       _addsystemtask
 0001:00086554       _delsystemtask
 0001:00086590       _systemtask
 0001:000866a0       _abortablewait
 0001:000866d0       cancelasyncoperation_
 0001:00086728       _setasyncspeed
 0001:0008672c       _defaultasyncspeed
 0001:00086730       _initasync
 0001:00086888       _delasync
 0001:000869ec       _asyncloadfile
 0001:00086ab4       _asyncloadfileat
 0001:00086b7c       _setasyncfile
 0001:00086c44       _asyncloadchunk
 0001:00086c6c       _asyncloadsegment
 0001:00086d10       _asyncread
 0001:00086d58       _cancelasyncload
 0001:00086dfc       _asyncreader
 0001:00086e00       _getasyncreadblock
 0001:00086e74       _getasyncreadstatus
 0001:00086f04       _asyncthreadfunc
 0001:000872e6       _cstart_
 0001:0008735a       __null_int23_exit_
 0001:0008735b       exit_
 0001:00087373       _exit_
 0001:000873a0       strcmp_
 0001:00087444       _blockclear
 0001:0008745c       _blockfill
 0001:00087471       blockfill_
 0001:00087473       blockfillshort_
 0001:0008747c       blockfilllong_
 0001:00087570       atoi_
 0001:000875e0       readrect_
 0001:00087688       _sizeoftarga
 0001:000876d8       _readtargaadr
 0001:000878a8       _savetarga
 0001:00087950       _default_recvfunc
 0001:00087954       packetlayerexit_
 0001:00087984       _connecttimer_qfunc
 0001:000879a0       connectiontimerfunc_
 0001:000879bc       _openpacketconnection
 0001:00087aa0       _initpacketlayer
 0001:00087ae8       _restorepacketlayer
 0001:00087b30       _sendpacket
 0001:00087b54       _closepacketconnection
 0001:00087bc0       cmpwinmsg_
 0001:00087bc8       getwinhandler_
 0001:00087c38       _setwinhandler
 0001:00087d24       _sendwinmessage
 0001:00087dd0       _enablewinmessages
 0001:00087de0       _disablewinmessages
 0001:00087df0       _setaudiofocus
 0001:00087dfc       _windowsexittask
 0001:00087e2c       _libmovemouse
 0001:00087e90       _pushnextkey
 0001:00087f20       _popnextkey
 0001:00087fd0       _peeknextkey
 0001:00088080       virtualkeyfilter_
 0001:0008829c       lib_activeapp_
 0001:000882cc       lib_setfocus_
 0001:00088308       lib_killfocus_
 0001:00088350       lib_close_
 0001:0008837c       lib_stopthread_
 0001:000883a8       lib_windestroyed_
 0001:000883d0       lib_syscommand_
 0001:00088404       lib_setchange_
 0001:000884a8       lib_winchange_
 0001:00088520       lib_char_
 0001:00088584       lib_keydown_
 0001:000886b0       lib_keyup_
 0001:000886f4       lib_mbutton_
 0001:00088760       lib_mouse_
 0001:000887cc       lib_paint_
 0001:00088860       lib_ncpaint_
 0001:000888a4       _EAC_Lib_WinProc@16
 0001:00088984       _eachookfunc@12
 0001:00088a70       createeacwindow_
 0001:00088c04       _windowthreadfunc
 0001:00088e14       _openmainwindow
 0001:00089278       closemainwindow_
 0001:0008935c       restorewindowskeys_
 0001:00089368       _suppresswindowskeys
 0001:00089388       settypeahead_
 0001:000893b4       toupper_
 0001:000893c4       _addexit
 0001:000893cd       _eacexit
 0001:000893e0       _dprintf
 0001:0008946e       _nmalloc_
 0001:0008955d       _nfree_
 0001:000895f0       _modem_systemtask
 0001:00089664       modem_connect_
 0001:00089900       modem_disconnect_
 0001:00089944       modem_verify_
 0001:00089990       modem_capacity_
 0001:000899a4       modem_available_
 0001:000899b8       modem_read_
 0001:000899d4       modem_write_
 0001:000899e8       _openmodemconnection
 0001:00089a70       serial_connect_
 0001:00089b08       serial_disconnect_
 0001:00089b18       serial_verify_
 0001:00089b44       serial_capacity_
 0001:00089b58       serial_available_
 0001:00089b6c       serial_read_
 0001:00089b88       serial_write_
 0001:00089b9c       _openserialconnection
 0001:00089c21       strstr_
 0001:00089cdf       strchr_
 0001:00089cf3       strrchr_
 0001:00089d10       SNDinit_
 0001:00089d80       SNDrestore_
 0001:00089dcc       iSNDinitdata_
 0001:00089e10       iSNDverifymode_
 0001:00089ef0       _audiofocushandler
 0001:00089f70       SNDcaps_
 0001:00089fa0       SNDresamplequality_
 0001:00089fa8       SNDreleasehardware_
 0001:00089fec       SNDobtainhardware_
 0001:0008a038       iSNDmessageinit_
 0001:0008a34c       iSNDsetfx_
 0001:0008a398       iSNDplatformfxinit_
 0001:0008a3ec       iSNDplatformchunkspacefree_
 0001:0008a3f0       iSNDinit_
 0001:0008a4c0       iSNDrestore_
 0001:0008a514       iSNDresolvetimbre_
 0001:0008a524       iSNDplaytimbre_
 0001:0008a7d4       iSNDplatformplay_
 0001:0008adc0       iSNDplatformresolve_
[...]
 0003:000087d0       _R3DCar_kLoadedScenePointer
 0003:0000889c       _R3DCar_carDetailInfo
 0003:000088b0       _gLf
 0003:000088b8       _gSTm
 0003:000088bc       _gLastRenderFacet
 0003:000088c0       _gFirstRenderFacet
 0003:000088c4       _gPauseRender
 0003:000088c8       _gOTm
 0003:000088cc       _gTm
 0003:000088d0       _gCView
 0003:00008944       _uncompressed_data
 0003:00008964       _Replay_ReplayCounter
 0003:00008984       _Replay_ReplayBuffer
 0003:00026efc       _controlData
 0003:000272fc       _Replay_ReplayCamera
 0003:00027324       _Replay_ReplayStorePtr
 0003:00027328       _Replay_ReplayGetPtr
 0003:0002732c       _Replay_ReplayInterface
 0003:00027348       _Replay_ReplayMode
 0003:0002734c       _compressed_data
 0003:00027370       _gE2
 0003:000273c0       _gE3
 0003:00027410       _gE0
 0003:00027460       _gE1
 0003:000274b0       _gHeadFacet
 0003:000274b4       _gTailFacet
 0003:000274b8       _gLineChunk
 0003:00027508       _gLastFacet
 0003:0002750c       _gNLineChunk
 0003:00027510       _gFirstFacet
 0003:00027514       _simVar
 0003:0002752c       _skipRender
 0003:00027530       _unPauseDelay
 0003:00027534       _simGlobal
 0003:00027548       _simcom_dataIndex
 0003:0002754c       _simcom_dataPtr
 0003:00027550       _endPauseRequested
 0003:00027554       _nextPauseTime
 0003:00027558       _lastPauseTime
 0003:0002755c       _sim_input_mutex
 0003:00027570       _output
 0003:00027590       _maxBuildupTolerance
 0003:00027594       _inputQueue
 0003:000289b8       _maxLineLatency
 0003:000289bc       _maxTicksPerFrame
 0003:000289c0       _ticksAheadOfRemoteOnRemote
 0003:000289c4       _sSimFileHeader
 0003:000289dc       _sSimHandle
 0003:000289e0       _gWindDir
 0003:000289e4       _gCISouffle
 0003:000289e8       _gISouffle
 0003:00029b7c       _gTMoveSouffle
 0003:00029b80       _gPrevPosSm
 0003:00029e80       _gTAddSm
 0003:00029f80       _gTAddCarSfx
 0003:0002a080       _gStatusSm
 0003:0002a180       _gTAddCSmoke
 0003:0002a184       _gTAddTSmoke
 0003:0002a188       _Stats_racePosition
 0003:0002a248       _sTrackStream
 0003:0002a268       _sTrackHandle
 0003:0002a26c       _Smack_gInitInfo
 0003:0002a444       _drivemutex
 0003:0002a4c4       _mirrorthread
 0003:0002a4d8       _mirrorsignal
 0003:0002a4dc       _gIndexedPktConns
 0003:0002a4fc       _RemoteConn
 0003:0002a81c       _gotgPlayers
 0003:0002a820       _gSendPktFailed
 0003:0002a824       _gComState
 0003:0002a85f       _gPlayers
 0003:0002a8bc       _asyncPickHost
 0003:0002a8cc       _gMapFile
 0003:0002a8d0       _Dash_gMirror
 0003:0002a8d8       _gIndiGear
 0003:0002a8e0       _Dash_gSideMirror
 0003:0002a8e8       _gIndiSpeed
 0003:0002a8f0       _gIndiTemp
 0003:0002a8f8       _gIndiTach1
 0003:0002a900       _gIndiTach0
 0003:0002a908       _gCFacet
 0003:0002a938       _gPixMap
 0003:0002aaa0       _gFacet
 0003:0002b5e0       _gShapeFileHd
 0003:0002b5e4       _gShapeFile
 0003:0002b5e8       _gPreviousDash
 0003:0002b5ec       _gPreviousSteerAngle
 0003:0002b5f0       _gPreviousHud
 0003:0002b5f4       _gDrawWheel
 0003:0002b5f8       _gLFacet
 0003:0002b6a2       _gTach
 0003:0002b718       _gSpdo
 0003:0002b78e       _gSetWin
 0003:0002b797       _gCurrentWin
 0003:0002b79c       _Device_gJoy
 0003:0002bb9c       _Device_gButtonMask
 0003:0002bbdc       _Device_gCalibrate
 0003:0002bbe0       _Device_gSimpleJoy
 0003:0002bbe4       _Device_gNumJoy
 0003:0002bbe8       _Device_gJoySched
 0003:0002bbfc       _gListCBRenderFacet
 0003:0002bc64       _gEnv
 0003:0002bca4       _gSubDivVertex
 0003:0002c6c4       _gDCy
 0003:0002c6d4       _mapWindow
 0003:0002c6dc       _gDCx
 0003:0002c6ec       _gDc
 0003:0002c6fc       _gZi
 0003:0002c73c       _gEnvDetail
 0003:0002c740       _gEnvChange
 0003:0002c744       _gEnvScreenSizeMode
 0003:0002c748       _gSubDivFacet
 0003:0002c74c       _Draw_gCullIsDone
 0003:0002c750       _drawWindow
 0003:0002c754       _rearWindow
 0003:0002c758       _Draw_gDashHeight
 0003:0002c75c       _Draw_gLinmapType
 0003:0002c760       _gDraw_LightLvl
 0003:0002c764       _gLoop
 0003:0002c768       _gClipx0
 0003:0002c76c       _gClipx1
 0003:0002c770       _gNdc
 0003:0002c774       _gClipy0
 0003:0002c778       _gClipy1
 0003:0002c77c       _gxscale
 0003:0002c77d       _gyscale
 0003:0002c780       _gStickRec
 0003:0002c7bc       _Force_gTicks
 0003:0002c7c0       _gI
 0003:0002c7c4       _Force_gVolume
 0003:0002c7c8       _joyForceActive
 0003:0002c7cc       _pXSpringClear
 0003:0002c7d0       _pXSpring
 0003:0002c7d4       _pYSpring
 0003:0002c7d8       _lib
 0003:0002c7dc       _pXYVectorForce
 0003:0002c7e0       _pVectorForceClear
 0003:0002c7e4       _pEnablePositionReporting
 0003:0002c7e8       _pDisablePositionReporting
 0003:0002c7ec       _pGetStickPosition
 0003:0002c7f0       _pVectorForce
 0003:0002c7f4       _pBuffetingClear
 0003:0002c7f8       _pYSpringClear
 0003:0002c7fc       _pEnableForces
 0003:0002c800       _pClearForces
 0003:0002c804       _pButtonReflexJolt
 0003:0002c808       _pGetStickStatus
 0003:0002c80c       _pSetJoystickAddressIRQ
 0003:0002c810       _pSetJoystickPort
 0003:0002c814       _pGetStickError
 0003:0002c818       _pButtonReflexClear
 0003:0002c81c       _pInitStick
 0003:0002c820       _pBuffeting
 0003:0002c824       _pIForceAuthenticate
 0003:0002c828       _pYVibrationClear
 0003:0002c82c       _pXVibrationClear
 0003:0002c830       _pDisableForces
 0003:0002c834       _pXVibration
 0003:0002c838       _pYVibration
 0003:0002c83c       _pCloseStick
 0003:0002c840       _pEcho
 0003:0002c844       _pJolt
 0003:0002c848       _gHorizonPixmap
 0003:0002c868       _gRngCoordTentPoleBottom
 0003:0002c874       _gHinfo_ShouldDrawBlack
 0003:0002c878       _gHorizonTopFlatIndex
 0003:0002c87c       _gHinfo_Angle
 0003:0002c880       _gRngCoordTentPoleTop
 0003:0002c88c       _gHorizonBotFlatIndex
 0003:0002c890       _gHinfo_PixmapBottomPercentage
 0003:0002c894       _gHinfo_BotYOff
 0003:0002c898       _gHinfo_Mirror
 0003:0002c89c       _gHinfo_FlatDist
 0003:0002c8a0       _Hrz_gToggleID
 0003:0002c8a4       _gHinfo_Radius
 0003:0002c8a8       _gHinfo_Height
 0003:0002c8ac       _gRngFlatFacet
 0003:0002c92c       _Hud_gPreviousNumber
 0003:0002caec       _gDigits
 0003:0002cd5c       _gTach
 0003:0002ce4c       _gFontMaps
 0003:0002d2fc       _gHud
 0003:0002d35c       _Hud_gPreviousTach
 0003:0002d374       _gFont
 0003:0002d6f4       _g1Player
 0003:0002d764       _g2Player
 0003:0002d844       _gMarkers
 0003:0002d9c4       _gCFacet
 0003:0002d9e4       _gFacet
 0003:0002e7f4       _hud_mapangle
 0003:0002e7f8       _Hud_gHudMask
 0003:0002e8ac       _Hud_gMapDotsFile
 0003:0002e8b0       _gReplayMap
 0003:0002ea6c       _Hud_gHudMaskFile
 0003:0002ea70       _Hud_gDashMaskFile
 0003:0002ea74       _Hud_gDashMask
 0003:0002ead8       _Hud_gPreviousHud
 0003:0002eadc       _Hud_gLocalizedFile
 0003:0002eae0       _gFontMaxWidth
 0003:0002eae4       _Hud_gPreviousReplay
 0003:0002eae8       _Hud_gPreviousNextCar
 0003:0002eaec       _gLFacet
 0003:00030d00       _gLUTdestmask
 0003:00030e00       _gLutpointers
 0003:00031200       _gLightTable
 0003:00032200       _gL_av
 0003:00032204       _gL_bv
 0003:00032208       _gL_cv
 0003:0003220c       _gL_sys
 0003:00032210       _gLUTtbl
 0003:00032214       _NetGame
 0003:000322c0       _NetGameDesc
 0003:000322f4       _netOpenConnQueue
 0003:000323e8       _NumClients_WaitingOrConnected
 0003:000323ec       _numServices
 0003:000323f0       _GameListItems
 0003:000328b4       _gPalRegion
 0003:00032914       _gPalLORCC
 0003:00032f1c       _gNumRemapTable
 0003:00032f20       _gRemapTable
 0003:00032f24       _gPalLastRColor
 0003:00032f28       _Input_Thread
 0003:00032f3c       _gWu
 0003:00032f40       _gSquare
 0003:00032f44       _gS2DFacet
 0003:00033a84       _gDirtPixMap
 0003:00033ae4       _gSparkPixMap
 0003:00033b44       _gSmokePixMap
 0003:00033ba4       _Sfx_gFixedDist
 0003:00033ba8       _gSnowPixMap
 0003:00033bcc       _Sfx_gLutShapefile
 0003:00033bd0       _gGrassPixMap
 0003:00033bf4       _Sfx_gShapefile
 0003:00033bf8       _gGravelPixMap
 0003:00033c1c       _Sfx_gYShift
 0003:00033c1d       _Sfx_gXShift
 0003:00033c20       _gUseSm
 0003:00033c24       _gSm
 0003:00033c28       _gCountSm
 0003:00033c2c       _Stm_readOffset
 0003:00033c30       _Stm_baseWinAddress
 0003:00033c34       _gPixmap
 0003:00033d0c       _gDLPixmap
 0003:00033d2c       _gSkidmarkPixmap
 0003:00033d3c       _Texture_gRemapID
 0003:00033d40       _Texture_gBackgroundShape
 0003:00033d44       _gDebugShapeFile
 0003:00033d48       _gShadowPixmap
 0003:00033d4c       _gDPixmap
 0003:00033d50       _gStartUpPixmap
 0003:00033d64       _gTempPixMap
 0003:00033d70       _gSFXlevelHandle
 0003:00033d74       _overRide
 0003:00033d78       _iconsOn
 0003:00033d7a       _valueShowing
 0003:00033d7c       _prevKey
 0003:00033d88       _asyncPlayerData
 0003:00033e58       _localPlayerData
 0003:00033e72       _asyncGameData
 0003:00033e7c       _playerTwo
 0003:00033e80       _previousFileName
 0003:00033e94       _frontEndSave2
 0003:0003412d       _frontEndSave1
 0003:000343c8       _gStaticIndex
 0003:000343d8       _sldname
 0003:000343e2       _gMaxCar
 0003:00034404       _states
 0003:000344ac       _font18
 0003:000344b0       _font16
 0003:000344b4       _font14
 0003:000344b8       _font36
 0003:000344bc       _save16
 0003:00034570       _save14
 0003:00034624       _save18
 0003:000346d8       _save36
 0003:0003478c       _currentSize
 0003:00034794       _list
 0003:00034b7c       _gAxisBeginingState
 0003:00034bac       _currentSpeechViv
 0003:00034bd4       _speechfileHeader
 0003:00034bd8       _commentaryActualLevel
 0003:00034bdc       _ginfo
 0003:00034c00       _colourChosen
 0003:00034c40       _engineUpgrade
 0003:00034c44       _slipperySurface
 0003:00034c48       _benchmarkNeeded
 0003:00034c4a       _picked
 0003:00034c58       _hotSpotX2
 0003:00034ca8       _hotSpotX1
 0003:00034cf8       _hotSpotY2
 0003:00034d48       _hotSpotY1
 0003:00034d98       _hotSpotIndex
 0003:00034de8       _mouseSave
 0003:00034dec       _mouseBuffer
 0003:00034df0       _oldMouseX
 0003:00034df4       _oldMouseY
 0003:00034df8       _filename2
 0003:00034ef2       _forceUpdate
 0003:00034ef4       _numHotSpots
 0003:00034efc       _sndstreaminitval
 0003:00034f00       _videoheight
 0003:00034f04       _videoy
 0003:00034f08       _videox
 0003:00034f0c       _timeoutstart
 0003:00034f10       _videowidth
 0003:00034f14       _videodropped
 0003:00034f18       _newframe
 0003:00034f1c       _videoframes
 0003:00034f20       _audioframes
 0003:00034f24       _oldframe
 0003:00034f30       _memclass
 0003:000350b0       __lv
 0003:000350b4       _emptyblock
 0003:000350b8       _doshighwater
 0003:000350bc       _highwater
 0003:000350c0       _tmrsub
 0003:000350e0       _timerresolution
 0003:000350e4       _timerinterval
 0003:000350e8       _timertargettick
 0003:000350ec       _audiotimer
 0003:000350f0       _timersignal
 0003:000350f4       _timerthread
 0003:00035108       _timerident
 0003:0003510c       _timererror
 0003:00035110       _timerrate
 0003:00035114       _biosticks
 0003:00035118       _libticks
 0003:0003511c       _ticks
 0003:00035120       _gpathevent
 0003:00035128       _gpnode
 0003:0003512c       _offsets
 0003:00035130       _gpathstream
 0003:00035134       _gpathstreamsqueued
 0003:00035138       _gpeventlists
 0003:0003513c       _gcurlatency
 0003:0003513e       _glatency
 0003:00035140       _gcurrentnode
 0003:00035142       _gpathcontrol
 0003:00035143       _padpath
 0003:00035150       _mainhandle
 0003:00035154       _mainthread
 0003:00035158       _threadsflag
 0003:0003515c       _winerror
 0003:00035160       _crinc
 0003:00035164       _cbinc
 0003:00035168       _cginc
 0003:0003516c       _rdp
 0003:00035170       _cdp
 0003:00035174       _cindex
 0003:00035178       _crgbp
 0003:0003517c       _gcenter
 0003:00035180       _x
 0003:00035184       _bcenter
 0003:00035188       _colormax
 0003:0003518c       _xsqr
 0003:00035190       _gdp
 0003:00035194       _cdist
 0003:00035198       _rcenter
 0003:0003519c       _rdist
 0003:000351a0       _rrgbp
 0003:000351a4       _grgbp
 0003:000351a8       _gdist
 0003:000351ac       _gstride
 0003:000351b0       _rstride
 0003:000351e8       _systemtasksubs
 0003:000352e8       _async
 0003:000352ec       _asyncthread
 0003:00035300       _closedconnlist
 0003:0003531c       _connectionlist
 0003:00035340       _winkeybuf
 0003:000353c0       _winmsgtbl
 0003:000357c0       _windowthread
 0003:000357d4       _winkeynext
 0003:000357d8       _winkeyfree
 0003:000357dc       _winkeymutex
 0003:000357e0       _winkeybufsize
 0003:000357e4       _audiofocuscall
 0003:000357e8       _keytranslation
 0003:000357ec       _rawkeycode
 0003:000357f0       _registerflag
 0003:00035800       ___MiniHeapFreeRover
 0003:00035804       _modem_recvnotify
 0003:00035808       _serial_recvnotify
 0003:00035810       _chanpri
 0003:00035950       _windriver
 0003:00035954       _msgdriver
 0003:00035958       _currentmode
 0003:0003595c       _msgmode
 0003:00035960       _acdspeed
 0003:00035964       _cdrate
 0003:00035968       _bamfshp
 0003:00035970       _winnumjoysticks
 0003:00035980       _linedgespace
 0003:000363a8       _linmaprowtblheight
 0003:000363ac       _linmaprowtblwidth
 0003:000363b0       _tmaskclutptr
 0003:000363b4       _drawrectcolour
 0003:000363c0       _flatcolour
 0003:000363d0       _lindivtbl
 0003:000373d0       _biglen
 0003:000373d4       _networkbuilders
 0003:000373f4       _networkservices
 0003:00037414       _networkqueue
 0003:00037430       _JAtt
 0003:00037434       _gMemName
 0003:00037438       _JSeg
 0003:0003743c       _pagestart
 0003:00037440       _pMemMan
 0003:00037444       _JLineColour
 0003:00037448       _iCurrent
 0003:0003744c       _mDumpFile
 0003:00037450       _JSegSeq
 0003:00037454       _JSegFlags
 0003:00037458       _gMemBlock
 0003:0003745c       _JSegSize
 0003:00037460       _winprocess
 0003:00037464       _winactiveapp
 0003:00037468       _instancemutex
 0003:0003746c       _winhavequit
 0003:00037470       _windisplay
 0003:000378e0       _winmousey
 0003:000378e4       _winmousex
 0003:000378e8       _winmousemaxy
 0003:000378ec       _winmousemaxx
 0003:000378f0       _winmousevisible
 0003:000378f4       _winmouseminx
 0003:000378f8       _winmouseminy
 0003:000378fc       _winmousebuttons
 0003:00037900       _fadetbl
 0003:00037a00       _fadeclutptr
 0003:00037a04       _fadefalpha
 0003:00037a08       _alphaclutptr
 0003:00037a10       _pathlength
 0003:00037a14       _searchpath
 0003:00037b19       _targetpath
 0003:00037c20       _uvQuant
 0003:00037d20       _uvTableY
 0003:00037f20       _uvTableCb
 0003:00038120       _uvTableCr
 0003:00038b40       _memmanlock
 0003:00038b44       _streamtopupfunc
 0003:00038b50       _wintmrsub
 0003:00038b70       _wintimerthread
 0003:00038b84       _wintimermutex
 0003:00038b88       _chanpub
 0003:00039008       _audiofxbus
 0003:00039018       _banklist
 0003:00039068       _audiomutex
 0003:0003906c       _servertick
 0003:00039070       _audiotick
 0003:00039074       _olddebugprint
 0003:00039076       _instreamservice
 0003:00039077       _audiomastervol
 0003:0003907c       _chanreserved
 0003:00039080       _voicesallocated
 0003:00039084       _SQVd
 0003:00039088       _SQVleft
 0003:0003908c       _SQVs
 0003:00039090       _SQVright
 0003:00039094       _SQVclue
 0003:00039098       ___Is_DLL
 0003:0003909c       ___FirstThreadData
 0003:000390a0       ___ClosedStreams
 0003:000390b0       _screendevice
 0003:000390c0       _enummodecount
 0003:000390c4       _gbppflags
 0003:000390c8       _foundmodes
 0003:000390cc       _original_mode
 0003:000390e0       _currentpalette
 0003:000394e0       __ExitList
 0003:00039560       __ExitCount
 0003:00039564       ___nheap_clean
 0003:00039565       ___fheap_clean
 0003:000395a0       _serialports
 0003:000395e0       _serialthread
 0003:000395f4       _buflen
 0003:000395f8       _first
 0003:000395fc       _count
 0003:00039600       _playpos
 0003:00039604       _writepos
 0003:00039608       _totalbufsize
 0003:0003960c       _framesizeshift
 0003:00039610       _directlatencylimit
 0003:00039614       _totalframes
 0003:00039618       _directlatency
 0003:0003961c       _mixbuffer
 0003:00039620       _dwLen1
 0003:00039624       _directlatencytimeout
 0003:00039630       _lpbuffer
 0003:000396b0       _lpwavehdr
 0003:00039730       _hbuffer
 0003:000397b0       _hwavehdr
 0003:00039830       _outstandingbufs
 0003:00039834       _retrycurrentbuf
 0003:00039838       _latency
 0003:0003983c       _hwaveout
 0003:00039840       _numbufs
 0003:00039844       _framesperbuf
 0003:00039848       _curbuf
 0003:0003984c       _wf
 0003:00039860       _utupstate
 0003:0003b300       _utupalloc
 0003:0003b308       _pmixbufalign
 0003:0003bb10       _prsbufalign
 0003:0003c320       _pupbufalign
 0003:00040480       _mixer
 0003:00042d80       _fxtimeout
 0003:00042d84       _outputframeincr
 0003:00042d88       _mixingrate
 0003:00042d8c       _chanovercallback
 0003:00042d90       _copyfunction
 0003:00042d94       _plastsaved
 0003:00042da4       _reverbmem
 0003:000486b4       _plasttaken
 0003:000486c4       _prevblockmem
 0003:000486d4       _preverbmem
 0003:000486e4       _gainedfeedback
 0003:000486f4       _pbufend
 0003:00048710       _cdromreadcount
 0003:00048714       _cdromreadsector
 0003:00048718       ___OpenStreams
 0003:0004871c       _aiOffset
 0003:00049f5c       _opmover
 0003:00049f60       _depthmover
 0003:00049f64       _currentfont
 0003:0004a020       _finvtbl
 0003:0004b020       _shaperowtbl
 0003:0004bbf0       _shaperowtblheight
 0003:0004bbf4       _shaperowtblwidth
 0003:0004bc00       _asUVtop
 0003:0004be00       _asUVbottom
 0003:0004c000       _asXYleft
 0003:0004c200       _asXYright
 0003:0004c400       _asUVright
 0003:0004c600       _asXYtop
 0003:0004c800       _asUVleft
 0003:0004ca00       _asXYbottom
 0003:0004cc00       _currentclut
 0003:0004d000       _asXYleft
 0003:0004d200       _asXYright
 0003:0004d400       _asXYtop
 0003:0004d600       _asXYbottom
 0003:0004d800       _rowtblend
 0003:0004d810       _sapserver
 0003:0004d884       _net_recvnotify
 0003:0004d890       _libztbl
 0003:0004e890       _yratio
 0003:0004e894       ___ExceptionHandled
 0003:0004e898       _topFileID
 0003:0004e89c       ___FileHandleIDs
 0003:0004e8a0       _IOBSemaphore
 0003:0004e8b0       _FHeapSemaphore
 0003:0004e8c0       _FileSemaphores
 0003:0004e9c0       _NHeapSemaphore
 0003:0004e9d0       _InitSemaphore
 0003:0004e9e0       _TDListSemaphore
 0003:0004e9f0       _FListSemaphore
 0003:0004ea00       ____Argc
 0003:0004ea04       ____Argv
 0003:0004ea08       ___historical_splitparms
 0003:0004ea0c       _xatable
 0003:0004ee0c       _textmaxx
 0003:0004ee10       _textmaxy
 0003:0004ee14       _textminy
 0003:0004ee18       _textminx
 0003:0004ee1c       _xorrectcolour
 0003:0004ee20       _joy1y
 0003:0004ee24       _joy1x
 0003:0004ee28       _joy0y
 0003:0004ee2c       _joy0x
 0003:0004ee30       ___thread_data_list
 0003:0004ee34       _s8toftable


Program entry point at 0001:000872e6
